Archive member included because of file (symbol)

c:/devkitPro/libnds/lib\libnds9.a(console.o)
                              main.o (consoleInitDefault)
c:/devkitPro/libnds/lib\libnds9.a(touch.o)
                              main.o (touchReadXY)
c:/devkitPro/libnds/lib\libnds9.a(video.o)
                              main.o (vramSetBankC)
c:/devkitPro/libnds/lib\libnds9.a(interrupts.o)
                              main.o (irqSet)
c:/devkitPro/libnds/lib\libnds9.a(biosCalls.o)
                              main.o (swiWaitForVBlank)
c:/devkitPro/libnds/lib\libnds9.a(interruptDispatcher.o)
                              c:/devkitPro/libnds/lib\libnds9.a(interrupts.o) (IntrMain)
c:/devkitPro/libnds/lib\libnds9.a(default_font.o)
                              c:/devkitPro/libnds/lib\libnds9.a(console.o) (default_font_bin)
c:/devkitpro/devkitarm/bin/../lib/gcc/arm-eabi/4.1.1/thumb\libgcc.a(_udivsi3.o)
                              _consoleWriteLog.o (__aeabi_uidiv)
c:/devkitpro/devkitarm/bin/../lib/gcc/arm-eabi/4.1.1/thumb\libgcc.a(_dvmd_tls.o)
                              c:/devkitpro/devkitarm/bin/../lib/gcc/arm-eabi/4.1.1/thumb\libgcc.a(_udivsi3.o) (__div0)
c:/devkitpro/devkitarm/bin/../lib/gcc/arm-eabi/4.1.1/thumb\libgcc.a(_call_via_rX.o)
                              c:/devkitpro/devkitarm/bin/../lib/gcc/arm-eabi/4.1.1/../../../../arm-eabi/lib/thumb/ds_arm9_crt0.o (_call_via_r3)
c:/devkitpro/devkitarm/bin/../lib/gcc/arm-eabi/4.1.1/thumb\libgcc.a(_addsubdf3.o)
                              smidlib_pch.o (__aeabi_dadd)
c:/devkitpro/devkitarm/bin/../lib/gcc/arm-eabi/4.1.1/thumb\libgcc.a(_cmpdf2.o)
                              smidlib_pch.o (__aeabi_dcmpeq)
c:/devkitpro/devkitarm/bin/../lib/gcc/arm-eabi/4.1.1/thumb\libgcc.a(_addsubsf3.o)
                              smidlib_pch.o (__aeabi_fadd)
c:/devkitpro/devkitarm/bin/../lib/gcc/arm-eabi/4.1.1/thumb\libgcc.a(_muldivsf3.o)
                              smidlib_pch.o (__aeabi_fmul)
c:/devkitpro/devkitarm/bin/../lib/gcc/arm-eabi/4.1.1/thumb\libgcc.a(_fixunssfsi.o)
                              smidlib_pch.o (__aeabi_f2uiz)
c:/devkitpro/devkitarm/bin/../lib/gcc/arm-eabi/4.1.1/../../../../arm-eabi/lib/thumb\libg.a(lib_a-impure.o)
                              c:/devkitPro/libnds/lib\libnds9.a(console.o) (_impure_ptr)
c:/devkitpro/devkitarm/bin/../lib/gcc/arm-eabi/4.1.1/../../../../arm-eabi/lib/thumb\libg.a(lib_a-init.o)
                              c:/devkitpro/devkitarm/bin/../lib/gcc/arm-eabi/4.1.1/../../../../arm-eabi/lib/thumb/ds_arm9_crt0.o (__libc_init_array)
c:/devkitpro/devkitarm/bin/../lib/gcc/arm-eabi/4.1.1/../../../../arm-eabi/lib/thumb\libg.a(lib_a-iprintf.o)
                              main.o (iprintf)
c:/devkitpro/devkitarm/bin/../lib/gcc/arm-eabi/4.1.1/../../../../arm-eabi/lib/thumb\libg.a(lib_a-memcpy.o)
                              disc_io.o (memcpy)
c:/devkitpro/devkitarm/bin/../lib/gcc/arm-eabi/4.1.1/../../../../arm-eabi/lib/thumb\libg.a(lib_a-memmove.o)
                              gba_nds_fat.o (memmove)
c:/devkitpro/devkitarm/bin/../lib/gcc/arm-eabi/4.1.1/../../../../arm-eabi/lib/thumb\libg.a(lib_a-setvbuf.o)
                              c:/devkitPro/libnds/lib\libnds9.a(console.o) (setvbuf)
c:/devkitpro/devkitarm/bin/../lib/gcc/arm-eabi/4.1.1/../../../../arm-eabi/lib/thumb\libg.a(lib_a-siscanf.o)
                              c:/devkitPro/libnds/lib\libnds9.a(console.o) (siscanf)
c:/devkitpro/devkitarm/bin/../lib/gcc/arm-eabi/4.1.1/../../../../arm-eabi/lib/thumb\libg.a(lib_a-strlen.o)
                              c:/devkitpro/devkitarm/bin/../lib/gcc/arm-eabi/4.1.1/../../../../arm-eabi/lib/thumb\libg.a(lib_a-siscanf.o) (strlen)
c:/devkitpro/devkitarm/bin/../lib/gcc/arm-eabi/4.1.1/../../../../arm-eabi/lib/thumb\libg.a(lib_a-strpbrk.o)
                              gba_nds_fat.o (strpbrk)
c:/devkitpro/devkitarm/bin/../lib/gcc/arm-eabi/4.1.1/../../../../arm-eabi/lib/thumb\libg.a(lib_a-vfiprintf.o)
                              c:/devkitpro/devkitarm/bin/../lib/gcc/arm-eabi/4.1.1/../../../../arm-eabi/lib/thumb\libg.a(lib_a-iprintf.o) (_vfiprintf_r)
c:/devkitpro/devkitarm/bin/../lib/gcc/arm-eabi/4.1.1/../../../../arm-eabi/lib/thumb\libg.a(lib_a-vfiscanf.o)
                              c:/devkitpro/devkitarm/bin/../lib/gcc/arm-eabi/4.1.1/../../../../arm-eabi/lib/thumb\libg.a(lib_a-siscanf.o) (__svfiscanf_r)
c:/devkitpro/devkitarm/bin/../lib/gcc/arm-eabi/4.1.1/../../../../arm-eabi/lib/thumb\libg.a(lib_a-wcrtomb.o)
                              c:/devkitpro/devkitarm/bin/../lib/gcc/arm-eabi/4.1.1/../../../../arm-eabi/lib/thumb\libg.a(lib_a-vfiprintf.o) (_wcrtomb_r)
c:/devkitpro/devkitarm/bin/../lib/gcc/arm-eabi/4.1.1/../../../../arm-eabi/lib/thumb\libg.a(lib_a-wcsrtombs.o)
                              c:/devkitpro/devkitarm/bin/../lib/gcc/arm-eabi/4.1.1/../../../../arm-eabi/lib/thumb\libg.a(lib_a-vfiprintf.o) (_wcsrtombs_r)
[...]
Memory Configuration

Name             Origin             Length             Attributes
rom              0x08000000         0x02000000
ewram            0x02000000         0x007ff000
dtcm             0x0b000000         0x00004000
itcm             0x01000000         0x00008000
*default*        0x00000000         0xffffffff

Linker script and memory map

                0x01000000                __itcm_start = 0x1000000
                0x027ff000                __ewram_end = 0x27ff000
                0x027ff000                __eheap_end = 0x27ff000
                0x0b000000                __dtcm_start = 0xb000000
                0x0b004000                __dtcm_top = 0xb004000
                0x0b003ff8                __irq_flags = (__dtcm_top - 0x8)
                0x0b003ffc                __irq_vector = (__dtcm_top - 0x4)
                0x0b003f00                __sp_svc = (__dtcm_top - 0x100)
                0x0b003e00                __sp_irq = (__sp_svc - 0x100)
                0x0b003d00                __sp_usr = (__sp_irq - 0x100)

.init           0x02000000      0x22c
                0x02000000                __text_start = .
 *(.init)
 .init          0x02000000      0x220 c:/devkitpro/devkitarm/bin/../lib/gcc/arm-eabi/4.1.1/../../../../arm-eabi/lib/thumb/ds_arm9_crt0.o
                0x02000000                _start
 .init          0x02000220        0x4 c:/devkitpro/devkitarm/bin/../lib/gcc/arm-eabi/4.1.1/thumb/crti.o
                0x02000220                _init
 .init          0x02000224        0x8 c:/devkitpro/devkitarm/bin/../lib/gcc/arm-eabi/4.1.1/thumb/crtn.o
                0x0200022c                . = ALIGN (0x4)

.plt
 *(.plt)

.text           0x02000230     0xae6c
 *(EXCLUDE_FILE(*.itcm*) .text)
 .text          0x02000230        0x0 c:/devkitpro/devkitarm/bin/../lib/gcc/arm-eabi/4.1.1/../../../../arm-eabi/lib/thumb/ds_arm9_crt0.o
 .text          0x02000230        0x0 c:/devkitpro/devkitarm/bin/../lib/gcc/arm-eabi/4.1.1/thumb/crti.o
 .text          0x02000230       0x70 c:/devkitpro/devkitarm/bin/../lib/gcc/arm-eabi/4.1.1/thumb/crtbegin.o
 .text          0x020002a0        0x0 powtbl.o
 .text          0x020002a0        0x0 sintbl.o
 .text          0x020002a0      0x164 _console.o
                0x020002e0                _consolePrintChar(char)
                0x020002a4                _consolePrintSet
                0x020003c0                _consoleClear()
                0x020002a0                _consoleInitDefault(unsigned short*, unsigned short*, unsigned char)
                0x020002d4                _consoleGetPrintSetY
 .text          0x02000404       0x70 _consoleWriteLog.o
                0x02000404                PrfStart
                0x0200042c                PrfEnd
 .text          0x02000474      0x19c disc_io.o
                0x020004dc                disc_CacheReadSector(void*, unsigned long)
                0x02000474                disc_ReadSectors(unsigned long, unsigned char, void*)
                0x02000494                disc_WriteSectors(unsigned long, unsigned char, void*)
                0x020004c8                disc_WriteSector(unsigned long, void*)
                0x020004b4                disc_ReadSector(unsigned long, void*)
 .text          0x02000610      0xd8c gba_nds_fat.o
                0x02000610                ucase(char)
                0x02001090                FAT_fopen(char const*, char const*)
                0x02001228                FAT_WriteFatEntry(unsigned long, unsigned long)
                0x020006b4                FAT_NextCluster(unsigned long)
                0x020007d8                FAT_GetDirEntry(unsigned long, int, int)
                0x0200062c                FAT_GetFilename(DIR_ENT, char*)
                0x020011dc                FAT_FirstFreeCluster()
                0x02000d88                FAT_DirEntFromPath(char const*)
 .text          0x0200139c      0x364 inifile.o
                0x0200139c                InitINI()
                0x020013c8                LoadINI(char*, int)
 .text          0x02001700      0xb3c main.o
                0x02001c08                SetPosOffset(long)
                0x020017f8                GetPosMax()
                0x02001814                GetSampleRate()
                0x02001b58                Vblank()
                0x02001b50                GetInfoStrW(int, unsigned short*, int)
                0x0200182c                GetInfoIndexCount()
                0x02001804                GetPosOffset()
                0x02001708                cbQueryInterfaceLibrary()
                0x0200214c                main
                0x02001820                GetSamplePerFrame()
                0x0200170c                Start_InitStackBuf()
                0x02001700                cbLoadLibrary()
                0x02001d04                Start(int)
                0x02001884                GetInfoStrL(int, char*, int)
                0x02001810                GetChannelCount()
                0x02001b54                GetInfoStrUTF8(int, char*, int)
                0x02001c78                Free()
                0x02001704                cbFreeLibrary()
 .text          0x0200223c       0x2c plugin_dll.o
                0x0200223c                QueryInterfaceLibrary
                0x02002250                LoadLibrary
                0x02002240                FreeLibrary
 .text          0x02002268      0x1a4 rcplib.o
                0x02002300                rcplibNextClock(bool, bool, int)
                0x02002268                rcplibSetParam(unsigned char*, unsigned long, unsigned long, unsigned long, unsigned long)
                0x020023b0                rcplibFree()
                0x0200228c                rcplibAllSoundOff()
                0x0200229c                rcplibGetNearClock()
                0x020023c8                rcplibStart()
 .text          0x0200240c      0xa2c rcplib_rcp.o
                0x02002478                RCP_Free()
                0x02002524                RCP_isAllTrackEOF()
                0x0200240c                RCP_Init()
                0x0200285c                RCP_GetSamplePerClockFix16()
                0x02002a58                RCP_ProcRCP(bool, bool, TRCP_Track*)
                0x02002560                RCP_LoadRCP(unsigned char*, unsigned long)
 .text          0x02002e38       0x18 shell.o
                0x02002e38                Shell_SkinOpenFile(char const*)
 .text          0x02002e50      0x1e8 smidlib.o
                0x02002e84                smidlibGetNearClock()
                0x02002ed8                smidlibNextClock(bool, bool, int)
                0x02002e50                smidlibSetParam(unsigned char*, unsigned long, unsigned long, unsigned long, unsigned long)
                0x02002ec8                smidlibAllSoundOff()
                0x02002f98                smidlibFree()
                0x02002fb0                smidlibStart()
 .text          0x02003038      0x410 smidlib_mtrk.o
                0x02003238                MTRK_NoteOn_LoadProgram(unsigned long, unsigned long, unsigned long)
                0x0200310c                MTRK_SetProgram(unsigned long, unsigned long)
                0x02003098                MTRKCC_Init()
                0x02003108                MTRKCC_Free()
                0x0200315c                MTRK_NoteOff(unsigned long, unsigned long, unsigned long)
                0x020032a8                MTRK_ChangePitchBend(unsigned long, long)
                0x02003184                MTRK_NoteOn(unsigned long, unsigned long, unsigned long, unsigned long)
                0x02003148                MTRK_SetExMap(unsigned long, unsigned long)
                0x02003300                MTRKCC_Proc(unsigned long, unsigned char, unsigned char)
 .text          0x02003448     0x1930 smidlib_pch.o
                0x02003730                PCH_LoadProgram(long, unsigned long, unsigned long, bool)
                0x020036a0                PCH_FreeProgramMap()
                0x02003d0c                PCH_NextClock()
                0x02004d5c                PCH_isDrumMap(unsigned long)
                0x02004a64                PCH_PedalOn(unsigned long)
                0x02004b4c                PCH_RequestRender(unsigned long)
                0x02003ca8                PCH_AllSoundOff()
                0x02004294                PCH_ChangePanpot(unsigned long, unsigned long)
                0x02004d00                PCH_GT_DecClock(unsigned long)
                0x02004ca4                PCH_GetReverb(unsigned long)
                0x02004c9c                PCH_Render(unsigned long, long*, unsigned long)
                0x02004ca0                PCH_RenderEnd()
                0x02004aa4                PCH_PedalOff(unsigned long)
                0x0200499c                PCH_NoteOff(unsigned long, unsigned long, bool)
                0x020045a0                PCH_NoteOn(unsigned long, unsigned long, long, long, unsigned long, unsigned long, unsigned long, unsigned long, unsigned long, unsigned long, unsigned long, bool, unsigned long)
                0x020042fc                PCH_ChangeModLevel(unsigned long, unsigned long)
                0x02004cb8                PCH_GT_GetNearClock()
                0x02003c9c                PCH_Free()
                0x0200401c                PCH_ChangeVolume(unsigned long, unsigned long)
                0x02004b94                PCH_RenderStart(unsigned long)
                0x02003cd0                PCH_AllNoteOff(unsigned long)
                0x02003c18                PCH_Init(unsigned long, unsigned long, unsigned long, unsigned long)
                0x02004100                PCH_ChangeExpression(unsigned long, unsigned long)
                0x020041e4                PCH_ChangePitchBend(unsigned long, long)
                0x020034a4                PCH_SetProgramMap(int)
 .text          0x02004d78      0x9c0 smidlib_sm.o
                0x02005160                SM_GetSamplePerClockFix16()
                0x02004d78                SM_Init()
                0x02005138                SM_GetDeltaTime(TSM_Track*)
                0x02005534                SM_LoadStdMIDI(unsigned char*, unsigned long)
                0x02005104                SM_isAllTrackEOF()
                0x0200547c                SM_ProcStdMIDI(bool, bool, TSM_Track*)
                0x02004db8                SM_Free()
                0x02004e14                SM_ProcMetaEvent(TSM_Track*)
 .text          0x02005738        0x4 test.o
                0x02005738                test()
 .text          0x0200573c        0x0 ttacdec.o
 .text          0x0200573c      0x580 c:/devkitPro/libnds/lib\libnds9.a(console.o)
                0x02005ab8                con_write
                0x020058e8                consoleInit
                0x020057a4                consolePrintChar
                0x020058d4                consoleClear
                0x02005a70                consoleDemoInit
                0x02005a4c                consoleInitDefault
 .text          0x02005cbc       0x1c c:/devkitPro/libnds/lib\libnds9.a(touch.o)
                0x02005cbc                touchReadXY
 .text          0x02005cd8      0x110 c:/devkitPro/libnds/lib\libnds9.a(video.o)
                0x02005d98                vramSetBankF
                0x02005d28                vramRestoreMainBanks
                0x02005dc0                vramSetBankH
                0x02005d70                vramSetBankD
                0x02005d84                vramSetBankE
                0x02005dac                vramSetBankG
                0x02005d1c                vramRestorMainBanks
                0x02005d48                vramSetBankB
                0x02005d5c                vramSetBankC
                0x02005dd4                vramSetBankI
                0x02005cd8                vramSetMainBanks
                0x02005d34                vramSetBankA
 .text          0x02005de8      0x208 c:/devkitPro/libnds/lib\libnds9.a(interrupts.o)
                0x02005f50                irqEnable
                0x02005dec                irqSet
                0x02005fa4                irqDisable
                0x02005e54                irqInit
                0x02005de8                irqDummy
                0x02005f20                irqInitHandler
                0x02005ea0                irqClear
 .text          0x02005ff0       0x70 c:/devkitPro/libnds/lib\libnds9.a(biosCalls.o)
                0x02006000                swiSleep
                0x0200603a                swiDecompressLZSSVram
                0x02006022                swiFastCopy
                0x02006026                swiSqrt
                0x02005ff0                swiSoftReset
                0x0200602a                swiCRC16
                0x0200603e                swiDecompressHuffman
                0x02006056                swiSetHaltCR
                0x0200600c                swiRemainder
                0x02006032                swiUnpackBits
                0x02006036                swiDecompressLZSSWram
                0x02006052                swiDecodeDelta16
                0x02005ff4                swiDelay
                0x02006012                swiDivMod
                0x02006046                swiDecompressRLEVram
                0x02006042                swiDecompressRLEWram
                0x0200604e                swiDecodeDelta8
                0x02006008                swiDivide
                0x02006004                swiChangeSoundBias
                0x02005ffc                swiWaitForVBlank
                0x02005ff8                swiIntrWait
                0x0200602e                swiIsDebugger
                0x0200604a                swiWaitForIRQ
                0x0200601e                swiCopy
 .text          0x02006060        0x0 c:/devkitPro/libnds/lib\libnds9.a(interruptDispatcher.o)
 .text          0x02006060        0x0 c:/devkitPro/libnds/lib\libnds9.a(default_font.o)
 .text          0x02006060       0x8c c:/devkitpro/devkitarm/bin/../lib/gcc/arm-eabi/4.1.1/thumb\libgcc.a(_udivsi3.o)
                0x02006060                __udivsi3
                0x02006060                __aeabi_uidiv
                0x020060dc                __aeabi_uidivmod
 .text          0x020060ec        0x4 c:/devkitpro/devkitarm/bin/../lib/gcc/arm-eabi/4.1.1/thumb\libgcc.a(_dvmd_tls.o)
                0x020060ec                __aeabi_ldiv0
                0x020060ec                __div0
                0x020060ec                __aeabi_idiv0
 .text          0x020060f0       0x3c c:/devkitpro/devkitarm/bin/../lib/gcc/arm-eabi/4.1.1/thumb\libgcc.a(_call_via_rX.o)
                0x020060f8                _call_via_r2
                0x02006108                _call_via_r6
                0x02006104                _call_via_r5
                0x020060fc                _call_via_r3
                0x0200611c                _call_via_fp
                0x02006110                _call_via_r8
                0x0200610c                _call_via_r7
                0x020060f0                _call_via_r0
                0x02006118                _call_via_sl
                0x02006124                _call_via_sp
                0x02006114                _call_via_r9
                0x02006100                _call_via_r4
                0x020060f4                _call_via_r1
                0x02006120                _call_via_ip
                0x02006128                _call_via_lr
 .text          0x0200612c      0x41c c:/devkitpro/devkitarm/bin/../lib/gcc/arm-eabi/4.1.1/thumb\libgcc.a(_addsubdf3.o)
                0x020064e8                __floatdidf
                0x0200646c                __floatsidf
                0x02006448                __aeabi_ui2d
                0x0200612c                __aeabi_drsub
                0x02006494                __extendsfdf2
                0x02006138                __adddf3
                0x02006448                __floatunsidf
                0x02006138                __aeabi_dadd
                0x020064d4                __aeabi_ul2d
                0x02006134                __aeabi_dsub
                0x020064d4                __floatundidf
                0x0200646c                __aeabi_i2d
                0x020064e8                __aeabi_l2d
                0x02006494                __aeabi_f2d
                0x02006134                __subdf3
 .text          0x02006548      0x140 c:/devkitpro/devkitarm/bin/../lib/gcc/arm-eabi/4.1.1/thumb\libgcc.a(_cmpdf2.o)
                0x02006640                __aeabi_dcmple
                0x02006558                __cmpdf2
                0x02006558                __eqdf2
                0x02006548                __gtdf2
                0x020065f8                __aeabi_cdcmple
                0x020065dc                __aeabi_cdrcmple
                0x02006550                __ltdf2
                0x02006628                __aeabi_dcmplt
                0x02006550                __ledf2
                0x02006670                __aeabi_dcmpgt
                0x02006658                __aeabi_dcmpge
                0x02006558                __nedf2
                0x02006610                __aeabi_dcmpeq
                0x020065f8                __aeabi_cdcmpeq
                0x02006548                __gedf2
 .text          0x02006688      0x2ac c:/devkitpro/devkitarm/bin/../lib/gcc/arm-eabi/4.1.1/thumb\libgcc.a(_addsubsf3.o)
                0x02006694                __aeabi_fadd
                0x02006690                __subsf3
                0x02006858                __aeabi_i2f
                0x02006690                __aeabi_fsub
                0x02006888                __floatdisf
                0x02006858                __floatsisf
                0x02006878                __floatundisf
                0x02006850                __aeabi_ui2f
                0x02006888                __aeabi_l2f
                0x02006878                __aeabi_ul2f
                0x02006688                __aeabi_frsub
                0x02006850                __floatunsisf
                0x02006694                __addsf3
 .text          0x02006934      0x2f8 c:/devkitpro/devkitarm/bin/../lib/gcc/arm-eabi/4.1.1/thumb\libgcc.a(_muldivsf3.o)
                0x02006acc                __divsf3
                0x02006acc                __aeabi_fdiv
                0x02006934                __mulsf3
                0x02006934                __aeabi_fmul
 .text          0x02006c2c       0x54 c:/devkitpro/devkitarm/bin/../lib/gcc/arm-eabi/4.1.1/thumb\libgcc.a(_fixunssfsi.o)
                0x02006c2c                __aeabi_f2uiz
                0x02006c2c                __fixunssfsi
 .text          0x02006c80        0x0 c:/devkitpro/devkitarm/bin/../lib/gcc/arm-eabi/4.1.1/../../../../arm-eabi/lib/thumb\libg.a(lib_a-impure.o)
 .text          0x02006c80       0x88 c:/devkitpro/devkitarm/bin/../lib/gcc/arm-eabi/4.1.1/../../../../arm-eabi/lib/thumb\libg.a(lib_a-init.o)
                0x02006cb0                __libc_init_array
                0x02006c80                __libc_fini_array
 .text          0x02006d08       0x40 c:/devkitpro/devkitarm/bin/../lib/gcc/arm-eabi/4.1.1/../../../../arm-eabi/lib/thumb\libg.a(lib_a-iprintf.o)
                0x02006d08                _iprintf_r
                0x02006d24                iprintf
 .text          0x02006d48       0x5c c:/devkitpro/devkitarm/bin/../lib/gcc/arm-eabi/4.1.1/../../../../arm-eabi/lib/thumb\libg.a(lib_a-memcpy.o)
                0x02006d48                memcpy
 .text          0x02006da4       0x84 c:/devkitpro/devkitarm/bin/../lib/gcc/arm-eabi/4.1.1/../../../../arm-eabi/lib/thumb\libg.a(lib_a-memmove.o)
                0x02006da4                memmove
 .text          0x02006e28      0x108 c:/devkitpro/devkitarm/bin/../lib/gcc/arm-eabi/4.1.1/../../../../arm-eabi/lib/thumb\libg.a(lib_a-setvbuf.o)
                0x02006e28                setvbuf
 .text          0x02006f30       0xac c:/devkitpro/devkitarm/bin/../lib/gcc/arm-eabi/4.1.1/../../../../arm-eabi/lib/thumb\libg.a(lib_a-siscanf.o)
                0x02006f34                _siscanf_r
                0x02006f8c                siscanf
 .text          0x02006fdc       0x50 c:/devkitpro/devkitarm/bin/../lib/gcc/arm-eabi/4.1.1/../../../../arm-eabi/lib/thumb\libg.a(lib_a-strlen.o)
                0x02006fdc                strlen
 .text          0x0200702c       0x2c c:/devkitpro/devkitarm/bin/../lib/gcc/arm-eabi/4.1.1/../../../../arm-eabi/lib/thumb\libg.a(lib_a-strpbrk.o)
                0x0200702c                strpbrk
 .text          0x02007058      0xcdc c:/devkitpro/devkitarm/bin/../lib/gcc/arm-eabi/4.1.1/../../../../arm-eabi/lib/thumb\libg.a(lib_a-vfiprintf.o)
                0x02007d10                vfiprintf
                0x02007078                _vfiprintf_r
 .text          0x02007d34      0x9a0 c:/devkitpro/devkitarm/bin/../lib/gcc/arm-eabi/4.1.1/../../../../arm-eabi/lib/thumb\libg.a(lib_a-vfiscanf.o)
                0x02008668                _vfiscanf_r
                0x02008698                vfiscanf
                0x02007d34                __svfiscanf_r
                0x02008644                __svfiscanf
 .text          0x020086d4       0x58 c:/devkitpro/devkitarm/bin/../lib/gcc/arm-eabi/4.1.1/../../../../arm-eabi/lib/thumb\libg.a(lib_a-wcrtomb.o)
                0x020086d4                _wcrtomb_r
                0x02008708                wcrtomb
 .text          0x0200872c      0x104 c:/devkitpro/devkitarm/bin/../lib/gcc/arm-eabi/4.1.1/../../../../arm-eabi/lib/thumb\libg.a(lib_a-wcsrtombs.o)
                0x0200872c                _wcsrtombs_r
                0x02008808                wcsrtombs
 .text          0x02008830      0x2c8 c:/devkitpro/devkitarm/bin/../lib/gcc/arm-eabi/4.1.1/../../../../arm-eabi/lib/thumb\libg.a(lib_a-wctomb_r.o)
                0x02008830                _wctomb_r
 .text          0x02008af8       0xb0 c:/devkitpro/devkitarm/bin/../lib/gcc/arm-eabi/4.1.1/../../../../arm-eabi/lib/thumb\libg.a(lib_a-wsetup.o)
                0x02008af8                __swsetup
 .text          0x02008ba8        0x0 c:/devkitpro/devkitarm/bin/../lib/gcc/arm-eabi/4.1.1/../../../../arm-eabi/lib/thumb\libg.a(lib_a-ctype_.o)
 .text          0x02008ba8      0x10c c:/devkitpro/devkitarm/bin/../lib/gcc/arm-eabi/4.1.1/../../../../arm-eabi/lib/thumb\libg.a(lib_a-fflush.o)
                0x02008ba8                fflush
 .text          0x02008cb4      0x1cc c:/devkitpro/devkitarm/bin/../lib/gcc/arm-eabi/4.1.1/../../../../arm-eabi/lib/thumb\libg.a(lib_a-findfp.o)
                0x02008cfc                __sinit
                0x02008dc4                __sfmoreglue
                0x02008dac                _cleanup
                0x02008d98                _cleanup_r
                0x02008d7c                __fp_lock_all
                0x02008cec                __sfp_lock_acquire
                0x02008dfc                __sfp
                0x02008cf8                __sinit_lock_release
                0x02008d60                __fp_unlock_all
                0x02008cf0                __sfp_lock_release
                0x02008cf4                __sinit_lock_acquire
 .text          0x02008e80      0x170 c:/devkitpro/devkitarm/bin/../lib/gcc/arm-eabi/4.1.1/../../../../arm-eabi/lib/thumb\libg.a(lib_a-fread.o)
                0x02008fc8                fread
                0x02008e80                _fread_r
 .text          0x02008ff0      0x270 c:/devkitpro/devkitarm/bin/../lib/gcc/arm-eabi/4.1.1/../../../../arm-eabi/lib/thumb\libg.a(lib_a-freer.o)
                0x02009094                _free_r
                0x02008ff0                _malloc_trim_r
 .text          0x02009260      0x2bc c:/devkitpro/devkitarm/bin/../lib/gcc/arm-eabi/4.1.1/../../../../arm-eabi/lib/thumb\libg.a(lib_a-fvwrite.o)
                0x02009260                __sfvwrite_r
 .text          0x0200951c       0xd4 c:/devkitpro/devkitarm/bin/../lib/gcc/arm-eabi/4.1.1/../../../../arm-eabi/lib/thumb\libg.a(lib_a-fwalk.o)
                0x02009588                _fwalk
                0x0200951c                _fwalk_reent
 .text          0x020095f0       0x20 c:/devkitpro/devkitarm/bin/../lib/gcc/arm-eabi/4.1.1/../../../../arm-eabi/lib/thumb\libg.a(lib_a-iswspace.o)
                0x020095f0                iswspace
 .text          0x02009610       0x90 c:/devkitpro/devkitarm/bin/../lib/gcc/arm-eabi/4.1.1/../../../../arm-eabi/lib/thumb\libg.a(lib_a-locale.o)
                0x0200963c                _setlocale_r
                0x02009610                __locale_charset
                0x0200961c                _localeconv_r
                0x02009684                setlocale
                0x02009624                localeconv
 .text          0x020096a0       0xe4 c:/devkitpro/devkitarm/bin/../lib/gcc/arm-eabi/4.1.1/../../../../arm-eabi/lib/thumb\libg.a(lib_a-makebuf.o)
                0x020096a0                __smakebuf
 .text          0x02009784       0x30 c:/devkitpro/devkitarm/bin/../lib/gcc/arm-eabi/4.1.1/../../../../arm-eabi/lib/thumb\libg.a(lib_a-malloc.o)
                0x0200979c                malloc
                0x02009784                free
 .text          0x020097b4      0x54c c:/devkitpro/devkitarm/bin/../lib/gcc/arm-eabi/4.1.1/../../../../arm-eabi/lib/thumb\libg.a(lib_a-mallocr.o)
                0x020097b4                _malloc_r
 .text          0x02009d00       0x64 c:/devkitpro/devkitarm/bin/../lib/gcc/arm-eabi/4.1.1/../../../../arm-eabi/lib/thumb\libg.a(lib_a-mbrtowc.o)
                0x02009d3c                mbrtowc
                0x02009d00                _mbrtowc_r
 .text          0x02009d64       0x3c c:/devkitpro/devkitarm/bin/../lib/gcc/arm-eabi/4.1.1/../../../../arm-eabi/lib/thumb\libg.a(lib_a-mbtowc_r.o)
                0x02009d64                _mbtowc_r
 .text          0x02009da0       0xb4 c:/devkitpro/devkitarm/bin/../lib/gcc/arm-eabi/4.1.1/../../../../arm-eabi/lib/thumb\libg.a(lib_a-memchr.o)
                0x02009da0                memchr
 .text          0x02009e54       0x60 c:/devkitpro/devkitarm/bin/../lib/gcc/arm-eabi/4.1.1/../../../../arm-eabi/lib/thumb\libg.a(lib_a-memset.o)
                0x02009e54                memset
 .text          0x02009eb4        0x8 c:/devkitpro/devkitarm/bin/../lib/gcc/arm-eabi/4.1.1/../../../../arm-eabi/lib/thumb\libg.a(lib_a-mlock.o)
                0x02009eb8                __malloc_unlock
                0x02009eb4                __malloc_lock
 .text          0x02009ebc      0x3d4 c:/devkitpro/devkitarm/bin/../lib/gcc/arm-eabi/4.1.1/../../../../arm-eabi/lib/thumb\libg.a(lib_a-reallocr.o)
                0x02009ebc                _realloc_r
 .text          0x0200a290      0x124 c:/devkitpro/devkitarm/bin/../lib/gcc/arm-eabi/4.1.1/../../../../arm-eabi/lib/thumb\libg.a(lib_a-refill.o)
                0x0200a2ac                __srefill_r
 .text          0x0200a3b4       0x2c c:/devkitpro/devkitarm/bin/../lib/gcc/arm-eabi/4.1.1/../../../../arm-eabi/lib/thumb\libg.a(lib_a-sbrkr.o)
                0x0200a3b4                _sbrk_r
 .text          0x0200a3e0       0x7c c:/devkitpro/devkitarm/bin/../lib/gcc/arm-eabi/4.1.1/../../../../arm-eabi/lib/thumb\libg.a(lib_a-sccl.o)
                0x0200a3e0                __sccl
 .text          0x0200a45c       0xe0 c:/devkitpro/devkitarm/bin/../lib/gcc/arm-eabi/4.1.1/../../../../arm-eabi/lib/thumb\libg.a(lib_a-stdio.o)
                0x0200a478                __sseek
                0x0200a500                __sread
                0x0200a45c                __sclose
                0x0200a4b8                __swrite
 .text          0x0200a53c       0x68 c:/devkitpro/devkitarm/bin/../lib/gcc/arm-eabi/4.1.1/../../../../arm-eabi/lib/thumb\libg.a(lib_a-strcmp.o)
                0x0200a53c                strcmp
 .text          0x0200a5a4      0x16c c:/devkitpro/devkitarm/bin/../lib/gcc/arm-eabi/4.1.1/../../../../arm-eabi/lib/thumb\libg.a(lib_a-strtol.o)
                0x0200a6ec                strtol
                0x0200a5a4                _strtol_r
 .text          0x0200a710      0x170 c:/devkitpro/devkitarm/bin/../lib/gcc/arm-eabi/4.1.1/../../../../arm-eabi/lib/thumb\libg.a(lib_a-strtoul.o)
                0x0200a85c                strtoul
                0x0200a710                _strtoul_r
 .text          0x0200a880      0x170 c:/devkitpro/devkitarm/bin/../lib/gcc/arm-eabi/4.1.1/../../../../arm-eabi/lib/thumb\libg.a(lib_a-ungetc.o)
                0x0200a9d4                ungetc
                0x0200a880                __submore
                0x0200a8fc                _ungetc_r
 .text          0x0200a9f0       0x30 c:/devkitpro/devkitarm/bin/../lib/gcc/arm-eabi/4.1.1/../../../../arm-eabi/lib/thumb\libg.a(lib_a-writer.o)
                0x0200a9f0                _write_r
 .text          0x0200aa20       0x2c c:/devkitpro/devkitarm/bin/../lib/gcc/arm-eabi/4.1.1/../../../../arm-eabi/lib/thumb\libg.a(lib_a-closer.o)
                0x0200aa20                _close_r
 .text          0x0200aa4c       0xc4 c:/devkitpro/devkitarm/bin/../lib/gcc/arm-eabi/4.1.1/../../../../arm-eabi/lib/thumb\libg.a(lib_a-fclose.o)
                0x0200aa4c                _fclose_r
                0x0200aaf4                fclose
 .text          0x0200ab10       0x30 c:/devkitpro/devkitarm/bin/../lib/gcc/arm-eabi/4.1.1/../../../../arm-eabi/lib/thumb\libg.a(lib_a-fstatr.o)
                0x0200ab10                _fstat_r
 .text          0x0200ab40       0x30 c:/devkitpro/devkitarm/bin/../lib/gcc/arm-eabi/4.1.1/../../../../arm-eabi/lib/thumb\libg.a(lib_a-lseekr.o)
                0x0200ab40                _lseek_r
 .text          0x0200ab70       0x30 c:/devkitpro/devkitarm/bin/../lib/gcc/arm-eabi/4.1.1/../../../../arm-eabi/lib/thumb\libg.a(lib_a-readr.o)
                0x0200ab70                _read_r
 .text          0x0200aba0      0x118 c:/devkitpro/devkitarm/bin/../lib/gcc/arm-eabi/4.1.1/../../../../arm-eabi/lib/thumb\libg.a(lib_a-reent.o)
                0x0200abf0                cleanup_glue
                0x0200ac14                _reclaim_reent
                0x0200aba0                _wrapup_reent
 .text          0x0200acb8      0x120 c:/devkitpro/devkitarm/bin/../lib/gcc/arm-eabi/4.1.1/../../../../arm-eabi/lib/thumb\libsysbase.a(iosupport.o)
                0x0200adac                RemoveDevice
                0x0200acb8                setDefaultDevice
                0x0200accc                AddDevice
                0x0200ad44                FindDevice
 .text          0x0200add8       0x4c c:/devkitpro/devkitarm/bin/../lib/gcc/arm-eabi/4.1.1/../../../../arm-eabi/lib/thumb\libsysbase.a(close.o)
                0x0200add8                _close
 .text          0x0200ae24       0x50 c:/devkitpro/devkitarm/bin/../lib/gcc/arm-eabi/4.1.1/../../../../arm-eabi/lib/thumb\libsysbase.a(fstat.o)
                0x0200ae24                _fstat
 .text          0x0200ae74        0x4 c:/devkitpro/devkitarm/bin/../lib/gcc/arm-eabi/4.1.1/../../../../arm-eabi/lib/thumb\libsysbase.a(isatty.o)
                0x0200ae74                isatty
 .text          0x0200ae78       0x38 c:/devkitpro/devkitarm/bin/../lib/gcc/arm-eabi/4.1.1/../../../../arm-eabi/lib/thumb\libsysbase.a(lseek.o)
                0x0200ae78                _lseek
 .text          0x0200aeb0       0x54 c:/devkitpro/devkitarm/bin/../lib/gcc/arm-eabi/4.1.1/../../../../arm-eabi/lib/thumb\libsysbase.a(read.o)
                0x0200aeb0                _read
 .text          0x0200af04       0x64 c:/devkitpro/devkitarm/bin/../lib/gcc/arm-eabi/4.1.1/../../../../arm-eabi/lib/thumb\libsysbase.a(sbrk.o)
                0x0200af04                _sbrk
 .text          0x0200af68       0x54 c:/devkitpro/devkitarm/bin/../lib/gcc/arm-eabi/4.1.1/../../../../arm-eabi/lib/thumb\libsysbase.a(write.o)
                0x0200af68                _write
 .text          0x0200afbc        0x0 c:/devkitpro/devkitarm/bin/../lib/gcc/arm-eabi/4.1.1/../../../../arm-eabi/lib/thumb\libsysbase.a(malloc_vars.o)
 .text          0x0200afbc       0x94 c:/devkitpro/devkitarm/bin/../lib/gcc/arm-eabi/4.1.1/../../../../arm-eabi/lib/thumb\libc.a(lib_a-strncmp.o)
                0x0200afbc                strncmp
 .text          0x0200b050        0x0 c:/devkitpro/devkitarm/bin/../lib/gcc/arm-eabi/4.1.1/thumb/crtend.o
 .text          0x0200b050        0x0 c:/devkitpro/devkitarm/bin/../lib/gcc/arm-eabi/4.1.1/thumb/crtn.o
 *(.text.*)
 *(.stub)
 *(.gnu.warning)
 *(.gnu.linkonce.t*)
 *(.glue_7)
 .glue_7        0x0200b050        0x0 c:/devkitpro/devkitarm/bin/../lib/gcc/arm-eabi/4.1.1/../../../../arm-eabi/lib/thumb/ds_arm9_crt0.o
 .glue_7        0x0200b050        0x0 c:/devkitpro/devkitarm/bin/../lib/gcc/arm-eabi/4.1.1/thumb/crti.o
 .glue_7        0x0200b050        0x0 c:/devkitpro/devkitarm/bin/../lib/gcc/arm-eabi/4.1.1/thumb/crtbegin.o
 .glue_7        0x0200b050        0x0 powtbl.o
 .glue_7        0x0200b050        0x0 sintbl.o
 .glue_7        0x0200b050        0x0 _console.o
 .glue_7        0x0200b050        0x0 _consoleWriteLog.o
 .glue_7        0x0200b050        0x0 disc_io.o
 .glue_7        0x0200b050        0x0 gba_nds_fat.o
 .glue_7        0x0200b050        0x0 inifile.o
 .glue_7        0x0200b050        0x0 main.o
 .glue_7        0x0200b050        0x0 plugin_dll.o
 .glue_7        0x0200b050        0x0 rcplib.o
 .glue_7        0x0200b050        0x0 rcplib_rcp.o
 .glue_7        0x0200b050        0x0 shell.o
 .glue_7        0x0200b050        0x0 smidlib.o
 .glue_7        0x0200b050        0x0 smidlib_mtrk.o
 .glue_7        0x0200b050        0x0 smidlib_pch.o
 .glue_7        0x0200b050        0x0 smidlib_sm.o
 .glue_7        0x0200b050        0x0 test.o
 .glue_7        0x0200b050        0x0 ttacdec.o
 .glue_7        0x0200b050        0x0 c:/devkitPro/libnds/lib\libnds9.a(console.o)
 .glue_7        0x0200b050        0x0 c:/devkitPro/libnds/lib\libnds9.a(touch.o)
 .glue_7        0x0200b050        0x0 c:/devkitPro/libnds/lib\libnds9.a(video.o)
 .glue_7        0x0200b050        0x0 c:/devkitPro/libnds/lib\libnds9.a(interrupts.o)
 .glue_7        0x0200b050        0x0 c:/devkitPro/libnds/lib\libnds9.a(biosCalls.o)
 .glue_7        0x0200b050        0x0 c:/devkitPro/libnds/lib\libnds9.a(interruptDispatcher.o)
 .glue_7        0x0200b050        0x0 c:/devkitPro/libnds/lib\libnds9.a(default_font.o)
 .glue_7        0x0200b050        0x0 c:/devkitpro/devkitarm/bin/../lib/gcc/arm-eabi/4.1.1/thumb\libgcc.a(_udivsi3.o)
 .glue_7        0x0200b050        0x0 c:/devkitpro/devkitarm/bin/../lib/gcc/arm-eabi/4.1.1/thumb\libgcc.a(_dvmd_tls.o)
 .glue_7        0x0200b050        0x0 c:/devkitpro/devkitarm/bin/../lib/gcc/arm-eabi/4.1.1/thumb\libgcc.a(_call_via_rX.o)
 .glue_7        0x0200b050        0x0 c:/devkitpro/devkitarm/bin/../lib/gcc/arm-eabi/4.1.1/thumb\libgcc.a(_addsubdf3.o)
 .glue_7        0x0200b050        0x0 c:/devkitpro/devkitarm/bin/../lib/gcc/arm-eabi/4.1.1/thumb\libgcc.a(_cmpdf2.o)
 .glue_7        0x0200b050        0x0 c:/devkitpro/devkitarm/bin/../lib/gcc/arm-eabi/4.1.1/thumb\libgcc.a(_addsubsf3.o)
 .glue_7        0x0200b050        0x0 c:/devkitpro/devkitarm/bin/../lib/gcc/arm-eabi/4.1.1/thumb\libgcc.a(_muldivsf3.o)
 .glue_7        0x0200b050        0x0 c:/devkitpro/devkitarm/bin/../lib/gcc/arm-eabi/4.1.1/thumb\libgcc.a(_fixunssfsi.o)
 .glue_7        0x0200b050        0x0 c:/devkitpro/devkitarm/bin/../lib/gcc/arm-eabi/4.1.1/../../../../arm-eabi/lib/thumb\libg.a(lib_a-impure.o)
 .glue_7        0x0200b050        0x0 c:/devkitpro/devkitarm/bin/../lib/gcc/arm-eabi/4.1.1/../../../../arm-eabi/lib/thumb\libg.a(lib_a-init.o)
 .glue_7        0x0200b050        0x0 c:/devkitpro/devkitarm/bin/../lib/gcc/arm-eabi/4.1.1/../../../../arm-eabi/lib/thumb\libg.a(lib_a-iprintf.o)
 .glue_7        0x0200b050        0x0 c:/devkitpro/devkitarm/bin/../lib/gcc/arm-eabi/4.1.1/../../../../arm-eabi/lib/thumb\libg.a(lib_a-memcpy.o)
 .glue_7        0x0200b050        0x0 c:/devkitpro/devkitarm/bin/../lib/gcc/arm-eabi/4.1.1/../../../../arm-eabi/lib/thumb\libg.a(lib_a-memmove.o)
 .glue_7        0x0200b050        0x0 c:/devkitpro/devkitarm/bin/../lib/gcc/arm-eabi/4.1.1/../../../../arm-eabi/lib/thumb\libg.a(lib_a-setvbuf.o)
 .glue_7        0x0200b050        0x0 c:/devkitpro/devkitarm/bin/../lib/gcc/arm-eabi/4.1.1/../../../../arm-eabi/lib/thumb\libg.a(lib_a-siscanf.o)
 .glue_7        0x0200b050        0x0 c:/devkitpro/devkitarm/bin/../lib/gcc/arm-eabi/4.1.1/../../../../arm-eabi/lib/thumb\libg.a(lib_a-strlen.o)
 .glue_7        0x0200b050        0x0 c:/devkitpro/devkitarm/bin/../lib/gcc/arm-eabi/4.1.1/../../../../arm-eabi/lib/thumb\libg.a(lib_a-strpbrk.o)
 .glue_7        0x0200b050        0x0 c:/devkitpro/devkitarm/bin/../lib/gcc/arm-eabi/4.1.1/../../../../arm-eabi/lib/thumb\libg.a(lib_a-vfiprintf.o)
 .glue_7        0x0200b050        0x0 c:/devkitpro/devkitarm/bin/../lib/gcc/arm-eabi/4.1.1/../../../../arm-eabi/lib/thumb\libg.a(lib_a-vfiscanf.o)
 .glue_7        0x0200b050        0x0 c:/devkitpro/devkitarm/bin/../lib/gcc/arm-eabi/4.1.1/../../../../arm-eabi/lib/thumb\libg.a(lib_a-wcrtomb.o)
 .glue_7        0x0200b050        0x0 c:/devkitpro/devkitarm/bin/../lib/gcc/arm-eabi/4.1.1/../../../../arm-eabi/lib/thumb\libg.a(lib_a-wcsrtombs.o)
 .glue_7        0x0200b050        0x0 c:/devkitpro/devkitarm/bin/../lib/gcc/arm-eabi/4.1.1/../../../../arm-eabi/lib/thumb\libg.a(lib_a-wctomb_r.o)
 .glue_7        0x0200b050        0x0 c:/devkitpro/devkitarm/bin/../lib/gcc/arm-eabi/4.1.1/../../../../arm-eabi/lib/thumb\libg.a(lib_a-wsetup.o)
 .glue_7        0x0200b050        0x0 c:/devkitpro/devkitarm/bin/../lib/gcc/arm-eabi/4.1.1/../../../../arm-eabi/lib/thumb\libg.a(lib_a-ctype_.o)
 .glue_7        0x0200b050        0x0 c:/devkitpro/devkitarm/bin/../lib/gcc/arm-eabi/4.1.1/../../../../arm-eabi/lib/thumb\libg.a(lib_a-fflush.o)
 .glue_7        0x0200b050        0x0 c:/devkitpro/devkitarm/bin/../lib/gcc/arm-eabi/4.1.1/../../../../arm-eabi/lib/thumb\libg.a(lib_a-findfp.o)
 .glue_7        0x0200b050        0x0 c:/devkitpro/devkitarm/bin/../lib/gcc/arm-eabi/4.1.1/../../../../arm-eabi/lib/thumb\libg.a(lib_a-fread.o)
 .glue_7        0x0200b050        0x0 c:/devkitpro/devkitarm/bin/../lib/gcc/arm-eabi/4.1.1/../../../../arm-eabi/lib/thumb\libg.a(lib_a-freer.o)
 .glue_7        0x0200b050        0x0 c:/devkitpro/devkitarm/bin/../lib/gcc/arm-eabi/4.1.1/../../../../arm-eabi/lib/thumb\libg.a(lib_a-fvwrite.o)
 .glue_7        0x0200b050        0x0 c:/devkitpro/devkitarm/bin/../lib/gcc/arm-eabi/4.1.1/../../../../arm-eabi/lib/thumb\libg.a(lib_a-fwalk.o)
 .glue_7        0x0200b050        0x0 c:/devkitpro/devkitarm/bin/../lib/gcc/arm-eabi/4.1.1/../../../../arm-eabi/lib/thumb\libg.a(lib_a-iswspace.o)
 .glue_7        0x0200b050        0x0 c:/devkitpro/devkitarm/bin/../lib/gcc/arm-eabi/4.1.1/../../../../arm-eabi/lib/thumb\libg.a(lib_a-locale.o)
 .glue_7        0x0200b050        0x0 c:/devkitpro/devkitarm/bin/../lib/gcc/arm-eabi/4.1.1/../../../../arm-eabi/lib/thumb\libg.a(lib_a-makebuf.o)
 .glue_7        0x0200b050        0x0 c:/devkitpro/devkitarm/bin/../lib/gcc/arm-eabi/4.1.1/../../../../arm-eabi/lib/thumb\libg.a(lib_a-malloc.o)
 .glue_7        0x0200b050        0x0 c:/devkitpro/devkitarm/bin/../lib/gcc/arm-eabi/4.1.1/../../../../arm-eabi/lib/thumb\libg.a(lib_a-mallocr.o)
 .glue_7        0x0200b050        0x0 c:/devkitpro/devkitarm/bin/../lib/gcc/arm-eabi/4.1.1/../../../../arm-eabi/lib/thumb\libg.a(lib_a-mbrtowc.o)
 .glue_7        0x0200b050        0x0 c:/devkitpro/devkitarm/bin/../lib/gcc/arm-eabi/4.1.1/../../../../arm-eabi/lib/thumb\libg.a(lib_a-mbtowc_r.o)
 .glue_7        0x0200b050        0x0 c:/devkitpro/devkitarm/bin/../lib/gcc/arm-eabi/4.1.1/../../../../arm-eabi/lib/thumb\libg.a(lib_a-memchr.o)
 .glue_7        0x0200b050        0x0 c:/devkitpro/devkitarm/bin/../lib/gcc/arm-eabi/4.1.1/../../../../arm-eabi/lib/thumb\libg.a(lib_a-memset.o)
 .glue_7        0x0200b050        0x0 c:/devkitpro/devkitarm/bin/../lib/gcc/arm-eabi/4.1.1/../../../../arm-eabi/lib/thumb\libg.a(lib_a-mlock.o)
 .glue_7        0x0200b050        0x0 c:/devkitpro/devkitarm/bin/../lib/gcc/arm-eabi/4.1.1/../../../../arm-eabi/lib/thumb\libg.a(lib_a-reallocr.o)
 .glue_7        0x0200b050        0x0 c:/devkitpro/devkitarm/bin/../lib/gcc/arm-eabi/4.1.1/../../../../arm-eabi/lib/thumb\libg.a(lib_a-refill.o)
 .glue_7        0x0200b050        0x0 c:/devkitpro/devkitarm/bin/../lib/gcc/arm-eabi/4.1.1/../../../../arm-eabi/lib/thumb\libg.a(lib_a-sbrkr.o)
 .glue_7        0x0200b050        0x0 c:/devkitpro/devkitarm/bin/../lib/gcc/arm-eabi/4.1.1/../../../../arm-eabi/lib/thumb\libg.a(lib_a-sccl.o)
 .glue_7        0x0200b050        0x0 c:/devkitpro/devkitarm/bin/../lib/gcc/arm-eabi/4.1.1/../../../../arm-eabi/lib/thumb\libg.a(lib_a-stdio.o)
 .glue_7        0x0200b050        0x0 c:/devkitpro/devkitarm/bin/../lib/gcc/arm-eabi/4.1.1/../../../../arm-eabi/lib/thumb\libg.a(lib_a-strcmp.o)
 .glue_7        0x0200b050        0x0 c:/devkitpro/devkitarm/bin/../lib/gcc/arm-eabi/4.1.1/../../../../arm-eabi/lib/thumb\libg.a(lib_a-strtol.o)
 .glue_7        0x0200b050        0x0 c:/devkitpro/devkitarm/bin/../lib/gcc/arm-eabi/4.1.1/../../../../arm-eabi/lib/thumb\libg.a(lib_a-strtoul.o)
 .glue_7        0x0200b050        0x0 c:/devkitpro/devkitarm/bin/../lib/gcc/arm-eabi/4.1.1/../../../../arm-eabi/lib/thumb\libg.a(lib_a-ungetc.o)
 .glue_7        0x0200b050        0x0 c:/devkitpro/devkitarm/bin/../lib/gcc/arm-eabi/4.1.1/../../../../arm-eabi/lib/thumb\libg.a(lib_a-writer.o)
 .glue_7        0x0200b050        0x0 c:/devkitpro/devkitarm/bin/../lib/gcc/arm-eabi/4.1.1/../../../../arm-eabi/lib/thumb\libg.a(lib_a-closer.o)
 .glue_7        0x0200b050        0x0 c:/devkitpro/devkitarm/bin/../lib/gcc/arm-eabi/4.1.1/../../../../arm-eabi/lib/thumb\libg.a(lib_a-fclose.o)
 .glue_7        0x0200b050        0x0 c:/devkitpro/devkitarm/bin/../lib/gcc/arm-eabi/4.1.1/../../../../arm-eabi/lib/thumb\libg.a(lib_a-fstatr.o)
 .glue_7        0x0200b050        0x0 c:/devkitpro/devkitarm/bin/../lib/gcc/arm-eabi/4.1.1/../../../../arm-eabi/lib/thumb\libg.a(lib_a-lseekr.o)
 .glue_7        0x0200b050        0x0 c:/devkitpro/devkitarm/bin/../lib/gcc/arm-eabi/4.1.1/../../../../arm-eabi/lib/thumb\libg.a(lib_a-readr.o)
 .glue_7        0x0200b050        0x0 c:/devkitpro/devkitarm/bin/../lib/gcc/arm-eabi/4.1.1/../../../../arm-eabi/lib/thumb\libg.a(lib_a-reent.o)
 .glue_7        0x0200b050        0x0 c:/devkitpro/devkitarm/bin/../lib/gcc/arm-eabi/4.1.1/../../../../arm-eabi/lib/thumb\libsysbase.a(iosupport.o)
 .glue_7        0x0200b050        0x0 c:/devkitpro/devkitarm/bin/../lib/gcc/arm-eabi/4.1.1/../../../../arm-eabi/lib/thumb\libsysbase.a(close.o)
 .glue_7        0x0200b050        0x0 c:/devkitpro/devkitarm/bin/../lib/gcc/arm-eabi/4.1.1/../../../../arm-eabi/lib/thumb\libsysbase.a(fstat.o)
 .glue_7        0x0200b050        0x0 c:/devkitpro/devkitarm/bin/../lib/gcc/arm-eabi/4.1.1/../../../../arm-eabi/lib/thumb\libsysbase.a(isatty.o)
 .glue_7        0x0200b050        0x0 c:/devkitpro/devkitarm/bin/../lib/gcc/arm-eabi/4.1.1/../../../../arm-eabi/lib/thumb\libsysbase.a(lseek.o)
 .glue_7        0x0200b050        0x0 c:/devkitpro/devkitarm/bin/../lib/gcc/arm-eabi/4.1.1/../../../../arm-eabi/lib/thumb\libsysbase.a(read.o)
 .glue_7        0x0200b050        0x0 c:/devkitpro/devkitarm/bin/../lib/gcc/arm-eabi/4.1.1/../../../../arm-eabi/lib/thumb\libsysbase.a(sbrk.o)
 .glue_7        0x0200b050        0x0 c:/devkitpro/devkitarm/bin/../lib/gcc/arm-eabi/4.1.1/../../../../arm-eabi/lib/thumb\libsysbase.a(write.o)
 .glue_7        0x0200b050        0x0 c:/devkitpro/devkitarm/bin/../lib/gcc/arm-eabi/4.1.1/../../../../arm-eabi/lib/thumb\libsysbase.a(malloc_vars.o)
 .glue_7        0x0200b050        0x0 c:/devkitpro/devkitarm/bin/../lib/gcc/arm-eabi/4.1.1/../../../../arm-eabi/lib/thumb\libc.a(lib_a-strncmp.o)
 .glue_7        0x0200b050        0xc c:/devkitpro/devkitarm/bin/../lib/gcc/arm-eabi/4.1.1/thumb/crtend.o
                0x0200b050                ___call_via_r3_from_arm
 .glue_7        0x0200b05c        0x0 c:/devkitpro/devkitarm/bin/../lib/gcc/arm-eabi/4.1.1/thumb/crtn.o
 *(.glue_7t)
 .glue_7t       0x0200b05c        0x0 c:/devkitpro/devkitarm/bin/../lib/gcc/arm-eabi/4.1.1/../../../../arm-eabi/lib/thumb/ds_arm9_crt0.o
 .glue_7t       0x0200b05c        0x0 c:/devkitpro/devkitarm/bin/../lib/gcc/arm-eabi/4.1.1/thumb/crti.o
 .glue_7t       0x0200b05c        0x0 c:/devkitpro/devkitarm/bin/../lib/gcc/arm-eabi/4.1.1/thumb/crtbegin.o
 .glue_7t       0x0200b05c        0x0 powtbl.o
 .glue_7t       0x0200b05c        0x0 sintbl.o
 .glue_7t       0x0200b05c        0x0 _console.o
 .glue_7t       0x0200b05c        0x0 _consoleWriteLog.o
 .glue_7t       0x0200b05c        0x0 disc_io.o
 .glue_7t       0x0200b05c        0x0 gba_nds_fat.o
 .glue_7t       0x0200b05c        0x0 inifile.o
 .glue_7t       0x0200b05c        0x0 main.o
 .glue_7t       0x0200b05c        0x0 plugin_dll.o
 .glue_7t       0x0200b05c        0x0 rcplib.o
 .glue_7t       0x0200b05c        0x0 rcplib_rcp.o
 .glue_7t       0x0200b05c        0x0 shell.o
 .glue_7t       0x0200b05c        0x0 smidlib.o
 .glue_7t       0x0200b05c        0x0 smidlib_mtrk.o
 .glue_7t       0x0200b05c        0x0 smidlib_pch.o
 .glue_7t       0x0200b05c        0x0 smidlib_sm.o
 .glue_7t       0x0200b05c        0x0 test.o
 .glue_7t       0x0200b05c        0x0 ttacdec.o
 .glue_7t       0x0200b05c        0x0 c:/devkitPro/libnds/lib\libnds9.a(console.o)
 .glue_7t       0x0200b05c        0x0 c:/devkitPro/libnds/lib\libnds9.a(touch.o)
 .glue_7t       0x0200b05c        0x0 c:/devkitPro/libnds/lib\libnds9.a(video.o)
 .glue_7t       0x0200b05c        0x0 c:/devkitPro/libnds/lib\libnds9.a(interrupts.o)
 .glue_7t       0x0200b05c        0x0 c:/devkitPro/libnds/lib\libnds9.a(biosCalls.o)
 .glue_7t       0x0200b05c        0x0 c:/devkitPro/libnds/lib\libnds9.a(interruptDispatcher.o)
 .glue_7t       0x0200b05c        0x0 c:/devkitPro/libnds/lib\libnds9.a(default_font.o)
 .glue_7t       0x0200b05c        0x0 c:/devkitpro/devkitarm/bin/../lib/gcc/arm-eabi/4.1.1/thumb\libgcc.a(_udivsi3.o)
 .glue_7t       0x0200b05c        0x0 c:/devkitpro/devkitarm/bin/../lib/gcc/arm-eabi/4.1.1/thumb\libgcc.a(_dvmd_tls.o)
 .glue_7t       0x0200b05c        0x0 c:/devkitpro/devkitarm/bin/../lib/gcc/arm-eabi/4.1.1/thumb\libgcc.a(_call_via_rX.o)
 .glue_7t       0x0200b05c        0x0 c:/devkitpro/devkitarm/bin/../lib/gcc/arm-eabi/4.1.1/thumb\libgcc.a(_addsubdf3.o)
 .glue_7t       0x0200b05c        0x0 c:/devkitpro/devkitarm/bin/../lib/gcc/arm-eabi/4.1.1/thumb\libgcc.a(_cmpdf2.o)
 .glue_7t       0x0200b05c        0x0 c:/devkitpro/devkitarm/bin/../lib/gcc/arm-eabi/4.1.1/thumb\libgcc.a(_addsubsf3.o)
 .glue_7t       0x0200b05c        0x0 c:/devkitpro/devkitarm/bin/../lib/gcc/arm-eabi/4.1.1/thumb\libgcc.a(_muldivsf3.o)
 .glue_7t       0x0200b05c        0x0 c:/devkitpro/devkitarm/bin/../lib/gcc/arm-eabi/4.1.1/thumb\libgcc.a(_fixunssfsi.o)
 .glue_7t       0x0200b05c        0x0 c:/devkitpro/devkitarm/bin/../lib/gcc/arm-eabi/4.1.1/../../../../arm-eabi/lib/thumb\libg.a(lib_a-impure.o)
 .glue_7t       0x0200b05c        0x0 c:/devkitpro/devkitarm/bin/../lib/gcc/arm-eabi/4.1.1/../../../../arm-eabi/lib/thumb\libg.a(lib_a-init.o)
 .glue_7t       0x0200b05c        0x0 c:/devkitpro/devkitarm/bin/../lib/gcc/arm-eabi/4.1.1/../../../../arm-eabi/lib/thumb\libg.a(lib_a-iprintf.o)
 .glue_7t       0x0200b05c        0x0 c:/devkitpro/devkitarm/bin/../lib/gcc/arm-eabi/4.1.1/../../../../arm-eabi/lib/thumb\libg.a(lib_a-memcpy.o)
 .glue_7t       0x0200b05c        0x0 c:/devkitpro/devkitarm/bin/../lib/gcc/arm-eabi/4.1.1/../../../../arm-eabi/lib/thumb\libg.a(lib_a-memmove.o)
 .glue_7t       0x0200b05c        0x0 c:/devkitpro/devkitarm/bin/../lib/gcc/arm-eabi/4.1.1/../../../../arm-eabi/lib/thumb\libg.a(lib_a-setvbuf.o)
 .glue_7t       0x0200b05c        0x0 c:/devkitpro/devkitarm/bin/../lib/gcc/arm-eabi/4.1.1/../../../../arm-eabi/lib/thumb\libg.a(lib_a-siscanf.o)
 .glue_7t       0x0200b05c        0x0 c:/devkitpro/devkitarm/bin/../lib/gcc/arm-eabi/4.1.1/../../../../arm-eabi/lib/thumb\libg.a(lib_a-strlen.o)
 .glue_7t       0x0200b05c        0x0 c:/devkitpro/devkitarm/bin/../lib/gcc/arm-eabi/4.1.1/../../../../arm-eabi/lib/thumb\libg.a(lib_a-strpbrk.o)
 .glue_7t       0x0200b05c        0x0 c:/devkitpro/devkitarm/bin/../lib/gcc/arm-eabi/4.1.1/../../../../arm-eabi/lib/thumb\libg.a(lib_a-vfiprintf.o)
 .glue_7t       0x0200b05c        0x0 c:/devkitpro/devkitarm/bin/../lib/gcc/arm-eabi/4.1.1/../../../../arm-eabi/lib/thumb\libg.a(lib_a-vfiscanf.o)
 .glue_7t       0x0200b05c        0x0 c:/devkitpro/devkitarm/bin/../lib/gcc/arm-eabi/4.1.1/../../../../arm-eabi/lib/thumb\libg.a(lib_a-wcrtomb.o)
 .glue_7t       0x0200b05c        0x0 c:/devkitpro/devkitarm/bin/../lib/gcc/arm-eabi/4.1.1/../../../../arm-eabi/lib/thumb\libg.a(lib_a-wcsrtombs.o)
 .glue_7t       0x0200b05c        0x0 c:/devkitpro/devkitarm/bin/../lib/gcc/arm-eabi/4.1.1/../../../../arm-eabi/lib/thumb\libg.a(lib_a-wctomb_r.o)
 .glue_7t       0x0200b05c        0x0 c:/devkitpro/devkitarm/bin/../lib/gcc/arm-eabi/4.1.1/../../../../arm-eabi/lib/thumb\libg.a(lib_a-wsetup.o)
 .glue_7t       0x0200b05c        0x0 c:/devkitpro/devkitarm/bin/../lib/gcc/arm-eabi/4.1.1/../../../../arm-eabi/lib/thumb\libg.a(lib_a-ctype_.o)
 .glue_7t       0x0200b05c        0x0 c:/devkitpro/devkitarm/bin/../lib/gcc/arm-eabi/4.1.1/../../../../arm-eabi/lib/thumb\libg.a(lib_a-fflush.o)
 .glue_7t       0x0200b05c        0x0 c:/devkitpro/devkitarm/bin/../lib/gcc/arm-eabi/4.1.1/../../../../arm-eabi/lib/thumb\libg.a(lib_a-findfp.o)
 .glue_7t       0x0200b05c        0x0 c:/devkitpro/devkitarm/bin/../lib/gcc/arm-eabi/4.1.1/../../../../arm-eabi/lib/thumb\libg.a(lib_a-fread.o)
 .glue_7t       0x0200b05c        0x0 c:/devkitpro/devkitarm/bin/../lib/gcc/arm-eabi/4.1.1/../../../../arm-eabi/lib/thumb\libg.a(lib_a-freer.o)
 .glue_7t       0x0200b05c        0x0 c:/devkitpro/devkitarm/bin/../lib/gcc/arm-eabi/4.1.1/../../../../arm-eabi/lib/thumb\libg.a(lib_a-fvwrite.o)
 .glue_7t       0x0200b05c        0x0 c:/devkitpro/devkitarm/bin/../lib/gcc/arm-eabi/4.1.1/../../../../arm-eabi/lib/thumb\libg.a(lib_a-fwalk.o)
 .glue_7t       0x0200b05c        0x0 c:/devkitpro/devkitarm/bin/../lib/gcc/arm-eabi/4.1.1/../../../../arm-eabi/lib/thumb\libg.a(lib_a-iswspace.o)
 .glue_7t       0x0200b05c        0x0 c:/devkitpro/devkitarm/bin/../lib/gcc/arm-eabi/4.1.1/../../../../arm-eabi/lib/thumb\libg.a(lib_a-locale.o)
 .glue_7t       0x0200b05c        0x0 c:/devkitpro/devkitarm/bin/../lib/gcc/arm-eabi/4.1.1/../../../../arm-eabi/lib/thumb\libg.a(lib_a-makebuf.o)
 .glue_7t       0x0200b05c        0x0 c:/devkitpro/devkitarm/bin/../lib/gcc/arm-eabi/4.1.1/../../../../arm-eabi/lib/thumb\libg.a(lib_a-malloc.o)
 .glue_7t       0x0200b05c        0x0 c:/devkitpro/devkitarm/bin/../lib/gcc/arm-eabi/4.1.1/../../../../arm-eabi/lib/thumb\libg.a(lib_a-mallocr.o)
 .glue_7t       0x0200b05c        0x0 c:/devkitpro/devkitarm/bin/../lib/gcc/arm-eabi/4.1.1/../../../../arm-eabi/lib/thumb\libg.a(lib_a-mbrtowc.o)
 .glue_7t       0x0200b05c        0x0 c:/devkitpro/devkitarm/bin/../lib/gcc/arm-eabi/4.1.1/../../../../arm-eabi/lib/thumb\libg.a(lib_a-mbtowc_r.o)
 .glue_7t       0x0200b05c        0x0 c:/devkitpro/devkitarm/bin/../lib/gcc/arm-eabi/4.1.1/../../../../arm-eabi/lib/thumb\libg.a(lib_a-memchr.o)
 .glue_7t       0x0200b05c        0x0 c:/devkitpro/devkitarm/bin/../lib/gcc/arm-eabi/4.1.1/../../../../arm-eabi/lib/thumb\libg.a(lib_a-memset.o)
 .glue_7t       0x0200b05c        0x0 c:/devkitpro/devkitarm/bin/../lib/gcc/arm-eabi/4.1.1/../../../../arm-eabi/lib/thumb\libg.a(lib_a-mlock.o)
 .glue_7t       0x0200b05c        0x0 c:/devkitpro/devkitarm/bin/../lib/gcc/arm-eabi/4.1.1/../../../../arm-eabi/lib/thumb\libg.a(lib_a-reallocr.o)
 .glue_7t       0x0200b05c        0x0 c:/devkitpro/devkitarm/bin/../lib/gcc/arm-eabi/4.1.1/../../../../arm-eabi/lib/thumb\libg.a(lib_a-refill.o)
 .glue_7t       0x0200b05c        0x0 c:/devkitpro/devkitarm/bin/../lib/gcc/arm-eabi/4.1.1/../../../../arm-eabi/lib/thumb\libg.a(lib_a-sbrkr.o)
 .glue_7t       0x0200b05c        0x0 c:/devkitpro/devkitarm/bin/../lib/gcc/arm-eabi/4.1.1/../../../../arm-eabi/lib/thumb\libg.a(lib_a-sccl.o)
 .glue_7t       0x0200b05c        0x0 c:/devkitpro/devkitarm/bin/../lib/gcc/arm-eabi/4.1.1/../../../../arm-eabi/lib/thumb\libg.a(lib_a-stdio.o)
 .glue_7t       0x0200b05c        0x0 c:/devkitpro/devkitarm/bin/../lib/gcc/arm-eabi/4.1.1/../../../../arm-eabi/lib/thumb\libg.a(lib_a-strcmp.o)
 .glue_7t       0x0200b05c        0x0 c:/devkitpro/devkitarm/bin/../lib/gcc/arm-eabi/4.1.1/../../../../arm-eabi/lib/thumb\libg.a(lib_a-strtol.o)
 .glue_7t       0x0200b05c        0x0 c:/devkitpro/devkitarm/bin/../lib/gcc/arm-eabi/4.1.1/../../../../arm-eabi/lib/thumb\libg.a(lib_a-strtoul.o)
 .glue_7t       0x0200b05c        0x0 c:/devkitpro/devkitarm/bin/../lib/gcc/arm-eabi/4.1.1/../../../../arm-eabi/lib/thumb\libg.a(lib_a-ungetc.o)
 .glue_7t       0x0200b05c        0x0 c:/devkitpro/devkitarm/bin/../lib/gcc/arm-eabi/4.1.1/../../../../arm-eabi/lib/thumb\libg.a(lib_a-writer.o)
 .glue_7t       0x0200b05c        0x0 c:/devkitpro/devkitarm/bin/../lib/gcc/arm-eabi/4.1.1/../../../../arm-eabi/lib/thumb\libg.a(lib_a-closer.o)
 .glue_7t       0x0200b05c        0x0 c:/devkitpro/devkitarm/bin/../lib/gcc/arm-eabi/4.1.1/../../../../arm-eabi/lib/thumb\libg.a(lib_a-fclose.o)
 .glue_7t       0x0200b05c        0x0 c:/devkitpro/devkitarm/bin/../lib/gcc/arm-eabi/4.1.1/../../../../arm-eabi/lib/thumb\libg.a(lib_a-fstatr.o)
 .glue_7t       0x0200b05c        0x0 c:/devkitpro/devkitarm/bin/../lib/gcc/arm-eabi/4.1.1/../../../../arm-eabi/lib/thumb\libg.a(lib_a-lseekr.o)
 .glue_7t       0x0200b05c        0x0 c:/devkitpro/devkitarm/bin/../lib/gcc/arm-eabi/4.1.1/../../../../arm-eabi/lib/thumb\libg.a(lib_a-readr.o)
 .glue_7t       0x0200b05c        0x0 c:/devkitpro/devkitarm/bin/../lib/gcc/arm-eabi/4.1.1/../../../../arm-eabi/lib/thumb\libg.a(lib_a-reent.o)
 .glue_7t       0x0200b05c        0x0 c:/devkitpro/devkitarm/bin/../lib/gcc/arm-eabi/4.1.1/../../../../arm-eabi/lib/thumb\libsysbase.a(iosupport.o)
 .glue_7t       0x0200b05c        0x0 c:/devkitpro/devkitarm/bin/../lib/gcc/arm-eabi/4.1.1/../../../../arm-eabi/lib/thumb\libsysbase.a(close.o)
 .glue_7t       0x0200b05c        0x0 c:/devkitpro/devkitarm/bin/../lib/gcc/arm-eabi/4.1.1/../../../../arm-eabi/lib/thumb\libsysbase.a(fstat.o)
 .glue_7t       0x0200b05c        0x0 c:/devkitpro/devkitarm/bin/../lib/gcc/arm-eabi/4.1.1/../../../../arm-eabi/lib/thumb\libsysbase.a(isatty.o)
 .glue_7t       0x0200b05c        0x0 c:/devkitpro/devkitarm/bin/../lib/gcc/arm-eabi/4.1.1/../../../../arm-eabi/lib/thumb\libsysbase.a(lseek.o)
 .glue_7t       0x0200b05c        0x0 c:/devkitpro/devkitarm/bin/../lib/gcc/arm-eabi/4.1.1/../../../../arm-eabi/lib/thumb\libsysbase.a(read.o)
 .glue_7t       0x0200b05c        0x0 c:/devkitpro/devkitarm/bin/../lib/gcc/arm-eabi/4.1.1/../../../../arm-eabi/lib/thumb\libsysbase.a(sbrk.o)
 .glue_7t       0x0200b05c        0x0 c:/devkitpro/devkitarm/bin/../lib/gcc/arm-eabi/4.1.1/../../../../arm-eabi/lib/thumb\libsysbase.a(write.o)
 .glue_7t       0x0200b05c        0x0 c:/devkitpro/devkitarm/bin/../lib/gcc/arm-eabi/4.1.1/../../../../arm-eabi/lib/thumb\libsysbase.a(malloc_vars.o)
 .glue_7t       0x0200b05c        0x0 c:/devkitpro/devkitarm/bin/../lib/gcc/arm-eabi/4.1.1/../../../../arm-eabi/lib/thumb\libc.a(lib_a-strncmp.o)
 .glue_7t       0x0200b05c       0x40 c:/devkitpro/devkitarm/bin/../lib/gcc/arm-eabi/4.1.1/thumb/crtend.o
                0x0200b07c                ____aeabi_fdiv_from_thumb
                0x0200b068                ____aeabi_dcmpeq_change_to_arm
                0x0200b070                ____aeabi_dadd_change_to_arm
                0x0200b078                ____aeabi_i2f_change_to_arm
                0x0200b088                ____aeabi_fmul_change_to_arm
                0x0200b08c                ____aeabi_f2uiz_from_thumb
                0x0200b098                ____aeabi_fadd_change_to_arm
                0x0200b05c                ____aeabi_i2d_from_thumb
                0x0200b064                ____aeabi_dcmpeq_from_thumb
                0x0200b080                ____aeabi_fdiv_change_to_arm
                0x0200b084                ____aeabi_fmul_from_thumb
                0x0200b060                ____aeabi_i2d_change_to_arm
                0x0200b06c                ____aeabi_dadd_from_thumb
                0x0200b094                ____aeabi_fadd_from_thumb
                0x0200b090                ____aeabi_f2uiz_change_to_arm
                0x0200b074                ____aeabi_i2f_from_thumb
 .glue_7t       0x0200b09c        0x0 c:/devkitpro/devkitarm/bin/../lib/gcc/arm-eabi/4.1.1/thumb/crtn.o
                0x0200b09c                . = ALIGN (0x4)

.fini           0x0200b09c        0xc
 *(.fini)
 .fini          0x0200b09c        0x4 c:/devkitpro/devkitarm/bin/../lib/gcc/arm-eabi/4.1.1/thumb/crti.o
                0x0200b09c                _fini
 .fini          0x0200b0a0        0x8 c:/devkitpro/devkitarm/bin/../lib/gcc/arm-eabi/4.1.1/thumb/crtn.o
                0x0200b0a8                __text_end = .

.rodata         0x0200b0a8     0x9bd8
 *(.rodata)
 .rodata        0x0200b0a8     0x6004 powtbl.o
                0x020110ac                powtbl_bin_end
                0x0200b0a8                powtbl_bin_size
                0x0200b0ac                powtbl_bin
 .rodata        0x020110ac      0x1e4 sintbl.o
                0x020110ac                sintbl_bin_size
                0x020110b0                sintbl_bin
                0x02011290                sintbl_bin_end
 .rodata        0x02011290       0x78 main.o
 .rodata        0x02011308       0xc8 rcplib_rcp.o
 .rodata        0x020113d0      0x1f0 smidlib_mtrk.o
 .rodata        0x020115c0       0x1c smidlib_pch.o
 .rodata        0x020115dc      0x25c smidlib_sm.o
 .rodata        0x02011838      0x120 c:/devkitPro/libnds/lib\libnds9.a(console.o)
                0x0201190c                dotab_stdout
 .rodata        0x02011958     0x2004 c:/devkitPro/libnds/lib\libnds9.a(default_font.o)
                0x0201395c                default_font_bin_end
                0x02011958                default_font_bin_size
                0x0201195c                default_font_bin
 .rodata        0x0201395c        0x4 c:/devkitpro/devkitarm/bin/../lib/gcc/arm-eabi/4.1.1/../../../../arm-eabi/lib/thumb\libg.a(lib_a-impure.o)
                0x0201395c                _global_impure_ptr
 .rodata        0x02013960      0x18c c:/devkitpro/devkitarm/bin/../lib/gcc/arm-eabi/4.1.1/../../../../arm-eabi/lib/thumb\libg.a(lib_a-vfiprintf.o)
 .rodata        0x02013aec      0x340 c:/devkitpro/devkitarm/bin/../lib/gcc/arm-eabi/4.1.1/../../../../arm-eabi/lib/thumb\libg.a(lib_a-vfiscanf.o)
 .rodata        0x02013e2c      0x101 c:/devkitpro/devkitarm/bin/../lib/gcc/arm-eabi/4.1.1/../../../../arm-eabi/lib/thumb\libg.a(lib_a-ctype_.o)
                0x02013e2c                _ctype_
 *fill*         0x02013f2d        0x3 ff
 .rodata        0x02013f30       0x34 c:/devkitpro/devkitarm/bin/../lib/gcc/arm-eabi/4.1.1/../../../../arm-eabi/lib/thumb\libg.a(lib_a-locale.o)
 .rodata        0x02013f64       0x4c c:/devkitpro/devkitarm/bin/../lib/gcc/arm-eabi/4.1.1/../../../../arm-eabi/lib/thumb\libsysbase.a(iosupport.o)
                0x02013f64                dotab_stdnull
 *all.rodata*(*)
 *(.roda)
 *(.rodata.*)
 .rodata.str1.4
                0x02013fb0       0x13 _consoleWriteLog.o
                                 0x14 (size before relaxing)
 *fill*         0x02013fc3        0x1 ff
 .rodata.str1.4
                0x02013fc4       0x13 gba_nds_fat.o
                                 0x14 (size before relaxing)
 *fill*         0x02013fd7        0x1 ff
 .rodata.str1.4
                0x02013fd8      0x1bb inifile.o
                                0x1bc (size before relaxing)
 *fill*         0x02014193        0x1 ff
 .rodata.str1.4
                0x02014194      0x3ba main.o
                                0x3c0 (size before relaxing)
 *fill*         0x0201454e        0x2 ff
 .rodata.str1.4
                0x02014550      0x254 rcplib_rcp.o
                                0x258 (size before relaxing)
 .rodata.str1.4
                0x020147a4        0x2 shell.o
                                  0x4 (size before relaxing)
 *fill*         0x020147a6        0x2 ff
 .rodata.str1.4
                0x020147a8       0x25 smidlib.o
                                 0x28 (size before relaxing)
 *fill*         0x020147cd        0x3 ff
 .rodata.str1.4
                0x020147d0       0x47 smidlib_mtrk.o
                                 0x48 (size before relaxing)
 *fill*         0x02014817        0x1 ff
 .rodata.str1.4
                0x02014818      0x139 smidlib_pch.o
                                0x13c (size before relaxing)
 *fill*         0x02014951        0x3 ff
 .rodata.str1.4
                0x02014954      0x278 smidlib_sm.o
                                0x31c (size before relaxing)
 .rodata.str1.4
                0x02014bcc       0x2c c:/devkitPro/libnds/lib\libnds9.a(console.o)
 .rodata.str1.4
                0x02014bf8        0x2 c:/devkitpro/devkitarm/bin/../lib/gcc/arm-eabi/4.1.1/../../../../arm-eabi/lib/thumb\libg.a(lib_a-impure.o)
                                  0x4 (size before relaxing)
 *fill*         0x02014bfa        0x2 ff
 .rodata.str1.4
                0x02014bfc       0x4b c:/devkitpro/devkitarm/bin/../lib/gcc/arm-eabi/4.1.1/../../../../arm-eabi/lib/thumb\libg.a(lib_a-vfiprintf.o)
                                 0x4c (size before relaxing)
 *fill*         0x02014c47        0x1 ff
 .rodata.str1.4
                0x02014c48       0x1e c:/devkitpro/devkitarm/bin/../lib/gcc/arm-eabi/4.1.1/../../../../arm-eabi/lib/thumb\libg.a(lib_a-wctomb_r.o)
                                 0x20 (size before relaxing)
 *fill*         0x02014c66        0x2 ff
 .rodata.str1.4
                0x02014c68        0xf c:/devkitpro/devkitarm/bin/../lib/gcc/arm-eabi/4.1.1/../../../../arm-eabi/lib/thumb\libg.a(lib_a-locale.o)
                                 0x18 (size before relaxing)
 .rodata.str1.4
                0x00000000        0x4 c:/devkitpro/devkitarm/bin/../lib/gcc/arm-eabi/4.1.1/../../../../arm-eabi/lib/thumb\libg.a(lib_a-mbrtowc.o)
 *fill*         0x02014c77        0x1 ff
 .rodata.str1.4
                0x02014c78        0x8 c:/devkitpro/devkitarm/bin/../lib/gcc/arm-eabi/4.1.1/../../../../arm-eabi/lib/thumb\libsysbase.a(iosupport.o)
 *(.gnu.linkonce.r*)
                0x02014c80                . = ALIGN (0x4)

.ARM.extab
 *(.ARM.extab* .gnu.linkonce.armextab.*)
                0x02014c80                __exidx_start = .

.ARM.exidx
 *(.ARM.exidx* .gnu.linkonce.armexidx.*)
                0x02014c80                __exidx_end = .
                0x02014c80                . = ALIGN (0x4)
                0x02014c80                PROVIDE (__preinit_array_start, .)

.preinit_array
 *(.preinit_array)
                0x02014c80                PROVIDE (__preinit_array_end, .)
                0x02014c80                PROVIDE (__init_array_start, .)

.init_array     0x02014c80        0x4
 *(.init_array)
 .init_array    0x02014c80        0x4 c:/devkitpro/devkitarm/bin/../lib/gcc/arm-eabi/4.1.1/thumb/crtbegin.o
                0x02014c84                PROVIDE (__init_array_end, .)
                0x02014c84                PROVIDE (__fini_array_start, .)

.fini_array     0x02014c84        0x4
 *(.fini_array)
 .fini_array    0x02014c84        0x4 c:/devkitpro/devkitarm/bin/../lib/gcc/arm-eabi/4.1.1/thumb/crtbegin.o
                0x02014c88                PROVIDE (__fini_array_end, .)

.ctors          0x02014c88        0x0
 *crtbegin.o(.ctors)
 *(EXCLUDE_FILE(*crtend.o) .ctors)
 *(SORT(.ctors.*))
 *(.ctors)
                0x02014c88                . = ALIGN (0x4)

.dtors          0x02014c88        0x0
 *crtbegin.o(.dtors)
 *(EXCLUDE_FILE(*crtend.o) .dtors)
 *(SORT(.dtors.*))
 *(.dtors)
                0x02014c88                . = ALIGN (0x4)

.eh_frame       0x02014c88        0x4
 *(.eh_frame)
 .eh_frame      0x02014c88        0x0 c:/devkitpro/devkitarm/bin/../lib/gcc/arm-eabi/4.1.1/thumb/crtbegin.o
 .eh_frame      0x02014c88        0x4 c:/devkitpro/devkitarm/bin/../lib/gcc/arm-eabi/4.1.1/thumb/crtend.o
                0x02014c8c                . = ALIGN (0x4)

.gcc_except_table
                0x02014c8c        0x0
 *(.gcc_except_table)
                0x02014c8c                . = ALIGN (0x4)

.jcr            0x02014c8c        0x4
 *(.jcr)
 .jcr           0x02014c8c        0x0 c:/devkitpro/devkitarm/bin/../lib/gcc/arm-eabi/4.1.1/thumb/crtbegin.o
 .jcr           0x02014c8c        0x4 c:/devkitpro/devkitarm/bin/../lib/gcc/arm-eabi/4.1.1/thumb/crtend.o

.got
 *(.got.plt)
 *(.got)
 *(.rel.got)

.ewram          0x02014c90        0x0
                0x02014c90                __ewram_start = <code 342> (.)
 *(.ewram)
 *ewram.*(.text)
                0x02014c90                . = ALIGN (0x4)

.data           0x02014c90      0x888
                0x02014c90                __data_start = <code 342> (.)
 *(.data)
 .data          0x02014c90        0x0 c:/devkitpro/devkitarm/bin/../lib/gcc/arm-eabi/4.1.1/../../../../arm-eabi/lib/thumb/ds_arm9_crt0.o
 .data          0x02014c90        0x0 c:/devkitpro/devkitarm/bin/../lib/gcc/arm-eabi/4.1.1/thumb/crti.o
 .data          0x02014c90        0x4 c:/devkitpro/devkitarm/bin/../lib/gcc/arm-eabi/4.1.1/thumb/crtbegin.o
                0x02014c90                __dso_handle
 .data          0x02014c94        0x0 powtbl.o
 .data          0x02014c94        0x0 sintbl.o
 .data          0x02014c94        0x0 _console.o
 .data          0x02014c94        0x0 _consoleWriteLog.o
 .data          0x02014c94        0x0 disc_io.o
 .data          0x02014c94        0x0 gba_nds_fat.o
 .data          0x02014c94        0x0 inifile.o
 .data          0x02014c94        0x0 main.o
 .data          0x02014c94        0x0 plugin_dll.o
 .data          0x02014c94        0x0 rcplib.o
 .data          0x02014c94        0x0 rcplib_rcp.o
 .data          0x02014c94        0x0 shell.o
 .data          0x02014c94        0x0 smidlib.o
 .data          0x02014c94        0x0 smidlib_mtrk.o
 .data          0x02014c94        0x0 smidlib_pch.o
 .data          0x02014c94        0x0 smidlib_sm.o
 .data          0x02014c94        0x0 test.o
 .data          0x02014c94        0x0 ttacdec.o
 .data          0x02014c94        0x0 c:/devkitPro/libnds/lib\libnds9.a(console.o)
 .data          0x02014c94        0x0 c:/devkitPro/libnds/lib\libnds9.a(touch.o)
 .data          0x02014c94        0x0 c:/devkitPro/libnds/lib\libnds9.a(video.o)
 .data          0x02014c94        0x0 c:/devkitPro/libnds/lib\libnds9.a(interrupts.o)
 .data          0x02014c94        0x0 c:/devkitPro/libnds/lib\libnds9.a(biosCalls.o)
 .data          0x02014c94        0x0 c:/devkitPro/libnds/lib\libnds9.a(interruptDispatcher.o)
 .data          0x02014c94        0x0 c:/devkitPro/libnds/lib\libnds9.a(default_font.o)
 .data          0x02014c94        0x0 c:/devkitpro/devkitarm/bin/../lib/gcc/arm-eabi/4.1.1/thumb\libgcc.a(_udivsi3.o)
 .data          0x02014c94        0x0 c:/devkitpro/devkitarm/bin/../lib/gcc/arm-eabi/4.1.1/thumb\libgcc.a(_dvmd_tls.o)
 .data          0x02014c94        0x0 c:/devkitpro/devkitarm/bin/../lib/gcc/arm-eabi/4.1.1/thumb\libgcc.a(_call_via_rX.o)
 .data          0x02014c94        0x0 c:/devkitpro/devkitarm/bin/../lib/gcc/arm-eabi/4.1.1/thumb\libgcc.a(_addsubdf3.o)
 .data          0x02014c94        0x0 c:/devkitpro/devkitarm/bin/../lib/gcc/arm-eabi/4.1.1/thumb\libgcc.a(_cmpdf2.o)
 .data          0x02014c94        0x0 c:/devkitpro/devkitarm/bin/../lib/gcc/arm-eabi/4.1.1/thumb\libgcc.a(_addsubsf3.o)
 .data          0x02014c94        0x0 c:/devkitpro/devkitarm/bin/../lib/gcc/arm-eabi/4.1.1/thumb\libgcc.a(_muldivsf3.o)
 .data          0x02014c94        0x0 c:/devkitpro/devkitarm/bin/../lib/gcc/arm-eabi/4.1.1/thumb\libgcc.a(_fixunssfsi.o)
 *fill*         0x02014c94        0x4 ff
 .data          0x02014c98      0x418 c:/devkitpro/devkitarm/bin/../lib/gcc/arm-eabi/4.1.1/../../../../arm-eabi/lib/thumb\libg.a(lib_a-impure.o)
                0x02014c98                _impure_ptr
 .data          0x020150b0        0x0 c:/devkitpro/devkitarm/bin/../lib/gcc/arm-eabi/4.1.1/../../../../arm-eabi/lib/thumb\libg.a(lib_a-init.o)
 .data          0x020150b0        0x0 c:/devkitpro/devkitarm/bin/../lib/gcc/arm-eabi/4.1.1/../../../../arm-eabi/lib/thumb\libg.a(lib_a-iprintf.o)
 .data          0x020150b0        0x0 c:/devkitpro/devkitarm/bin/../lib/gcc/arm-eabi/4.1.1/../../../../arm-eabi/lib/thumb\libg.a(lib_a-memcpy.o)
 .data          0x020150b0        0x0 c:/devkitpro/devkitarm/bin/../lib/gcc/arm-eabi/4.1.1/../../../../arm-eabi/lib/thumb\libg.a(lib_a-memmove.o)
 .data          0x020150b0        0x0 c:/devkitpro/devkitarm/bin/../lib/gcc/arm-eabi/4.1.1/../../../../arm-eabi/lib/thumb\libg.a(lib_a-setvbuf.o)
 .data          0x020150b0        0x0 c:/devkitpro/devkitarm/bin/../lib/gcc/arm-eabi/4.1.1/../../../../arm-eabi/lib/thumb\libg.a(lib_a-siscanf.o)
 .data          0x020150b0        0x0 c:/devkitpro/devkitarm/bin/../lib/gcc/arm-eabi/4.1.1/../../../../arm-eabi/lib/thumb\libg.a(lib_a-strlen.o)
 .data          0x020150b0        0x0 c:/devkitpro/devkitarm/bin/../lib/gcc/arm-eabi/4.1.1/../../../../arm-eabi/lib/thumb\libg.a(lib_a-strpbrk.o)
 .data          0x020150b0        0x0 c:/devkitpro/devkitarm/bin/../lib/gcc/arm-eabi/4.1.1/../../../../arm-eabi/lib/thumb\libg.a(lib_a-vfiprintf.o)
 .data          0x020150b0        0x0 c:/devkitpro/devkitarm/bin/../lib/gcc/arm-eabi/4.1.1/../../../../arm-eabi/lib/thumb\libg.a(lib_a-vfiscanf.o)
 .data          0x020150b0        0x0 c:/devkitpro/devkitarm/bin/../lib/gcc/arm-eabi/4.1.1/../../../../arm-eabi/lib/thumb\libg.a(lib_a-wcrtomb.o)
 .data          0x020150b0        0x0 c:/devkitpro/devkitarm/bin/../lib/gcc/arm-eabi/4.1.1/../../../../arm-eabi/lib/thumb\libg.a(lib_a-wcsrtombs.o)
 .data          0x020150b0        0x0 c:/devkitpro/devkitarm/bin/../lib/gcc/arm-eabi/4.1.1/../../../../arm-eabi/lib/thumb\libg.a(lib_a-wctomb_r.o)
 .data          0x020150b0        0x0 c:/devkitpro/devkitarm/bin/../lib/gcc/arm-eabi/4.1.1/../../../../arm-eabi/lib/thumb\libg.a(lib_a-wsetup.o)
 .data          0x020150b0        0x4 c:/devkitpro/devkitarm/bin/../lib/gcc/arm-eabi/4.1.1/../../../../arm-eabi/lib/thumb\libg.a(lib_a-ctype_.o)
                0x020150b0                __ctype_ptr
 .data          0x020150b4        0x0 c:/devkitpro/devkitarm/bin/../lib/gcc/arm-eabi/4.1.1/../../../../arm-eabi/lib/thumb\libg.a(lib_a-fflush.o)
 .data          0x020150b4        0x0 c:/devkitpro/devkitarm/bin/../lib/gcc/arm-eabi/4.1.1/../../../../arm-eabi/lib/thumb\libg.a(lib_a-findfp.o)
 .data          0x020150b4        0x0 c:/devkitpro/devkitarm/bin/../lib/gcc/arm-eabi/4.1.1/../../../../arm-eabi/lib/thumb\libg.a(lib_a-fread.o)
 .data          0x020150b4        0x0 c:/devkitpro/devkitarm/bin/../lib/gcc/arm-eabi/4.1.1/../../../../arm-eabi/lib/thumb\libg.a(lib_a-freer.o)
 .data          0x020150b4        0x0 c:/devkitpro/devkitarm/bin/../lib/gcc/arm-eabi/4.1.1/../../../../arm-eabi/lib/thumb\libg.a(lib_a-fvwrite.o)
 .data          0x020150b4        0x0 c:/devkitpro/devkitarm/bin/../lib/gcc/arm-eabi/4.1.1/../../../../arm-eabi/lib/thumb\libg.a(lib_a-fwalk.o)
 .data          0x020150b4        0x0 c:/devkitpro/devkitarm/bin/../lib/gcc/arm-eabi/4.1.1/../../../../arm-eabi/lib/thumb\libg.a(lib_a-iswspace.o)
 .data          0x020150b4       0x10 c:/devkitpro/devkitarm/bin/../lib/gcc/arm-eabi/4.1.1/../../../../arm-eabi/lib/thumb\libg.a(lib_a-locale.o)
                0x020150b4                __mb_cur_max
                0x020150b8                __lc_ctype
 .data          0x020150c4        0x0 c:/devkitpro/devkitarm/bin/../lib/gcc/arm-eabi/4.1.1/../../../../arm-eabi/lib/thumb\libg.a(lib_a-makebuf.o)
 .data          0x020150c4        0x0 c:/devkitpro/devkitarm/bin/../lib/gcc/arm-eabi/4.1.1/../../../../arm-eabi/lib/thumb\libg.a(lib_a-malloc.o)
 .data          0x020150c4      0x410 c:/devkitpro/devkitarm/bin/../lib/gcc/arm-eabi/4.1.1/../../../../arm-eabi/lib/thumb\libg.a(lib_a-mallocr.o)
                0x020154d0                __malloc_sbrk_base
                0x020150c4                __malloc_av_
                0x020154cc                __malloc_trim_threshold
 .data          0x020154d4        0x0 c:/devkitpro/devkitarm/bin/../lib/gcc/arm-eabi/4.1.1/../../../../arm-eabi/lib/thumb\libg.a(lib_a-mbrtowc.o)
 .data          0x020154d4        0x0 c:/devkitpro/devkitarm/bin/../lib/gcc/arm-eabi/4.1.1/../../../../arm-eabi/lib/thumb\libg.a(lib_a-mbtowc_r.o)
 .data          0x020154d4        0x0 c:/devkitpro/devkitarm/bin/../lib/gcc/arm-eabi/4.1.1/../../../../arm-eabi/lib/thumb\libg.a(lib_a-memchr.o)
 .data          0x020154d4        0x0 c:/devkitpro/devkitarm/bin/../lib/gcc/arm-eabi/4.1.1/../../../../arm-eabi/lib/thumb\libg.a(lib_a-memset.o)
 .data          0x020154d4        0x0 c:/devkitpro/devkitarm/bin/../lib/gcc/arm-eabi/4.1.1/../../../../arm-eabi/lib/thumb\libg.a(lib_a-mlock.o)
 .data          0x020154d4        0x0 c:/devkitpro/devkitarm/bin/../lib/gcc/arm-eabi/4.1.1/../../../../arm-eabi/lib/thumb\libg.a(lib_a-reallocr.o)
 .data          0x020154d4        0x0 c:/devkitpro/devkitarm/bin/../lib/gcc/arm-eabi/4.1.1/../../../../arm-eabi/lib/thumb\libg.a(lib_a-refill.o)
 .data          0x020154d4        0x0 c:/devkitpro/devkitarm/bin/../lib/gcc/arm-eabi/4.1.1/../../../../arm-eabi/lib/thumb\libg.a(lib_a-sbrkr.o)
 .data          0x020154d4        0x0 c:/devkitpro/devkitarm/bin/../lib/gcc/arm-eabi/4.1.1/../../../../arm-eabi/lib/thumb\libg.a(lib_a-sccl.o)
 .data          0x020154d4        0x0 c:/devkitpro/devkitarm/bin/../lib/gcc/arm-eabi/4.1.1/../../../../arm-eabi/lib/thumb\libg.a(lib_a-stdio.o)
 .data          0x020154d4        0x0 c:/devkitpro/devkitarm/bin/../lib/gcc/arm-eabi/4.1.1/../../../../arm-eabi/lib/thumb\libg.a(lib_a-strcmp.o)
 .data          0x020154d4        0x0 c:/devkitpro/devkitarm/bin/../lib/gcc/arm-eabi/4.1.1/../../../../arm-eabi/lib/thumb\libg.a(lib_a-strtol.o)
 .data          0x020154d4        0x0 c:/devkitpro/devkitarm/bin/../lib/gcc/arm-eabi/4.1.1/../../../../arm-eabi/lib/thumb\libg.a(lib_a-strtoul.o)
 .data          0x020154d4        0x0 c:/devkitpro/devkitarm/bin/../lib/gcc/arm-eabi/4.1.1/../../../../arm-eabi/lib/thumb\libg.a(lib_a-ungetc.o)
 .data          0x020154d4        0x0 c:/devkitpro/devkitarm/bin/../lib/gcc/arm-eabi/4.1.1/../../../../arm-eabi/lib/thumb\libg.a(lib_a-writer.o)
 .data          0x020154d4        0x0 c:/devkitpro/devkitarm/bin/../lib/gcc/arm-eabi/4.1.1/../../../../arm-eabi/lib/thumb\libg.a(lib_a-closer.o)
 .data          0x020154d4        0x0 c:/devkitpro/devkitarm/bin/../lib/gcc/arm-eabi/4.1.1/../../../../arm-eabi/lib/thumb\libg.a(lib_a-fclose.o)
 .data          0x020154d4        0x0 c:/devkitpro/devkitarm/bin/../lib/gcc/arm-eabi/4.1.1/../../../../arm-eabi/lib/thumb\libg.a(lib_a-fstatr.o)
 .data          0x020154d4        0x0 c:/devkitpro/devkitarm/bin/../lib/gcc/arm-eabi/4.1.1/../../../../arm-eabi/lib/thumb\libg.a(lib_a-lseekr.o)
 .data          0x020154d4        0x0 c:/devkitpro/devkitarm/bin/../lib/gcc/arm-eabi/4.1.1/../../../../arm-eabi/lib/thumb\libg.a(lib_a-readr.o)
 .data          0x020154d4        0x0 c:/devkitpro/devkitarm/bin/../lib/gcc/arm-eabi/4.1.1/../../../../arm-eabi/lib/thumb\libg.a(lib_a-reent.o)
 .data          0x020154d4       0x44 c:/devkitpro/devkitarm/bin/../lib/gcc/arm-eabi/4.1.1/../../../../arm-eabi/lib/thumb\libsysbase.a(iosupport.o)
                0x020154d4                devoptab_list
 .data          0x02015518        0x0 c:/devkitpro/devkitarm/bin/../lib/gcc/arm-eabi/4.1.1/../../../../arm-eabi/lib/thumb\libsysbase.a(close.o)
 .data          0x02015518        0x0 c:/devkitpro/devkitarm/bin/../lib/gcc/arm-eabi/4.1.1/../../../../arm-eabi/lib/thumb\libsysbase.a(fstat.o)
 .data          0x02015518        0x0 c:/devkitpro/devkitarm/bin/../lib/gcc/arm-eabi/4.1.1/../../../../arm-eabi/lib/thumb\libsysbase.a(isatty.o)
 .data          0x02015518        0x0 c:/devkitpro/devkitarm/bin/../lib/gcc/arm-eabi/4.1.1/../../../../arm-eabi/lib/thumb\libsysbase.a(lseek.o)
 .data          0x02015518        0x0 c:/devkitpro/devkitarm/bin/../lib/gcc/arm-eabi/4.1.1/../../../../arm-eabi/lib/thumb\libsysbase.a(read.o)
 .data          0x02015518        0x0 c:/devkitpro/devkitarm/bin/../lib/gcc/arm-eabi/4.1.1/../../../../arm-eabi/lib/thumb\libsysbase.a(sbrk.o)
 .data          0x02015518        0x0 c:/devkitpro/devkitarm/bin/../lib/gcc/arm-eabi/4.1.1/../../../../arm-eabi/lib/thumb\libsysbase.a(write.o)
 .data          0x02015518        0x0 c:/devkitpro/devkitarm/bin/../lib/gcc/arm-eabi/4.1.1/../../../../arm-eabi/lib/thumb\libsysbase.a(malloc_vars.o)
 .data          0x02015518        0x0 c:/devkitpro/devkitarm/bin/../lib/gcc/arm-eabi/4.1.1/../../../../arm-eabi/lib/thumb\libc.a(lib_a-strncmp.o)
 .data          0x02015518        0x0 c:/devkitpro/devkitarm/bin/../lib/gcc/arm-eabi/4.1.1/thumb/crtend.o
 .data          0x02015518        0x0 c:/devkitpro/devkitarm/bin/../lib/gcc/arm-eabi/4.1.1/thumb/crtn.o
 *(.data.*)
 *(.gnu.linkonce.d*)
                0x02015518                . = ALIGN (0x4)
                0x02015518                __data_end = <code 342> (.)
                0x02015518                __dtcm_lma = .

.dtcm           0x0b000000     0x1764 load address 0x02015518
 *(.dtcm)
 .dtcm          0x0b000000      0x498 rcplib_rcp.o
                0x0b000000                RCP
 .dtcm          0x0b000498      0x288 smidlib_mtrk.o
 .dtcm          0x0b000720      0xd20 smidlib_pch.o
 .dtcm          0x0b001440      0x324 smidlib_sm.o
                0x0b001440                StdMIDI
 *(.dtcm.*)
                0x0b001764                . = ALIGN (0x4)
                0x0b001764                __dtcm_end = <code 342> (.)
                0x02016c7c                __itcm_lma = (__dtcm_lma + SIZEOF (.dtcm))

.itcm           0x01000000      0x190 load address 0x02016c7c
 *(.itcm)
 .itcm          0x01000000       0xc8 c:/devkitPro/libnds/lib\libnds9.a(interrupts.o)
                0x01000000                irqTable
 .itcm          0x010000c8       0xc8 c:/devkitPro/libnds/lib\libnds9.a(interruptDispatcher.o)
                0x010000c8                IntrMain
 *itcm.*(.text)
                0x01000190                . = ALIGN (0x4)
                0x01000190                __itcm_end = <code 342> (.)

.sbss           0x0b001764     0x1880
                0x0b001764                __sbss_start = <code 342> (.)
                0x0b001764                __sbss_start__ = <code 342> (.)
 *(.sbss)
 .sbss          0x0b001764     0x1880 gba_nds_fat.o
                0x0b0028e4                lfnName
                0x0b001764                openFiles
                0x0b0029e4                fatBuffer
                0x0b002be4                globalBuffer
                0x0b002fe4                . = ALIGN (0x4)
                0x0b002fe4                __sbss_end = <code 342> (.)
                0x02016e0c                __bss_lma = (__itcm_lma + SIZEOF (.itcm))
                0x02016e0c                __appended_data = (__itcm_lma + SIZEOF (.itcm))

.bss            0x02016e0c    0x22be8 load address 0x02016e0c
                0x02016e0c                __bss_start = <code 342> (.)
                0x02016e0c                __bss_start__ = <code 342> (.)
 *(.dynbss)
 *(.gnu.linkonce.b*)
 *(.bss*)
 .bss           0x02016e0c        0x0 c:/devkitpro/devkitarm/bin/../lib/gcc/arm-eabi/4.1.1/../../../../arm-eabi/lib/thumb/ds_arm9_crt0.o
 .bss           0x02016e0c        0x0 c:/devkitpro/devkitarm/bin/../lib/gcc/arm-eabi/4.1.1/thumb/crti.o
 .bss           0x02016e0c       0x1c c:/devkitpro/devkitarm/bin/../lib/gcc/arm-eabi/4.1.1/thumb/crtbegin.o
 .bss           0x02016e28        0x0 powtbl.o
 .bss           0x02016e28        0x0 sintbl.o
 .bss           0x02016e28        0xc _console.o
 .bss           0x02016e34        0x0 _consoleWriteLog.o
 .bss           0x02016e34    0x20c04 disc_io.o
                0x02016e34                active_interface
 .bss           0x02037a38       0x48 gba_nds_fat.o
                0x02037a7c                wrkDirOffset
                0x02037a4c                filesysNumSec
                0x02037a70                curWorkDirCluster
                0x02037a68                fatFirstFree
                0x02037a3c                filesysRootDir
                0x02037a40                filesysRootDirClus
                0x02037a78                wrkDirSector
                0x02037a44                filesysFAT
                0x02037a48                filesysSecPerFAT
                0x02037a74                wrkDirCluster
                0x02037a6c                fatBufferCurSector
                0x02037a64                fatLastCluster
                0x02037a60                filesysType
                0x02037a5c                filesysBytePerClus
                0x02037a54                filesysBytePerSec
                0x02037a58                filesysSecPerClus
                0x02037a50                filesysData
                0x02037a38                lfnExists
 .bss           0x02037a80       0xa8 inifile.o
                0x02037a80                GlobalINI
 .bss           0x02037b28      0x37c main.o
                0x02037b28                frame
 .bss           0x02037ea4        0x4 plugin_dll.o
                0x02037ea4                pStdLib
 .bss           0x02037ea8       0x14 rcplib.o
 .bss           0x02037ebc      0x32c rcplib_rcp.o
                0x02037ebc                RCP_Chank
 .bss           0x020381e8        0x0 shell.o
 .bss           0x020381e8       0x14 smidlib.o
 .bss           0x020381fc        0x0 smidlib_mtrk.o
 .bss           0x020381fc     0x1778 smidlib_pch.o
                0x020381fc                MemoryOverflowFlag
 .bss           0x02039974        0xc smidlib_sm.o
                0x02039978                gME_Copyright
                0x0203997c                gME_Title
                0x02039974                gME_Text
 .bss           0x02039980        0x0 test.o
 .bss           0x02039980        0x0 ttacdec.o
 .bss           0x02039980       0x24 c:/devkitPro/libnds/lib\libnds9.a(console.o)
                0x02039980                fontBold
 .bss           0x020399a4        0x0 c:/devkitPro/libnds/lib\libnds9.a(touch.o)
 .bss           0x020399a4        0x0 c:/devkitPro/libnds/lib\libnds9.a(video.o)
 .bss           0x020399a4        0x0 c:/devkitPro/libnds/lib\libnds9.a(interrupts.o)
 .bss           0x020399a4        0x0 c:/devkitPro/libnds/lib\libnds9.a(biosCalls.o)
 .bss           0x020399a4        0x0 c:/devkitPro/libnds/lib\libnds9.a(interruptDispatcher.o)
 .bss           0x020399a4        0x0 c:/devkitPro/libnds/lib\libnds9.a(default_font.o)
 .bss           0x020399a4        0x0 c:/devkitpro/devkitarm/bin/../lib/gcc/arm-eabi/4.1.1/thumb\libgcc.a(_udivsi3.o)
 .bss           0x020399a4        0x0 c:/devkitpro/devkitarm/bin/../lib/gcc/arm-eabi/4.1.1/thumb\libgcc.a(_dvmd_tls.o)
 .bss           0x020399a4        0x0 c:/devkitpro/devkitarm/bin/../lib/gcc/arm-eabi/4.1.1/thumb\libgcc.a(_call_via_rX.o)
 .bss           0x020399a4        0x0 c:/devkitpro/devkitarm/bin/../lib/gcc/arm-eabi/4.1.1/thumb\libgcc.a(_addsubdf3.o)
 .bss           0x020399a4        0x0 c:/devkitpro/devkitarm/bin/../lib/gcc/arm-eabi/4.1.1/thumb\libgcc.a(_cmpdf2.o)
 .bss           0x020399a4        0x0 c:/devkitpro/devkitarm/bin/../lib/gcc/arm-eabi/4.1.1/thumb\libgcc.a(_addsubsf3.o)
 .bss           0x020399a4        0x0 c:/devkitpro/devkitarm/bin/../lib/gcc/arm-eabi/4.1.1/thumb\libgcc.a(_muldivsf3.o)
 .bss           0x020399a4        0x0 c:/devkitpro/devkitarm/bin/../lib/gcc/arm-eabi/4.1.1/thumb\libgcc.a(_fixunssfsi.o)
 .bss           0x020399a4        0x0 c:/devkitpro/devkitarm/bin/../lib/gcc/arm-eabi/4.1.1/../../../../arm-eabi/lib/thumb\libg.a(lib_a-impure.o)
 .bss           0x020399a4        0x0 c:/devkitpro/devkitarm/bin/../lib/gcc/arm-eabi/4.1.1/../../../../arm-eabi/lib/thumb\libg.a(lib_a-init.o)
 .bss           0x020399a4        0x0 c:/devkitpro/devkitarm/bin/../lib/gcc/arm-eabi/4.1.1/../../../../arm-eabi/lib/thumb\libg.a(lib_a-iprintf.o)
 .bss           0x020399a4        0x0 c:/devkitpro/devkitarm/bin/../lib/gcc/arm-eabi/4.1.1/../../../../arm-eabi/lib/thumb\libg.a(lib_a-memcpy.o)
 .bss           0x020399a4        0x0 c:/devkitpro/devkitarm/bin/../lib/gcc/arm-eabi/4.1.1/../../../../arm-eabi/lib/thumb\libg.a(lib_a-memmove.o)
 .bss           0x020399a4        0x0 c:/devkitpro/devkitarm/bin/../lib/gcc/arm-eabi/4.1.1/../../../../arm-eabi/lib/thumb\libg.a(lib_a-setvbuf.o)
 .bss           0x020399a4        0x0 c:/devkitpro/devkitarm/bin/../lib/gcc/arm-eabi/4.1.1/../../../../arm-eabi/lib/thumb\libg.a(lib_a-siscanf.o)
 .bss           0x020399a4        0x0 c:/devkitpro/devkitarm/bin/../lib/gcc/arm-eabi/4.1.1/../../../../arm-eabi/lib/thumb\libg.a(lib_a-strlen.o)
 .bss           0x020399a4        0x0 c:/devkitpro/devkitarm/bin/../lib/gcc/arm-eabi/4.1.1/../../../../arm-eabi/lib/thumb\libg.a(lib_a-strpbrk.o)
 .bss           0x020399a4        0x0 c:/devkitpro/devkitarm/bin/../lib/gcc/arm-eabi/4.1.1/../../../../arm-eabi/lib/thumb\libg.a(lib_a-vfiprintf.o)
 .bss           0x020399a4        0x0 c:/devkitpro/devkitarm/bin/../lib/gcc/arm-eabi/4.1.1/../../../../arm-eabi/lib/thumb\libg.a(lib_a-vfiscanf.o)
 .bss           0x020399a4        0x0 c:/devkitpro/devkitarm/bin/../lib/gcc/arm-eabi/4.1.1/../../../../arm-eabi/lib/thumb\libg.a(lib_a-wcrtomb.o)
 .bss           0x020399a4        0x0 c:/devkitpro/devkitarm/bin/../lib/gcc/arm-eabi/4.1.1/../../../../arm-eabi/lib/thumb\libg.a(lib_a-wcsrtombs.o)
 .bss           0x020399a4        0x0 c:/devkitpro/devkitarm/bin/../lib/gcc/arm-eabi/4.1.1/../../../../arm-eabi/lib/thumb\libg.a(lib_a-wctomb_r.o)
 .bss           0x020399a4        0x0 c:/devkitpro/devkitarm/bin/../lib/gcc/arm-eabi/4.1.1/../../../../arm-eabi/lib/thumb\libg.a(lib_a-wsetup.o)
 .bss           0x020399a4        0x0 c:/devkitpro/devkitarm/bin/../lib/gcc/arm-eabi/4.1.1/../../../../arm-eabi/lib/thumb\libg.a(lib_a-ctype_.o)
 .bss           0x020399a4        0x0 c:/devkitpro/devkitarm/bin/../lib/gcc/arm-eabi/4.1.1/../../../../arm-eabi/lib/thumb\libg.a(lib_a-fflush.o)
 .bss           0x020399a4        0x0 c:/devkitpro/devkitarm/bin/../lib/gcc/arm-eabi/4.1.1/../../../../arm-eabi/lib/thumb\libg.a(lib_a-findfp.o)
 .bss           0x020399a4        0x0 c:/devkitpro/devkitarm/bin/../lib/gcc/arm-eabi/4.1.1/../../../../arm-eabi/lib/thumb\libg.a(lib_a-fread.o)
 .bss           0x020399a4        0x0 c:/devkitpro/devkitarm/bin/../lib/gcc/arm-eabi/4.1.1/../../../../arm-eabi/lib/thumb\libg.a(lib_a-freer.o)
 .bss           0x020399a4        0x0 c:/devkitpro/devkitarm/bin/../lib/gcc/arm-eabi/4.1.1/../../../../arm-eabi/lib/thumb\libg.a(lib_a-fvwrite.o)
 .bss           0x020399a4        0x0 c:/devkitpro/devkitarm/bin/../lib/gcc/arm-eabi/4.1.1/../../../../arm-eabi/lib/thumb\libg.a(lib_a-fwalk.o)
 .bss           0x020399a4        0x0 c:/devkitpro/devkitarm/bin/../lib/gcc/arm-eabi/4.1.1/../../../../arm-eabi/lib/thumb\libg.a(lib_a-iswspace.o)
 .bss           0x020399a4        0xc c:/devkitpro/devkitarm/bin/../lib/gcc/arm-eabi/4.1.1/../../../../arm-eabi/lib/thumb\libg.a(lib_a-locale.o)
                0x020399a4                __nlocale_changed
                0x020399a8                __mlocale_changed
                0x020399ac                _PathLocale
 .bss           0x020399b0        0x0 c:/devkitpro/devkitarm/bin/../lib/gcc/arm-eabi/4.1.1/../../../../arm-eabi/lib/thumb\libg.a(lib_a-makebuf.o)
 .bss           0x020399b0        0x0 c:/devkitpro/devkitarm/bin/../lib/gcc/arm-eabi/4.1.1/../../../../arm-eabi/lib/thumb\libg.a(lib_a-malloc.o)
 .bss           0x020399b0       0x34 c:/devkitpro/devkitarm/bin/../lib/gcc/arm-eabi/4.1.1/../../../../arm-eabi/lib/thumb\libg.a(lib_a-mallocr.o)
                0x020399b0                __malloc_top_pad
                0x020399b4                __malloc_max_sbrked_mem
                0x020399bc                __malloc_current_mallinfo
                0x020399b8                __malloc_max_total_mem
 .bss           0x020399e4        0x0 c:/devkitpro/devkitarm/bin/../lib/gcc/arm-eabi/4.1.1/../../../../arm-eabi/lib/thumb\libg.a(lib_a-mbrtowc.o)
 .bss           0x020399e4        0x0 c:/devkitpro/devkitarm/bin/../lib/gcc/arm-eabi/4.1.1/../../../../arm-eabi/lib/thumb\libg.a(lib_a-mbtowc_r.o)
 .bss           0x020399e4        0x0 c:/devkitpro/devkitarm/bin/../lib/gcc/arm-eabi/4.1.1/../../../../arm-eabi/lib/thumb\libg.a(lib_a-memchr.o)
 .bss           0x020399e4        0x0 c:/devkitpro/devkitarm/bin/../lib/gcc/arm-eabi/4.1.1/../../../../arm-eabi/lib/thumb\libg.a(lib_a-memset.o)
 .bss           0x020399e4        0x0 c:/devkitpro/devkitarm/bin/../lib/gcc/arm-eabi/4.1.1/../../../../arm-eabi/lib/thumb\libg.a(lib_a-mlock.o)
 .bss           0x020399e4        0x0 c:/devkitpro/devkitarm/bin/../lib/gcc/arm-eabi/4.1.1/../../../../arm-eabi/lib/thumb\libg.a(lib_a-reallocr.o)
 .bss           0x020399e4        0x0 c:/devkitpro/devkitarm/bin/../lib/gcc/arm-eabi/4.1.1/../../../../arm-eabi/lib/thumb\libg.a(lib_a-refill.o)
 .bss           0x020399e4        0x0 c:/devkitpro/devkitarm/bin/../lib/gcc/arm-eabi/4.1.1/../../../../arm-eabi/lib/thumb\libg.a(lib_a-sbrkr.o)
 .bss           0x020399e4        0x0 c:/devkitpro/devkitarm/bin/../lib/gcc/arm-eabi/4.1.1/../../../../arm-eabi/lib/thumb\libg.a(lib_a-sccl.o)
 .bss           0x020399e4        0x0 c:/devkitpro/devkitarm/bin/../lib/gcc/arm-eabi/4.1.1/../../../../arm-eabi/lib/thumb\libg.a(lib_a-stdio.o)
 .bss           0x020399e4        0x0 c:/devkitpro/devkitarm/bin/../lib/gcc/arm-eabi/4.1.1/../../../../arm-eabi/lib/thumb\libg.a(lib_a-strcmp.o)
 .bss           0x020399e4        0x0 c:/devkitpro/devkitarm/bin/../lib/gcc/arm-eabi/4.1.1/../../../../arm-eabi/lib/thumb\libg.a(lib_a-strtol.o)
 .bss           0x020399e4        0x0 c:/devkitpro/devkitarm/bin/../lib/gcc/arm-eabi/4.1.1/../../../../arm-eabi/lib/thumb\libg.a(lib_a-strtoul.o)
 .bss           0x020399e4        0x0 c:/devkitpro/devkitarm/bin/../lib/gcc/arm-eabi/4.1.1/../../../../arm-eabi/lib/thumb\libg.a(lib_a-ungetc.o)
 .bss           0x020399e4        0x0 c:/devkitpro/devkitarm/bin/../lib/gcc/arm-eabi/4.1.1/../../../../arm-eabi/lib/thumb\libg.a(lib_a-writer.o)
 .bss           0x020399e4        0x0 c:/devkitpro/devkitarm/bin/../lib/gcc/arm-eabi/4.1.1/../../../../arm-eabi/lib/thumb\libg.a(lib_a-closer.o)
 .bss           0x020399e4        0x0 c:/devkitpro/devkitarm/bin/../lib/gcc/arm-eabi/4.1.1/../../../../arm-eabi/lib/thumb\libg.a(lib_a-fclose.o)
 .bss           0x020399e4        0x0 c:/devkitpro/devkitarm/bin/../lib/gcc/arm-eabi/4.1.1/../../../../arm-eabi/lib/thumb\libg.a(lib_a-fstatr.o)
 .bss           0x020399e4        0x0 c:/devkitpro/devkitarm/bin/../lib/gcc/arm-eabi/4.1.1/../../../../arm-eabi/lib/thumb\libg.a(lib_a-lseekr.o)
 .bss           0x020399e4        0x0 c:/devkitpro/devkitarm/bin/../lib/gcc/arm-eabi/4.1.1/../../../../arm-eabi/lib/thumb\libg.a(lib_a-readr.o)
 .bss           0x020399e4        0x0 c:/devkitpro/devkitarm/bin/../lib/gcc/arm-eabi/4.1.1/../../../../arm-eabi/lib/thumb\libg.a(lib_a-reent.o)
 .bss           0x020399e4        0x0 c:/devkitpro/devkitarm/bin/../lib/gcc/arm-eabi/4.1.1/../../../../arm-eabi/lib/thumb\libsysbase.a(iosupport.o)
 .bss           0x020399e4        0x0 c:/devkitpro/devkitarm/bin/../lib/gcc/arm-eabi/4.1.1/../../../../arm-eabi/lib/thumb\libsysbase.a(close.o)
 .bss           0x020399e4        0x0 c:/devkitpro/devkitarm/bin/../lib/gcc/arm-eabi/4.1.1/../../../../arm-eabi/lib/thumb\libsysbase.a(fstat.o)
 .bss           0x020399e4        0x0 c:/devkitpro/devkitarm/bin/../lib/gcc/arm-eabi/4.1.1/../../../../arm-eabi/lib/thumb\libsysbase.a(isatty.o)
 .bss           0x020399e4        0x0 c:/devkitpro/devkitarm/bin/../lib/gcc/arm-eabi/4.1.1/../../../../arm-eabi/lib/thumb\libsysbase.a(lseek.o)
 .bss           0x020399e4        0x0 c:/devkitpro/devkitarm/bin/../lib/gcc/arm-eabi/4.1.1/../../../../arm-eabi/lib/thumb\libsysbase.a(read.o)
 .bss           0x020399e4        0x4 c:/devkitpro/devkitarm/bin/../lib/gcc/arm-eabi/4.1.1/../../../../arm-eabi/lib/thumb\libsysbase.a(sbrk.o)
 .bss           0x020399e8        0x0 c:/devkitpro/devkitarm/bin/../lib/gcc/arm-eabi/4.1.1/../../../../arm-eabi/lib/thumb\libsysbase.a(write.o)
 .bss           0x020399e8        0x8 c:/devkitpro/devkitarm/bin/../lib/gcc/arm-eabi/4.1.1/../../../../arm-eabi/lib/thumb\libsysbase.a(malloc_vars.o)
                0x020399ec                fake_heap_start
                0x020399e8                fake_heap_end
 .bss           0x020399f0        0x0 c:/devkitpro/devkitarm/bin/../lib/gcc/arm-eabi/4.1.1/../../../../arm-eabi/lib/thumb\libc.a(lib_a-strncmp.o)
 .bss           0x020399f0        0x0 c:/devkitpro/devkitarm/bin/../lib/gcc/arm-eabi/4.1.1/thumb/crtend.o
 .bss           0x020399f0        0x0 c:/devkitpro/devkitarm/bin/../lib/gcc/arm-eabi/4.1.1/thumb/crtn.o
 *(COMMON)
 COMMON         0x020399f0        0x4 c:/devkitpro/devkitarm/bin/../lib/gcc/arm-eabi/4.1.1/../../../../arm-eabi/lib/thumb\libg.a(lib_a-reent.o)
                0x020399f0                errno
                0x020399f4                . = ALIGN (0x4)
                0x020399f4                __bss_end = <code 342> (.)
                0x020399f4                __bss_end__ = __bss_end
                0x020399f4                _end = .
                0x020399f4                __end__ = .
                0x020399f4                PROVIDE (end, _end)

.stab
 *(.stab)

.stabstr
 *(.stabstr)

.stab.excl
 *(.stab.excl)

.stab.exclstr
 *(.stab.exclstr)

.stab.index
 *(.stab.index)

.stab.indexstr
 *(.stab.indexstr)

.comment        0x00000000      0xcd0
 *(.comment)
 .comment       0x00000000       0x29 c:/devkitpro/devkitarm/bin/../lib/gcc/arm-eabi/4.1.1/thumb/crtbegin.o
 .comment       0x00000029       0x29 _console.o