# The configuration file of reproducing the VSC 3.0
# Ver.6.4.1 2002/05/19 Presented by SYUUHOU.


drumset 32
#extension copydrumset 0
26 GUS/castinet.pat note=95 pan=10 amp=96
35 GUS/gsdrum00/kick1.pat amp=96
36 GUS/kick2.pat amp=102
38 GUS/gsdrum00/snare1.pat note=35 amp=78
42 GUS/power/hihatcl.pat note=47 pan=30 amp=54
44 GUS/power/h-hihatp.pat strip=tail note=45 pan=30 amp=48
46 gusperc/hihatop.pat note=60 pan=50 amp=162
64 GUS/gsdrum00/congalo.pat pan=-20 amp=55
88 GUS/applause.pat note=64 keep=env keep=loop amp=150
100 GUS/gsdrum40/br_swish.pat note=22 amp=66
101 GUS/gsdrum40/br_swish.pat note=18 amp=66
102 GUS/gsdrum40/br_slap.pat note=48 amp=114
103 GUS/gsdrum40/br_slap.pat note=44 amp=114
104 GUS/gsdrum40/br_slap.pat note=40 amp=90
105 GUS/gsdrum40/br_swirl.pat note=38 amp=42
106 GUS/gsdrum40/br_swirl.pat note=37 amp=42
107 GUS/gsdrum40/br_swirl.pat note=38 amp=42
108 GUS/gsdrum00/snare2.pat note=37 amp=72
109 GUS/snare1.pat note=38 amp=90
110 GUS/gsdrum00/snare1.pat note=38 amp=90
111 GUS/snare1.pat note=38 amp=90
112 GUS/gsdrum00/snare2.pat note=41 amp=84
113 GUS/snare1.pat note=42 amp=84
114 GUS/gsdrum00/snare1.pat note=42 amp=72
115 GUS/gsdrum00/snare1.pat note=40 amp=72
116 GUS/snare1.pat note=39 amp=78
117 GUS/gsdrum00/snare2.pat note=42 amp=72
118 GUS/gsdrum00/snare2.pat note=37 amp=72
119 GUS/snare1.pat note=38 amp=90
120 GUS/gsdrum00/snare2.pat note=36 amp=84
121 GUS/gsdrum00/snare2.pat note=38 amp=90
122 GUS/power/gatesd1.pat note=34 amp=90
123 GUS/timbaleh.pat note=58 pan=0 amp=66
124 GUS/power/gatesd2.pat note=38 amp=120
125 GUS/gsdrum25/808snare.pat note=32 amp=120
126 wowpats/realtom1.pat note=62 pan=0 amp=150
127 wowpats/realtom1.pat note=66 pan=0 amp=150

