# The configuration file of reproducing the VSC 3.0
# Ver.6.4.1 2002/05/19 Presented by SYUUHOU.


drumset 0
35 release/kick1.pat strip=tail amp=120
36 release/kick2.pat strip=tail amp=120
37 GUS/stickrim.pat pan=0 amp=120
38 GUS/snare1.pat amp=90
39 GUS/claps.pat note=42 pan=-25 amp=65
40 GUS/gsdrum00/snare1.pat note=38 amp=90
41 GUS/tomlo2.pat note=39 pan=-50 amp=78
42 GUS/power/hihatcl.pat note=46 pan=30 amp=54
43 GUS/tomlo1.pat note=42 pan=-30 amp=78
44 GUS/power/h-hihatp.pat note=44 strip=tail pan=30 amp=48
45 GUS/tommid2.pat note=44 pan=-10 amp=78
46 gusperc/hihatop.pat note=60 pan=50 amp=162
47 GUS/tommid1.pat note=46 pan=10 amp=78
48 GUS/tomhi2.pat note=47 pan=30 amp=78
49 GUS/cymcrsh2.pat note=56 pan=50 amp=144
50 GUS/tomhi1.pat note=51 pan=50 amp=78
51 gusperc/cymride1.pat note=60 pan=-30 amp=162
52 gusperc/cymchina.pat note=60 pan=-30 amp=72
53 GUS/gsdrum00/cymride1.pat note=45 pan=-30 amp=54
54 GUS/tamborin.pat note=57 strip=tail amp=65
55 GUS/gsdrum00/cymsplsh.pat note=60 pan=-30 amp=48
56 GUS/gsdrum00/cowbell.pat note=57 pan=30 amp=90
57 GUS/cymcrsh2.pat note=58 pan=-50 amp=144

