# The configuration file of reproducing the VSC 3.0
# Ver.6.4.1 2002/05/19 Presented by SYUUHOU.


drumset 53
32 GUS/revcym.pat note=50 pan=54 amp=6
33 GUS/gsdrum40/br_swirl.pat note=49 pan=50 amp=12
34 GUS/gsdrum40/br_swirl.pat note=45 pan=50 amp=12
35 GUS/tamborin.pat note=56 strip=tail pan=50 amp=132
36 GUS/power/hihatcl.pat note=44 pan=30 amp=36
37 GUS/power/hihatcl.pat note=42 pan=30 amp=24
38 GUS/gsdrum00/hihatcl.pat note=38 pan=50 amp=42
39 GUS/power/hihatcl.pat note=40 pan=30 amp=30
40 GUS/power/hihatcl.pat note=44 pan=30 amp=48
41 GUS/gsdrum00/hihatcl.pat note=32 pan=50 amp=30
42 GUS/gsdrum00/hihatcl.pat note=38 pan=50 amp=42
43 GUS/gsdrum25/808hhc.pat pan=30 amp=120
44 GUS/gsdrum25/808hhc.pat pan=30 amp=72
45 GUS/gsdrum25/78hhc.pat note=32 pan=50 amp=90
46 GUS/power/h-hihatp.pat strip=tail note=42 pan=30 amp=42
47 GUS/power/h-hihatp.pat strip=tail note=44 pan=30 amp=48
48 GUS/power/h-hihatp.pat strip=tail note=50 pan=30 amp=72
49 gusperc/hihatop.pat note=60 pan=50 amp=162
50 gusperc/hihatop.pat note=62 pan=50 amp=138
51 gusperc/hihatop.pat note=60 pan=50 amp=144
52 gusperc/hihatop.pat note=59 pan=50 amp=102
53 gusperc/hihatop.pat note=60 pan=50 amp=120
54 gusperc/hihatop.pat note=63 pan=50 amp=90
55 GUS/gsdrum25/909hho.pat note=48 pan=30 amp=150
56 GUS/gsdrum00/hihatop.pat note=34 pan=50 amp=30
57 GUS/gsdrum25/808hho.pat note=43 pan=50 amp=132
58 GUS/gsdrum25/808hho.pat note=42 pan=50 amp=120
59 GUS/gsdrum25/808hho.pat note=42 pan=50 amp=120
60 GUS/gsdrum25/78hho.pat note=40 pan=40 amp=120
61 GUS/cymcrsh2.pat note=58 pan=50 amp=48
62 GUS/cymcrsh2.pat note=56 pan=-50 amp=132
63 GUS/cymcrsh2.pat note=57 pan=50 amp=120
64 GUS/cymcrsh2.pat note=56 pan=-50 amp=36
65 GUS/cymcrsh2.pat note=59 pan=50 amp=108
66 GUS/cymcrsh2.pat note=58 pan=-50 amp=120
67 GUS/gsdrum25/808crsh1.pat note=28 strip=tail pan=50 amp=72
68 GUS/cymcrsh1.pat note=56 pan=30 amp=96
69 GUS/cymcrsh1.pat note=58 pan=-50 amp=84
70 GUS/revcym.pat note=50 pan=50 amp=36
71 GUS/revcym.pat note=56 pan=-50 amp=30
72 GUS/revcym.pat note=58 pan=50 amp=30
73 GUS/revcym.pat note=54 pan=-50 amp=30
74 GUS/gsdrum00/cymsplsh.pat note=60 pan=-30 amp=48
75 GUS/gsdrum00/cymsplsh.pat note=59 pan=-30 amp=48
76 GUS/gsdrum00/cymride1.pat note=45 pan=-30 amp=54
77 GUS/gsdrum00/cymride1.pat note=45 pan=-30 amp=54
78 gusperc/cymride1.pat note=61 pan=-30 amp=120
79 gusperc/cymride1.pat note=59 pan=-30 amp=120
80 gusperc/cymride1.pat note=62 pan=-30 amp=120
81 gusperc/cymride1.pat note=60 pan=-30 amp=90
82 gusperc/cymride1.pat note=59 pan=-30 amp=66
83 gusperc/cymride1.pat note=62 pan=-30 amp=54
84 GUS/cymride1.pat note=47 pan=-30 amp=72
85 GUS/cymride1.pat note=46 pan=-30 amp=72
86 GUS/cymride1.pat note=50 pan=-30 amp=90
87 GUS/gsdrum25/808cymb.pat strip=tail note=55 pan=-30 amp=180
88 GUS/gsdrum25/808cymb.pat strip=tail note=54 pan=-30 amp=240
89 gusperc/cymchina.pat note=60 pan=-30 amp=90
90 gusperc/cymchina.pat note=62 pan=-30 amp=90
91 GUS/claps.pat note=44 amp=65
92 GUS/claps.pat note=44 amp=65
93 GUS/claps.pat note=51 amp=72
94 GUS/claps.pat note=40 amp=65
95 GUS/claps.pat note=42 amp=65
96 GUS/claps.pat note=47 amp=90

