# Revised June 4, 1993
#
# MT-32 .cfg file for Advanced Gravis UltraSound.  Revised for the latest
# patches.  This is as close as it'll get, I think.  All the things which I 
# couldn't find ANY close match, I've commented with the actual instrument
# name.  (Only 125 and 126)
#
# If you have any questions/comments, then e-mail me:
#
# Anthony Tang
# aktang@ucsd.edu
#

##############################################################################
#
# Converted for TiMidity April 27, 1995
# I changed a couple of instrument names and took out the drum assignments,
# as they seemed identical with the GM set.
#
# This doesn't really make MT32 files sound _good_ on TiMidity,
# there's something weird about the tuning.
#
# 	..tt

bank 127
0 GUS/acpiano.pat
1 GUS/britepno.pat
2 GUS/synpiano.pat
3 GUS/epiano1.pat
4 GUS/epiano2.pat
5 GUS/epiano1.pat
6 GUS/epiano2.pat
7 GUS/honky.pat
8 GUS/homeorg.pat
9 GUS/percorg.pat
10 GUS/rockorg.pat
11 GUS/rockorg.pat
12 GUS/church.pat
13 GUS/church.pat
14 GUS/reedorg.pat
15 GUS/accordn.pat
16 GUS/hrpschrd.pat
17 GUS/hrpschrd.pat
18 GUS/hrpschrd.pat
19 GUS/clavinet.pat
20 GUS/clavinet.pat
21 GUS/clavinet.pat
22 GUS/celeste.pat
23 GUS/celeste.pat
24 GUS/synbras1.pat
25 GUS/synbras2.pat
26 GUS/synbras1.pat
27 GUS/synbras2.pat
28 GUS/synbass1.pat
29 GUS/synbass2.pat
30 GUS/synbass1.pat
31 GUS/synbass2.pat
32 GUS/fantasia.pat
33 GUS/warmpad.pat
34 GUS/choir.pat
35 GUS/agogo.pat
36 GUS/soundtrk.pat
37 GUS/aurora.pat
38 GUS/ghostie.pat
39 GUS/voxlead.pat
40 GUS/metbell.pat
41 GUS/unicorn.pat
42 GUS/oboe.pat
43 GUS/sweeper.pat
44 GUS/lead5th.pat
45 GUS/startrak.pat
46 GUS/fantasia.pat
47 GUS/sqrwave.pat
48 GUS/marcato.pat
49 GUS/slowstr.pat
50 GUS/synstr1.pat
51 GUS/pizzcato.pat
52 GUS/violin.pat
53 GUS/violin.pat
54 GUS/cello.pat
55 GUS/cello.pat
56 GUS/contraba.pat
57 GUS/harp.pat
58 GUS/harp.pat
59 GUS/nyguitar.pat
60 GUS/acguitar.pat
61 GUS/jazzgtr.pat
62 GUS/cleangtr.pat
63 GUS/sitar.pat
64 GUS/acbass.pat
65 GUS/fngrbass.pat
66 GUS/pickbass.pat
67 GUS/synbass2.pat
68 GUS/slapbas1.pat
69 GUS/slapbas2.pat
70 GUS/fretless.pat
71 GUS/fretless.pat
72 GUS/flute.pat
73 GUS/flute.pat
74 GUS/piccolo.pat
75 GUS/piccolo.pat
76 GUS/recorder.pat
77 GUS/woodflut.pat
78 GUS/sprnosax.pat
79 GUS/altosax.pat
80 GUS/tenorsax.pat
81 GUS/barisax.pat
82 GUS/clarinet.pat
83 GUS/clarinet.pat
84 GUS/oboe.pat
85 GUS/englhorn.pat
86 GUS/bassoon.pat
87 GUS/harmonca.pat
88 GUS/trumpet.pat
89 GUS/mutetrum.pat
90 GUS/trombone.pat
91 GUS/trombone.pat
92 GUS/frenchrn.pat
93 GUS/frenchrn.pat
94 GUS/tuba.pat
95 GUS/hitbrass.pat
96 GUS/hitbrass.pat
97 GUS/vibes.pat
98 GUS/vibes.pat
99 GUS/marimba.pat
100 GUS/fantasia.pat
101 GUS/glocken.pat
102 GUS/tubebell.pat
103 GUS/xylophon.pat
104 GUS/marimba.pat
105 GUS/koto.pat
106 GUS/shannai.pat
107 GUS/shakazul.pat
108 GUS/whistle1.pat amp=50
109 GUS/whistle2.pat amp=50
110 GUS/fx-blow.pat
111 GUS/fx-blow.pat
112 GUS/timpani.pat
113 GUS/toms.pat
114 GUS/snare1.pat
115 GUS/snare1.pat
116 GUS/snare1.pat
117 GUS/taiko.pat
#118 taiko rim
119 GUS/cymbell.pat
120 GUS/castinet.pat
121 GUS/triangl1.pat
122 GUS/orchhit.pat
123 GUS/telephon.pat
124 GUS/jungle.pat
#125 One Note Jam
#126 Water Bells
#127 Jungle Tune
