# The configuration file of reproducing the VSC 3.0
# Ver.6.4.1 2002/05/19 Presented by SYUUHOU.


drumset 49
25 GUS/castinet.pat note=94 amp=90
26 GUS/tamborin.pat note=57 strip=tail amp=65
27 GUS/castinet.pat note=86 amp=90
28 release/cymbcrsh.pat note=58 strip=tail pan=50 amp=150
29 mazpat/FX/SN-ROLL.PAT note=65 amp=90
30 GUS/gsdrum00/snare1.pat strip=tail amp=90
31 release/cymbcrsh.pat note=65 strip=tail pan=-50 amp=240
32 release/timpani.pat note=30 strip=tail amp=120
33 GUS/jingles.pat note=82 amp=60
34 GUS/belltree.pat note=84 amp=90
35 GUS/sfx/windchim.pat note=55 strip=tail amp=30
36 GUS/taiko.pat note=67 amp=110
37 GUS/sticks.pat note=20 amp=90
38 GUS/gsdrum00/congalo.pat note=70 strip=tail amp=90
39 gusperc/triangl2.pat note=57 pan=50 amp=90
40 GUS/metbell.pat note=32 pan=50 amp=240
41 gusperc/agogolo.pat note=66 amp=90
42 gusperc/agogolo.pat note=58 amp=90
43 wowpats/realtom6.pat note=60 pan=20 amp=100
44 gusperc/agogolo.pat note=69 amp=100
45 GUS/cymchina.pat note=31 pan=-50 amp=110
46 GUS/cymchina.pat note=36 pan=50 amp=110
47 gusperc/timbaleh.pat note=60 strip=tail pan=30 amp=48
48 GUS/toms.pat note=78 amp=60
49 gusperc/triangl2.pat note=67 pan=-50 amp=90
50 gusperc/triangl1.pat note=16 amp=42
51 wowpats/realtom1.pat note=58 pan=50 amp=30
52 GUS/toms.pat note=54 pan=50 amp=72
53 GUS/sticks.pat note=17 pan=50 amp=70
54 roland/C3SNTDRM.PAT note=40 pan=50 amp=90
55 GUS/gsdrum00/congalo.pat note=64 strip=tail pan=50 amp=54
56 GUS/gsdrum00/congalo.pat note=63 strip=tail pan=50 amp=18
57 GUS/bongolo.pat note=64 pan=60 amp=180
58 GUS/bongohi.pat note=57 pan=60 amp=75
59 GUS/gsdrum00/congahi2.pat note=65 amp=70
60 GUS/toms.pat note=58 amp=42
61 wowpats/realtom1.pat note=53 pan=-50 amp=72
62 wowpats/realtom1.pat note=50 pan=30 amp=72
63 GUS/toms.pat note=57 pan=50 amp=48
64 GUS/gsdrum00/cabasa.pat note=53 strip=tail pan=-50 amp=12
65 GUS/toms.pat note=49 pan=-50 amp=65
66 gusperc/timbaleh.pat note=59 strip=tail pan=-30 amp=50
67 gusperc/timbalel.pat note=60 strip=tail pan=30 amp=90
68 GUS/sticks.pat note=31 pan=50 amp=90
69 gusperc/timbaleh.pat note=60 strip=tail pan=30 amp=90
70 GUS/gsdrum00/cowbell.pat note=58 amp=65
71 GUS/bongohi.pat note=60 pan=61 amp=150
72 GUS/bongolo.pat note=60 pan=60 amp=180
73 GUS/congahi1.pat note=68 pan=-50 amp=55
74 GUS/bongolo.pat note=65 pan=-50 amp=180
75 GUS/congahi1.pat note=64 pan=-50 amp=55
76 GUS/gsdrum00/congalo.pat note=74 pan=-50 amp=50
77 GUS/gsdrum00/congalo.pat note=67 amp=60
78 GUS/cuica1.pat note=58 amp=30
79 GUS/tamborin.pat note=56 strip=tail amp=65
80 GUS/toms.pat note=74 pan=50 amp=48
81 GUS/taiko.pat note=70 pan=-30 amp=110
82 GUS/taiko.pat note=70 pan=-30 amp=110
83 GUS/tamborin.pat note=54 strip=tail amp=72
84 gusperc/agogolo.pat note=60 pan=30 amp=55
85 gusperc/agogolo.pat note=55 pan=-50 amp=90
86 GUS/gsdrum00/cabasa.pat note=75 strip=tail pan=50 amp=120
87 GUS/whistle1.pat note=76 keep=loop amp=48
88 GUS/whistle1.pat note=72 keep=loop amp=48
89 GUS/cuica1.pat note=73 amp=55
90 GUS/cuica2.pat note=79 amp=55
91 GUS/triangl1.pat note=76 amp=72
92 GUS/triangl2.pat note=77 amp=72
93 GUS/gsdrum00/guiro1.pat note=73 amp=90
94 GUS/gsdrum00/guiro2.pat note=74 amp=75
95 GUS/gsdrum00/cabasa.pat note=69 strip=tail amp=55
96 GUS/maracas.pat note=70 amp=65
97 GUS/clave.pat note=75 amp=75
98 GUS/woodblk2.pat note=82 amp=120
99 GUS/woodblk2.pat note=77 amp=120

