# The configuration file of reproducing the VSC 3.0
# Ver.6.4.1 2002/05/19 Presented by SYUUHOU.


drumset 50
25 GUS/gsdrum25/78kick.pat note=36 amp=96
26 GUS/gsdrum25/78kick.pat note=32 amp=96
27 GUS/gsdrum25/78kick.pat note=28 amp=96
28 GUS/gsdrum00/kick2.pat note=34 amp=132
29 GUS/gsdrum25/808kick.pat note=34 amp=144
30 GUS/power/powrkic3.pat note=36 strip=tail amp=132
31 GUS/gsdrum25/909kick.pat note=36 amp=180
32 wime/wimebd.pat note=34 amp=180
33 GUS/gsdrum00/kick2.pat note=34 amp=102
34 wime/wimesd.pat note=31 amp=138
35 GUS/gsdrum25/909kick.pat note=28 amp=180
36 wime/wimebd.pat note=35 amp=180
37 GUS/gsdrum25/909kick.pat note=28 amp=180
38 GUS/gsdrum00/kick1.pat note=35 amp=102
39 GUS/gsdrum00/kick2.pat note=32 amp=132
40 GUS/gsdrum00/kick2.pat note=36 amp=132
41 GUS/gsdrum00/kick1.pat note=35 amp=102
42 GUS/gsdrum00/kick2.pat note=34 amp=120
43 GUS/gsdrum00/kick1.pat note=35 amp=102
44 GUS/gsdrum00/kick2.pat note=36 amp=120
45 GUS/gsdrum00/kick1.pat note=35 amp=150
46 GUS/gsdrum00/kick2.pat note=36 amp=102
47 GUS/gsdrum00/kick2.pat note=36 amp=150
48 GUS/gsdrum00/kick1.pat note=35 amp=120
49 roland/C2TIMPNI.PAT note=30 strip=tail amp=65
50 GUS/gsdrum00/kick2.pat note=36 amp=168
51 GUS/gsdrum00/kick1.pat note=35 amp=132
52 GUS/power/powrkic1.pat note=36 strip=tail amp=132
53 GUS/gsdrum00/kick1.pat note=35 amp=138
54 GUS/power/powrkic3.pat note=36 strip=tail amp=60
55 GUS/gsdrum00/kick1.pat note=35 amp=138
56 wowpats/realtom1.pat note=50 pan=0 amp=108
57 GUS/gsdrum25/808kick.pat note=36 amp=132
58 GUS/gsdrum25/909kick.pat note=35 amp=132
59 GUS/gsdrum00/kick2.pat note=34 amp=90
60 GUS/gsdrum00/snare2.pat note=38 strip=tail amp=90
61 GUS/gsdrum00/snare1.pat note=32 strip=tail amp=90
62 GUS/gsdrum00/snare2.pat note=42 strip=tail amp=90
63 GUS/gsdrum00/snare1.pat note=34 strip=tail amp=90
64 GUS/power/h-snare.pat note=38 strip=tail amp=120
65 GUS/power/h-snare.pat note=38 strip=tail amp=120
66 GUS/gsdrum00/snare2.pat note=38 strip=tail amp=90
67 GUS/gsdrum00/snare2.pat note=32 strip=tail amp=120
68 GUS/gsdrum00/snare2.pat note=37 strip=tail amp=90
69 GUS/gsdrum00/snare1.pat note=32 strip=tail amp=90
70 GUS/power/h-snare.pat note=40 strip=tail amp=138
71 GUS/power/h-snare.pat note=40 strip=tail amp=138
72 GUS/gsdrum00/snare2.pat note=33 amp=90
73 GUS/gsdrum00/snare2.pat note=42 strip=tail amp=120
74 GUS/power/gatesd2.pat note=38 amp=120
75 GUS/power/h-snare.pat note=46 strip=tail amp=138
76 wowpats/realtom1.pat note=62 pan=0 amp=150
77 GUS/gsdrum00/snare1.pat note=39 strip=tail amp=72
78 wowpats/realtom1.pat note=62 pan=0 amp=150
79 wowpats/realtom1.pat note=66 pan=0 amp=150
80 GUS/gsdrum25/808snare.pat note=26 amp=114
81 GUS/gsdrum25/808snar2.pat note=43 amp=108
82 GUS/gsdrum25/909snare.pat note=38 amp=90
83 GUS/gsdrum25/909snare.pat note=43 amp=108
84 GUS/gsdrum40/br_swish.pat note=26 amp=75
85 GUS/gsdrum40/br_swish.pat note=23 amp=75
86 GUS/gsdrum40/br_slap.pat note=48 amp=90
87 GUS/gsdrum40/br_slap.pat note=42 amp=90
88 GUS/gsdrum40/br_slap.pat note=39 pan=0 amp=90
89 GUS/gsdrum40/br_swirl.pat note=37 amp=42
90 GUS/gsdrum40/br_swirl.pat note=35 amp=42
91 GUS/gsdrum40/br_swirl.pat note=37 amp=42
92 GUS/gsdrum00/snare2.pat note=38 strip=tail amp=114
93 GUS/gsdrum00/snare1.pat note=32 strip=tail amp=72
94 GUS/gsdrum00/snare2.pat note=42 strip=tail amp=120
95 GUS/timbaleh.pat note=58 pan=0 amp=90
96 GUS/gsdrum00/snare2.pat note=39 strip=tail amp=72
97 GUS/gsdrum25/808snare.pat note=33 amp=72
98 wowpats/realtom1.pat note=72 pan=0 amp=54
99 GUS/gsdrum25/808snare.pat note=33 amp=60
100 mazpat/FX/LASER2.pat note=50 amp=30
101 GUS/gsdrum25/808snare.pat note=34 amp=180
102 GUS/gsdrum25/78snare.pat note=38 amp=90
103 GUS/gsdrum25/78snare.pat note=35 amp=90
104 wowpats/realtom1.pat note=64 pan=0 amp=84
105 wowpats/realtom1.pat note=66 pan=0 amp=84
106 GUS/gsdrum00/snare1.pat note=35 strip=tail amp=66
107 GUS/gsdrum00/snare1.pat note=34 strip=tail amp=66
108 GUS/gsdrum00/snare1.pat note=32 strip=tail amp=114
109 GUS/gsdrum25/808snar2.pat note=47 amp=138
110 GUS/gsdrum25/909snare.pat note=36 amp=102
111 GUS/gsdrum25/909snare.pat note=38 amp=102

