# The configuration file of reproducing the VSC 3.0
# Ver.6.4.1 2002/05/19 Presented by SYUUHOU.


drumset 0
0 GUS/kick2.pat note=30 amp=126
1 GUS/gsdrum00/kick2.pat note=36 amp=66
2 GUS/kick2.pat note=36 amp=114
3 GUS/gsdrum00/kick2.pat note=42 amp=66
4 GUS/kick2.pat note=36 amp=108
5 GUS/kick2.pat note=32 amp=108
6 GUS/kick2.pat note=35 amp=90
7 GUS/gsdrum00/kick2.pat note=44 amp=66
8 GUS/power/roomkick.pat note=36 amp=78
9 GUS/gsdrum00/kick2.pat note=36 amp=66
10 GUS/power/powrkic1.pat note=36 amp=108
11 GUS/gsdrum00/kick2.pat note=42 amp=66
12 GUS/power/powrkic0.pat note=36 amp=72
13 GUS/kick2.pat note=36 amp=90
14 GUS/gsdrum25/808kick.pat note=36 amp=132
15 GUS/gsdrum25/909kick.pat note=36 amp=180
16 GUS/kick2.pat note=42 amp=96
17 GUS/sfx/dog1.pat note=55 amp=42
18 wowpats/realtom6.pat note=47 pan=0 amp=138
19 roland/C3SNTDRM.PAT note=57 pan=0 amp=36
22 GUS/whistle.pat note=84 pan=10 amp=48
23 GUS/whistle.pat note=96 pan=-10 amp=48
24 GUS/power/h-snare.pat note=38 strip=tail pan=-30 amp=90
25 mazpat/FX/SN-ROLL.PAT note=65 amp=60
26 GUS/castinet.pat note=92 pan=10 amp=96
27 GUS/highq.pat note=28 pan=-30 amp=42
28 GUS/slap.pat note=27 pan=-30 amp=90
29 GUS/gsdrum00/scratch1.pat note=35 pan=-10 amp=66
30 GUS/gsdrum00/scratch2.pat note=35 pan=-10 amp=66
31 GUS/sticks.pat note=30 pan=10 amp=90
32 gusperc/sqrclick.pat note=60 pan=-30 amp=120
33 gusperc/metclick.pat note=60 amp=90
34 gusperc/metbell.pat note=60 amp=90
35 release/kick1.pat strip=tail amp=120
36 release/kick2.pat strip=tail amp=120
37 GUS/stickrim.pat pan=0 amp=120
38 GUS/snare1.pat amp=90
39 GUS/claps.pat note=42 pan=-25 amp=65
40 GUS/gsdrum00/snare1.pat note=38 amp=90
41 GUS/tomlo2.pat note=39 pan=-50 amp=78
42 GUS/power/hihatcl.pat note=46 pan=30 amp=54
43 GUS/tomlo1.pat note=42 pan=-30 amp=78
44 GUS/power/h-hihatp.pat note=44 strip=tail pan=30 amp=48
45 GUS/tommid2.pat note=44 pan=-10 amp=78
46 gusperc/hihatop.pat note=60 pan=50 amp=162
47 GUS/tommid1.pat note=46 pan=10 amp=78
48 GUS/tomhi2.pat note=47 pan=30 amp=78
49 GUS/cymcrsh2.pat note=56 pan=50 amp=144
50 GUS/tomhi1.pat note=51 pan=50 amp=78
51 gusperc/cymride1.pat note=60 pan=-30 amp=162
52 gusperc/cymchina.pat note=60 pan=-30 amp=72
53 GUS/gsdrum00/cymride1.pat note=45 pan=-30 amp=54
54 GUS/tamborin.pat note=57 strip=tail amp=65
55 GUS/gsdrum00/cymsplsh.pat note=60 pan=-30 amp=48
56 GUS/gsdrum00/cowbell.pat note=57 pan=30 amp=90
57 GUS/cymcrsh2.pat note=58 pan=-50 amp=144
58 GUS/vibslap.pat note=71 pan=-50 amp=114
59 gusperc/cymride1.pat note=61 pan=-30 amp=120
60 GUS/bongohi.pat note=60 pan=60 amp=150
61 GUS/bongolo.pat note=64 pan=60 amp=180
62 GUS/congahi1.pat note=66 pan=-50 amp=50
63 GUS/gsdrum00/congahi2.pat amp=55
64 GUS/gsdrum00/congalo.pat amp=55
65 gusperc/timbaleh.pat note=60 strip=tail pan=30 amp=90
66 gusperc/timbalel.pat note=60 strip=tail pan=30 amp=90
67 gusperc/agogohi.pat note=60 pan=-50 amp=60
68 gusperc/agogolo.pat note=60 pan=-50 amp=55
69 GUS/gsdrum00/cabasa.pat strip=tail pan=-50 amp=42
70 GUS/maracas.pat pan=-50 amp=48
71 GUS/whistle1.pat note=73 strip=tail amp=36
72 GUS/whistle1.pat note=71 strip=tail amp=108
73 GUS/gsdrum00/guiro1.pat amp=114
74 GUS/gsdrum00/guiro2.pat amp=72
75 GUS/clave.pat pan=30 amp=90
76 GUS/woodblk2.pat note=82 amp=120
77 GUS/woodblk2.pat note=77 amp=120
78 GUS/cuica1.pat note=73 amp=54
79 GUS/cuica2.pat amp=54
80 GUS/triangl1.pat note=76 amp=72
81 GUS/triangl2.pat note=77 amp=72
82 GUS/gsdrum00/shaker.pat note=84 amp=84
83 GUS/jingles.pat note=82 amp=102
84 GUS/belltree.pat amp=96
85 GUS/castinet.pat note=82 pan=-50 amp=96
86 GUS/surdo1.pat note=80 pan=-50 amp=66
87 GUS/surdo2.pat note=80 pan=-50 amp=72
88 GUS/applause.pat note=64 keep=env keep=loop amp=150
97 GUS/gsdrum00/snare1.pat note=38 amp=90
98 GUS/snare1.pat note=38 amp=90
99 GUS/gsdrum00/snare2.pat note=41 amp=84
100 GUS/snare1.pat note=42 amp=84
101 GUS/gsdrum00/snare1.pat note=42 amp=72
102 GUS/gsdrum00/snare1.pat note=40 amp=72
103 GUS/snare1.pat note=39 amp=78
104 GUS/gsdrum00/snare2.pat note=42 amp=72
105 GUS/gsdrum00/snare2.pat note=37 amp=72
106 GUS/snare1.pat note=38 amp=90
107 GUS/gsdrum00/snare2.pat note=37 amp=72
108 GUS/snare1.pat note=38 amp=90
109 GUS/gsdrum00/snare2.pat note=36 amp=84
110 GUS/gsdrum00/snare2.pat note=38 amp=90
111 GUS/power/gatesd1.pat note=34 amp=90
112 GUS/timbaleh.pat note=58 pan=0 amp=66
113 GUS/power/gatesd2.pat note=38 amp=120
114 GUS/gsdrum25/808snare.pat note=32 amp=120
115 wowpats/realtom1.pat note=62 pan=0 amp=150
116 wowpats/realtom1.pat note=64 pan=0 amp=150
117 wowpats/realtom1.pat note=66 pan=0 amp=150
118 GUS/gsdrum25/909snare.pat note=36 amp=78
119 GUS/gsdrum25/808snare.pat note=32 amp=120
120 GUS/gsdrum25/808snar2.pat note=43 amp=120
121 GUS/gsdrum25/909snare.pat note=38 amp=120
122 GUS/gsdrum25/909snare.pat note=44 amp=120
123 GUS/timbaleh.pat note=58 pan=0 amp=126
124 GUS/gsdrum25/78snare.pat note=38 amp=90
125 gusperc/timbaleh.pat note=59 strip=tail pan=0 amp=72
126 GUS/gsdrum00/snare2.pat note=40 amp=72
127 GUS/gsdrum00/snare1.pat note=38 amp=54
