Archive member included because of file (symbol)

c:/devkitPro/libnds/lib\libnds9.a(console.o)
                              main.o (consoleInitDefault)
c:/devkitPro/libnds/lib\libnds9.a(touch.o)
                              main.o (touchReadXY)
c:/devkitPro/libnds/lib\libnds9.a(video.o)
                              main.o (vramSetBankC)
c:/devkitPro/libnds/lib\libnds9.a(interrupts.o)
                              main.o (irqSet)
c:/devkitPro/libnds/lib\libnds9.a(biosCalls.o)
                              main.o (swiWaitForVBlank)
c:/devkitPro/libnds/lib\libnds9.a(interruptDispatcher.o)
                              c:/devkitPro/libnds/lib\libnds9.a(interrupts.o) (IntrMain)
c:/devkitPro/libnds/lib\libnds9.a(default_font.o)
                              c:/devkitPro/libnds/lib\libnds9.a(console.o) (default_font_bin)
c:/devkitpro/devkitarm/bin/../lib/gcc/arm-eabi/4.1.1/thumb\libgcc.a(_udivsi3.o)
                              _consoleWriteLog.o (__aeabi_uidiv)
c:/devkitpro/devkitarm/bin/../lib/gcc/arm-eabi/4.1.1/thumb\libgcc.a(_dvmd_tls.o)
                              c:/devkitpro/devkitarm/bin/../lib/gcc/arm-eabi/4.1.1/thumb\libgcc.a(_udivsi3.o) (__div0)
c:/devkitpro/devkitarm/bin/../lib/gcc/arm-eabi/4.1.1/thumb\libgcc.a(_call_via_rX.o)
                              c:/devkitpro/devkitarm/bin/../lib/gcc/arm-eabi/4.1.1/../../../../arm-eabi/lib/thumb/ds_arm9_crt0.o (_call_via_r3)
c:/devkitpro/devkitarm/bin/../lib/gcc/arm-eabi/4.1.1/thumb\libgcc.a(_addsubdf3.o)
                              smidlib_pch.o (__aeabi_dadd)
c:/devkitpro/devkitarm/bin/../lib/gcc/arm-eabi/4.1.1/thumb\libgcc.a(_cmpdf2.o)
                              smidlib_pch.o (__aeabi_dcmpeq)
c:/devkitpro/devkitarm/bin/../lib/gcc/arm-eabi/4.1.1/thumb\libgcc.a(_addsubsf3.o)
                              smidlib_pch.o (__aeabi_fadd)
c:/devkitpro/devkitarm/bin/../lib/gcc/arm-eabi/4.1.1/thumb\libgcc.a(_muldivsf3.o)
                              smidlib_pch.o (__aeabi_fmul)
c:/devkitpro/devkitarm/bin/../lib/gcc/arm-eabi/4.1.1/thumb\libgcc.a(_fixunssfsi.o)
                              smidlib_pch.o (__aeabi_f2uiz)
c:/devkitpro/devkitarm/bin/../lib/gcc/arm-eabi/4.1.1/../../../../arm-eabi/lib/thumb\libg.a(lib_a-impure.o)
                              c:/devkitPro/libnds/lib\libnds9.a(console.o) (_impure_ptr)
c:/devkitpro/devkitarm/bin/../lib/gcc/arm-eabi/4.1.1/../../../../arm-eabi/lib/thumb\libg.a(lib_a-init.o)
                              c:/devkitpro/devkitarm/bin/../lib/gcc/arm-eabi/4.1.1/../../../../arm-eabi/lib/thumb/ds_arm9_crt0.o (__libc_init_array)
c:/devkitpro/devkitarm/bin/../lib/gcc/arm-eabi/4.1.1/../../../../arm-eabi/lib/thumb\libg.a(lib_a-iprintf.o)
                              main.o (iprintf)
c:/devkitpro/devkitarm/bin/../lib/gcc/arm-eabi/4.1.1/../../../../arm-eabi/lib/thumb\libg.a(lib_a-memcpy.o)
                              disc_io.o (memcpy)
c:/devkitpro/devkitarm/bin/../lib/gcc/arm-eabi/4.1.1/../../../../arm-eabi/lib/thumb\libg.a(lib_a-memmove.o)
                              gba_nds_fat.o (memmove)
c:/devkitpro/devkitarm/bin/../lib/gcc/arm-eabi/4.1.1/../../../../arm-eabi/lib/thumb\libg.a(lib_a-setvbuf.o)
                              c:/devkitPro/libnds/lib\libnds9.a(console.o) (setvbuf)
c:/devkitpro/devkitarm/bin/../lib/gcc/arm-eabi/4.1.1/../../../../arm-eabi/lib/thumb\libg.a(lib_a-siscanf.o)
                              c:/devkitPro/libnds/lib\libnds9.a(console.o) (siscanf)
c:/devkitpro/devkitarm/bin/../lib/gcc/arm-eabi/4.1.1/../../../../arm-eabi/lib/thumb\libg.a(lib_a-strlen.o)
                              c:/devkitpro/devkitarm/bin/../lib/gcc/arm-eabi/4.1.1/../../../../arm-eabi/lib/thumb\libg.a(lib_a-siscanf.o) (strlen)
c:/devkitpro/devkitarm/bin/../lib/gcc/arm-eabi/4.1.1/../../../../arm-eabi/lib/thumb\libg.a(lib_a-strpbrk.o)
                              gba_nds_fat.o (strpbrk)
c:/devkitpro/devkitarm/bin/../lib/gcc/arm-eabi/4.1.1/../../../../arm-eabi/lib/thumb\libg.a(lib_a-vfiprintf.o)
                              c:/devkitpro/devkitarm/bin/../lib/gcc/arm-eabi/4.1.1/../../../../arm-eabi/lib/thumb\libg.a(lib_a-iprintf.o) (_vfiprintf_r)
c:/devkitpro/devkitarm/bin/../lib/gcc/arm-eabi/4.1.1/../../../../arm-eabi/lib/thumb\libg.a(lib_a-vfiscanf.o)
                              c:/devkitpro/devkitarm/bin/../lib/gcc/arm-eabi/4.1.1/../../../../arm-eabi/lib/thumb\libg.a(lib_a-siscanf.o) (__svfiscanf_r)
c:/devkitpro/devkitarm/bin/../lib/gcc/arm-eabi/4.1.1/../../../../arm-eabi/lib/thumb\libg.a(lib_a-wcrtomb.o)
                              c:/devkitpro/devkitarm/bin/../lib/gcc/arm-eabi/4.1.1/../../../../arm-eabi/lib/thumb\libg.a(lib_a-vfiprintf.o) (_wcrtomb_r)
c:/devkitpro/devkitarm/bin/../lib/gcc/arm-eabi/4.1.1/../../../../arm-eabi/lib/thumb\libg.a(lib_a-wcsrtombs.o)
                              c:/devkitpro/devkitarm/bin/../lib/gcc/arm-eabi/4.1.1/../../../../arm-eabi/lib/thumb\libg.a(lib_a-vfiprintf.o) (_wcsrtombs_r)
[...]
Memory Configuration

Name             Origin             Length             Attributes
rom              0x08000000         0x02000000
ewram            0x02000000         0x003ff000
dtcm             0x0b000000         0x00004000
itcm             0x01000000         0x00008000
*default*        0x00000000         0xffffffff

Linker script and memory map

                0x01000000                __itcm_start = 0x1000000
                0x023ff000                __ewram_end = 0x23ff000
                0x023ff000                __eheap_end = 0x23ff000
                0x0b000000                __dtcm_start = 0xb000000
                0x0b004000                __dtcm_top = 0xb004000
                0x0b003ff8                __irq_flags = (__dtcm_top - 0x8)
                0x0b003ffc                __irq_vector = (__dtcm_top - 0x4)
                0x0b003f00                __sp_svc = (__dtcm_top - 0x100)
                0x0b003e00                __sp_irq = (__sp_svc - 0x100)
                0x0b003d00                __sp_usr = (__sp_irq - 0x100)

.init           0x02000000      0x22c
                0x02000000                __text_start = .
 *(.init)
 .init          0x02000000      0x220 c:/devkitpro/devkitarm/bin/../lib/gcc/arm-eabi/4.1.1/../../../../arm-eabi/lib/thumb/ds_arm9_crt0.o
                0x02000000                _start
 .init          0x02000220        0x4 c:/devkitpro/devkitarm/bin/../lib/gcc/arm-eabi/4.1.1/thumb/crti.o
                0x02000220                _init
 .init          0x02000224        0x8 c:/devkitpro/devkitarm/bin/../lib/gcc/arm-eabi/4.1.1/thumb/crtn.o
                0x0200022c                . = ALIGN (0x4)

.plt
 *(.plt)

.text           0x02000230     0xbe9c
 *(EXCLUDE_FILE(*.itcm*) .text)
 .text          0x02000230        0x0 c:/devkitpro/devkitarm/bin/../lib/gcc/arm-eabi/4.1.1/../../../../arm-eabi/lib/thumb/ds_arm9_crt0.o
 .text          0x02000230        0x0 c:/devkitpro/devkitarm/bin/../lib/gcc/arm-eabi/4.1.1/thumb/crti.o
 .text          0x02000230       0x70 c:/devkitpro/devkitarm/bin/../lib/gcc/arm-eabi/4.1.1/thumb/crtbegin.o
 .text          0x020002a0        0x0 powtbl.o
 .text          0x020002a0        0x0 sintbl.o
 .text          0x020002a0      0x160 _console.o
                0x020002e0                _consolePrintChar(char)
                0x020002a4                _consolePrintSet
                0x020003bc                _consoleClear()
                0x020002a0                _consoleInitDefault(unsigned short*, unsigned short*, unsigned char)
                0x020002d4                _consoleGetPrintSetY
 .text          0x02000400       0x68 _consoleWriteLog.o
                0x02000400                PrfStart
                0x02000428                PrfEnd
 .text          0x02000468      0x180 disc_io.o
                0x020004a0                disc_ReadSector(unsigned int, void*)
                0x02000484                disc_WriteSectors(unsigned int, unsigned char, void*)
                0x02000468                disc_ReadSectors(unsigned int, unsigned char, void*)
                0x020004c0                disc_CacheReadSector(void*, unsigned int)
                0x020004b0                disc_WriteSector(unsigned int, void*)
 .text          0x020005e8      0xd6c gba_nds_fat.o
                0x020005e8                ucase(char)
                0x02001058                FAT_fopen(char const*, char const*)
                0x020007a8                FAT_GetDirEntry(unsigned int, int, int)
                0x02000688                FAT_NextCluster(unsigned int)
                0x020011e4                FAT_WriteFatEntry(unsigned int, unsigned int)
                0x02000600                FAT_GetFilename(DIR_ENT, char*)
                0x0200119c                FAT_FirstFreeCluster()
                0x02000d54                FAT_DirEntFromPath(char const*)
 .text          0x02001354      0x334 inifile.o
                0x02001354                InitINI()
                0x02001380                LoadINI(char*, int)
 .text          0x02001688      0xb3c main.o
                0x02001b90                SetPosOffset(long)
                0x02001780                GetPosMax()
                0x0200179c                GetSampleRate()
                0x02001ae0                Vblank()
                0x02001ad8                GetInfoStrW(int, unsigned short*, int)
                0x020017b4                GetInfoIndexCount()
                0x0200178c                GetPosOffset()
                0x02001690                cbQueryInterfaceLibrary()
                0x020020d4                main
                0x020017a8                GetSamplePerFrame()
                0x02001694                Start_InitStackBuf()
                0x02001688                cbLoadLibrary()
                0x02001c8c                Start(int)
                0x0200180c                GetInfoStrL(int, char*, int)
                0x02001798                GetChannelCount()
                0x02001adc                GetInfoStrUTF8(int, char*, int)
                0x02001c00                Free()
                0x0200168c                cbFreeLibrary()
 .text          0x020021c4       0x28 plugin_dll.o
                0x020021c4                QueryInterfaceLibrary
                0x020021d4                LoadLibrary
                0x020021c8                FreeLibrary
 .text          0x020021ec      0x190 rcplib.o
                0x0200227c                rcplibNextClock(bool, bool, int)
                0x020021ec                rcplibSetParam(unsigned char*, unsigned int, unsigned int, unsigned int, unsigned int)
                0x02002328                rcplibFree()
                0x02002210                rcplibAllSoundOff()
                0x0200221c                rcplibGetNearClock()
                0x0200233c                rcplibStart()
 .text          0x0200237c      0x9cc rcplib_rcp.o
                0x020024b8                RCP_LoadRCP(unsigned char*, unsigned int)
                0x020023e0                RCP_Free()
                0x0200247c                RCP_isAllTrackEOF()
                0x0200237c                RCP_Init()
                0x020027a0                RCP_GetSamplePerClockFix16()
                0x02002984                RCP_ProcRCP(bool, bool, TRCP_Track*)
 .text          0x02002d48       0x18 shell.o
                0x02002d48                Shell_SkinOpenFile(char const*)
 .text          0x02002d60      0x1c8 smidlib.o
                0x02002d90                smidlibGetNearClock()
                0x02002ddc                smidlibNextClock(bool, bool, int)
                0x02002dd0                smidlibAllSoundOff()
                0x02002e98                smidlibFree()
                0x02002d60                smidlibSetParam(unsigned char*, unsigned int, unsigned int, unsigned int, unsigned int)
                0x02002eac                smidlibStart()
 .text          0x02002f28      0x3e8 smidlib_mtrk.o
                0x02002f88                MTRKCC_Init()
                0x02002fec                MTRKCC_Free()
                0x02003110                MTRK_NoteOn_LoadProgram(unsigned int, unsigned int, unsigned int)
                0x0200317c                MTRK_ChangePitchBend(unsigned int, int)
                0x02003060                MTRK_NoteOn(unsigned int, unsigned int, unsigned int, unsigned int)
                0x020031d4                MTRKCC_Proc(unsigned int, unsigned char, unsigned char)
                0x02003028                MTRK_SetExMap(unsigned int, unsigned int)
                0x0200303c                MTRK_NoteOff(unsigned int, unsigned int, unsigned int)
                0x02002ff0                MTRK_SetProgram(unsigned int, unsigned int)
 .text          0x02003310     0x1868 smidlib_pch.o
                0x02003544                PCH_FreeProgramMap()
                0x02003a2c                PCH_ChangeVolume(unsigned int, unsigned int)
                0x02004658                PCH_Render(unsigned int, int*, unsigned int)
                0x02003720                PCH_NextClock()
                0x02003c90                PCH_ChangePanpot(unsigned int, unsigned int)
                0x02003f8c                PCH_NoteOn(unsigned int, unsigned int, int, int, unsigned int, unsigned int, unsigned int, unsigned int, unsigned int, unsigned int, unsigned int, bool, unsigned int)
                0x02004430                PCH_PedalOn(unsigned int)
                0x020046b8                PCH_GT_DecClock(unsigned int)
                0x02004370                PCH_NoteOff(unsigned int, unsigned int, bool)
                0x02004710                PCH_isDrumMap(unsigned int)
                0x02003b08                PCH_ChangeExpression(unsigned int, unsigned int)
                0x02004510                PCH_RequestRender(unsigned int)
                0x02003be4                PCH_ChangePitchBend(unsigned int, int)
                0x02003cf0                PCH_ChangeModLevel(unsigned int, unsigned int)
                0x020036c4                PCH_AllSoundOff()
                0x02003638                PCH_Init(unsigned int, unsigned int, unsigned int, unsigned int)
                0x02004554                PCH_RenderStart(unsigned int)
                0x0200465c                PCH_RenderEnd()
                0x02004720                PCH_LoadProgram(int, unsigned int, unsigned int, bool)
                0x02004674                PCH_GT_GetNearClock()
                0x02004660                PCH_GetReverb(unsigned int)
                0x020036b8                PCH_Free()
                0x0200446c                PCH_PedalOff(unsigned int)
                0x020036e8                PCH_AllNoteOff(unsigned int)
                0x02003364                PCH_SetProgramMap(int)
 .text          0x02004b78      0x93c smidlib_sm.o
                0x02004f18                SM_GetSamplePerClockFix16()
                0x020052c0                SM_LoadStdMIDI(unsigned char*, unsigned int)
                0x02004b78                SM_Init()
                0x02004ef4                SM_GetDeltaTime(TSM_Track*)
                0x02004ec0                SM_isAllTrackEOF()
                0x02005210                SM_ProcStdMIDI(bool, bool, TSM_Track*)
                0x02004bb4                SM_Free()
                0x02004c04                SM_ProcMetaEvent(TSM_Track*)
 .text          0x020054b4        0x4 test.o
                0x020054b4                test()
 .text          0x020054b8        0x0 ttacdec.o
 .text          0x020054b8      0x4a8 TTAC_Decode_12bit_asm.o
                0x020054b8                TTAC_Decode_12bit_asm
 .text          0x02005960      0x4a4 TTAC_Decode_16bit_asm.o
                0x02005960                TTAC_Decode_16bit_asm
 .text          0x02005e04      0x4a8 TTAC_Decode_6bit_asm.o
                0x02005e04                TTAC_Decode_6bit_asm
 .text          0x020062ac      0x4a4 TTAC_Decode_8bit_asm.o
                0x020062ac                TTAC_Decode_8bit_asm
 .text          0x02006750      0x580 c:/devkitPro/libnds/lib\libnds9.a(console.o)
                0x02006acc                con_write
                0x020068fc                consoleInit
                0x020067b8                consolePrintChar
                0x020068e8                consoleClear
                0x02006a84                consoleDemoInit
                0x02006a60                consoleInitDefault
 .text          0x02006cd0       0x1c c:/devkitPro/libnds/lib\libnds9.a(touch.o)
                0x02006cd0                touchReadXY
 .text          0x02006cec      0x110 c:/devkitPro/libnds/lib\libnds9.a(video.o)
                0x02006dac                vramSetBankF
                0x02006d3c                vramRestoreMainBanks
                0x02006dd4                vramSetBankH
                0x02006d84                vramSetBankD
                0x02006d98                vramSetBankE
                0x02006dc0                vramSetBankG
                0x02006d30                vramRestorMainBanks
                0x02006d5c                vramSetBankB
                0x02006d70                vramSetBankC
                0x02006de8                vramSetBankI
                0x02006cec                vramSetMainBanks
                0x02006d48                vramSetBankA
 .text          0x02006dfc      0x208 c:/devkitPro/libnds/lib\libnds9.a(interrupts.o)
                0x02006f64                irqEnable
                0x02006e00                irqSet
                0x02006fb8                irqDisable
                0x02006e68                irqInit
                0x02006dfc                irqDummy
                0x02006f34                irqInitHandler
                0x02006eb4                irqClear
 *fill*         0x02007004        0xc ff
 .text          0x02007010       0x70 c:/devkitPro/libnds/lib\libnds9.a(biosCalls.o)
                0x02007020                swiSleep
                0x0200705a                swiDecompressLZSSVram
                0x02007042                swiFastCopy
                0x02007046                swiSqrt
                0x02007010                swiSoftReset
                0x0200704a                swiCRC16
                0x0200705e                swiDecompressHuffman
                0x02007076                swiSetHaltCR
                0x0200702c                swiRemainder
                0x02007052                swiUnpackBits
                0x02007056                swiDecompressLZSSWram
                0x02007072                swiDecodeDelta16
                0x02007014                swiDelay
                0x02007032                swiDivMod
                0x02007066                swiDecompressRLEVram
                0x02007062                swiDecompressRLEWram
                0x0200706e                swiDecodeDelta8
                0x02007028                swiDivide
                0x02007024                swiChangeSoundBias
                0x0200701c                swiWaitForVBlank
                0x02007018                swiIntrWait
                0x0200704e                swiIsDebugger
                0x0200706a                swiWaitForIRQ
                0x0200703e                swiCopy
 .text          0x02007080        0x0 c:/devkitPro/libnds/lib\libnds9.a(interruptDispatcher.o)
 .text          0x02007080        0x0 c:/devkitPro/libnds/lib\libnds9.a(default_font.o)
 .text          0x02007080       0x8c c:/devkitpro/devkitarm/bin/../lib/gcc/arm-eabi/4.1.1/thumb\libgcc.a(_udivsi3.o)
                0x02007080                __udivsi3
                0x02007080                __aeabi_uidiv
                0x020070fc                __aeabi_uidivmod
 .text          0x0200710c        0x4 c:/devkitpro/devkitarm/bin/../lib/gcc/arm-eabi/4.1.1/thumb\libgcc.a(_dvmd_tls.o)
                0x0200710c                __aeabi_ldiv0
                0x0200710c                __div0
                0x0200710c                __aeabi_idiv0
 .text          0x02007110       0x3c c:/devkitpro/devkitarm/bin/../lib/gcc/arm-eabi/4.1.1/thumb\libgcc.a(_call_via_rX.o)
                0x02007118                _call_via_r2
                0x02007128                _call_via_r6
                0x02007124                _call_via_r5
                0x0200711c                _call_via_r3
                0x0200713c                _call_via_fp
                0x02007130                _call_via_r8
                0x0200712c                _call_via_r7
                0x02007110                _call_via_r0
                0x02007138                _call_via_sl
                0x02007144                _call_via_sp
                0x02007134                _call_via_r9
                0x02007120                _call_via_r4
                0x02007114                _call_via_r1
                0x02007140                _call_via_ip
                0x02007148                _call_via_lr
 .text          0x0200714c      0x41c c:/devkitpro/devkitarm/bin/../lib/gcc/arm-eabi/4.1.1/thumb\libgcc.a(_addsubdf3.o)
                0x02007508                __floatdidf
                0x0200748c                __floatsidf
                0x02007468                __aeabi_ui2d
                0x0200714c                __aeabi_drsub
                0x020074b4                __extendsfdf2
                0x02007158                __adddf3
                0x02007468                __floatunsidf
                0x02007158                __aeabi_dadd
                0x020074f4                __aeabi_ul2d
                0x02007154                __aeabi_dsub
                0x020074f4                __floatundidf
                0x0200748c                __aeabi_i2d
                0x02007508                __aeabi_l2d
                0x020074b4                __aeabi_f2d
                0x02007154                __subdf3
 .text          0x02007568      0x140 c:/devkitpro/devkitarm/bin/../lib/gcc/arm-eabi/4.1.1/thumb\libgcc.a(_cmpdf2.o)
                0x02007660                __aeabi_dcmple
                0x02007578                __cmpdf2
                0x02007578                __eqdf2
                0x02007568                __gtdf2
                0x02007618                __aeabi_cdcmple
                0x020075fc                __aeabi_cdrcmple
                0x02007570                __ltdf2
                0x02007648                __aeabi_dcmplt
                0x02007570                __ledf2
                0x02007690                __aeabi_dcmpgt
                0x02007678                __aeabi_dcmpge
                0x02007578                __nedf2
                0x02007630                __aeabi_dcmpeq
                0x02007618                __aeabi_cdcmpeq
                0x02007568                __gedf2
 .text          0x020076a8      0x2ac c:/devkitpro/devkitarm/bin/../lib/gcc/arm-eabi/4.1.1/thumb\libgcc.a(_addsubsf3.o)
                0x020076b4                __aeabi_fadd
                0x020076b0                __subsf3
                0x02007878                __aeabi_i2f
                0x020076b0                __aeabi_fsub
                0x020078a8                __floatdisf
                0x02007878                __floatsisf
                0x02007898                __floatundisf
                0x02007870                __aeabi_ui2f
                0x020078a8                __aeabi_l2f
                0x02007898                __aeabi_ul2f
                0x020076a8                __aeabi_frsub
                0x02007870                __floatunsisf
                0x020076b4                __addsf3
 .text          0x02007954      0x2f8 c:/devkitpro/devkitarm/bin/../lib/gcc/arm-eabi/4.1.1/thumb\libgcc.a(_muldivsf3.o)
                0x02007aec                __divsf3
                0x02007aec                __aeabi_fdiv
                0x02007954                __mulsf3
                0x02007954                __aeabi_fmul
 .text          0x02007c4c       0x54 c:/devkitpro/devkitarm/bin/../lib/gcc/arm-eabi/4.1.1/thumb\libgcc.a(_fixunssfsi.o)
                0x02007c4c                __aeabi_f2uiz
                0x02007c4c                __fixunssfsi
 .text          0x02007ca0        0x0 c:/devkitpro/devkitarm/bin/../lib/gcc/arm-eabi/4.1.1/../../../../arm-eabi/lib/thumb\libg.a(lib_a-impure.o)
 .text          0x02007ca0       0x88 c:/devkitpro/devkitarm/bin/../lib/gcc/arm-eabi/4.1.1/../../../../arm-eabi/lib/thumb\libg.a(lib_a-init.o)
                0x02007cd0                __libc_init_array
                0x02007ca0                __libc_fini_array
 .text          0x02007d28       0x40 c:/devkitpro/devkitarm/bin/../lib/gcc/arm-eabi/4.1.1/../../../../arm-eabi/lib/thumb\libg.a(lib_a-iprintf.o)
                0x02007d28                _iprintf_r
                0x02007d44                iprintf
 .text          0x02007d68       0x5c c:/devkitpro/devkitarm/bin/../lib/gcc/arm-eabi/4.1.1/../../../../arm-eabi/lib/thumb\libg.a(lib_a-memcpy.o)
                0x02007d68                memcpy
 .text          0x02007dc4       0x84 c:/devkitpro/devkitarm/bin/../lib/gcc/arm-eabi/4.1.1/../../../../arm-eabi/lib/thumb\libg.a(lib_a-memmove.o)
                0x02007dc4                memmove
 .text          0x02007e48      0x108 c:/devkitpro/devkitarm/bin/../lib/gcc/arm-eabi/4.1.1/../../../../arm-eabi/lib/thumb\libg.a(lib_a-setvbuf.o)
                0x02007e48                setvbuf
 .text          0x02007f50       0xac c:/devkitpro/devkitarm/bin/../lib/gcc/arm-eabi/4.1.1/../../../../arm-eabi/lib/thumb\libg.a(lib_a-siscanf.o)
                0x02007f54                _siscanf_r
                0x02007fac                siscanf
 .text          0x02007ffc       0x50 c:/devkitpro/devkitarm/bin/../lib/gcc/arm-eabi/4.1.1/../../../../arm-eabi/lib/thumb\libg.a(lib_a-strlen.o)
                0x02007ffc                strlen
 .text          0x0200804c       0x2c c:/devkitpro/devkitarm/bin/../lib/gcc/arm-eabi/4.1.1/../../../../arm-eabi/lib/thumb\libg.a(lib_a-strpbrk.o)
                0x0200804c                strpbrk
 .text          0x02008078      0xcdc c:/devkitpro/devkitarm/bin/../lib/gcc/arm-eabi/4.1.1/../../../../arm-eabi/lib/thumb\libg.a(lib_a-vfiprintf.o)
                0x02008d30                vfiprintf
                0x02008098                _vfiprintf_r
 .text          0x02008d54      0x9a0 c:/devkitpro/devkitarm/bin/../lib/gcc/arm-eabi/4.1.1/../../../../arm-eabi/lib/thumb\libg.a(lib_a-vfiscanf.o)
                0x02009688                _vfiscanf_r
                0x020096b8                vfiscanf
                0x02008d54                __svfiscanf_r
                0x02009664                __svfiscanf
 .text          0x020096f4       0x58 c:/devkitpro/devkitarm/bin/../lib/gcc/arm-eabi/4.1.1/../../../../arm-eabi/lib/thumb\libg.a(lib_a-wcrtomb.o)
                0x020096f4                _wcrtomb_r
                0x02009728                wcrtomb
 .text          0x0200974c      0x104 c:/devkitpro/devkitarm/bin/../lib/gcc/arm-eabi/4.1.1/../../../../arm-eabi/lib/thumb\libg.a(lib_a-wcsrtombs.o)
                0x0200974c                _wcsrtombs_r
                0x02009828                wcsrtombs
 .text          0x02009850      0x2c8 c:/devkitpro/devkitarm/bin/../lib/gcc/arm-eabi/4.1.1/../../../../arm-eabi/lib/thumb\libg.a(lib_a-wctomb_r.o)
                0x02009850                _wctomb_r
 .text          0x02009b18       0xb0 c:/devkitpro/devkitarm/bin/../lib/gcc/arm-eabi/4.1.1/../../../../arm-eabi/lib/thumb\libg.a(lib_a-wsetup.o)
                0x02009b18                __swsetup
 .text          0x02009bc8        0x0 c:/devkitpro/devkitarm/bin/../lib/gcc/arm-eabi/4.1.1/../../../../arm-eabi/lib/thumb\libg.a(lib_a-ctype_.o)
 .text          0x02009bc8      0x10c c:/devkitpro/devkitarm/bin/../lib/gcc/arm-eabi/4.1.1/../../../../arm-eabi/lib/thumb\libg.a(lib_a-fflush.o)
                0x02009bc8                fflush
 .text          0x02009cd4      0x1cc c:/devkitpro/devkitarm/bin/../lib/gcc/arm-eabi/4.1.1/../../../../arm-eabi/lib/thumb\libg.a(lib_a-findfp.o)
                0x02009d1c                __sinit
                0x02009de4                __sfmoreglue
                0x02009dcc                _cleanup
                0x02009db8                _cleanup_r
                0x02009d9c                __fp_lock_all
                0x02009d0c                __sfp_lock_acquire
                0x02009e1c                __sfp
                0x02009d18                __sinit_lock_release
                0x02009d80                __fp_unlock_all
                0x02009d10                __sfp_lock_release
                0x02009d14                __sinit_lock_acquire
 .text          0x02009ea0      0x170 c:/devkitpro/devkitarm/bin/../lib/gcc/arm-eabi/4.1.1/../../../../arm-eabi/lib/thumb\libg.a(lib_a-fread.o)
                0x02009fe8                fread
                0x02009ea0                _fread_r
 .text          0x0200a010      0x270 c:/devkitpro/devkitarm/bin/../lib/gcc/arm-eabi/4.1.1/../../../../arm-eabi/lib/thumb\libg.a(lib_a-freer.o)
                0x0200a0b4                _free_r
                0x0200a010                _malloc_trim_r
 .text          0x0200a280      0x2bc c:/devkitpro/devkitarm/bin/../lib/gcc/arm-eabi/4.1.1/../../../../arm-eabi/lib/thumb\libg.a(lib_a-fvwrite.o)
                0x0200a280                __sfvwrite_r
 .text          0x0200a53c       0xd4 c:/devkitpro/devkitarm/bin/../lib/gcc/arm-eabi/4.1.1/../../../../arm-eabi/lib/thumb\libg.a(lib_a-fwalk.o)
                0x0200a5a8                _fwalk
                0x0200a53c                _fwalk_reent
 .text          0x0200a610       0x20 c:/devkitpro/devkitarm/bin/../lib/gcc/arm-eabi/4.1.1/../../../../arm-eabi/lib/thumb\libg.a(lib_a-iswspace.o)
                0x0200a610                iswspace
 .text          0x0200a630       0x90 c:/devkitpro/devkitarm/bin/../lib/gcc/arm-eabi/4.1.1/../../../../arm-eabi/lib/thumb\libg.a(lib_a-locale.o)
                0x0200a65c                _setlocale_r
                0x0200a630                __locale_charset
                0x0200a63c                _localeconv_r
                0x0200a6a4                setlocale
                0x0200a644                localeconv
 .text          0x0200a6c0       0xe4 c:/devkitpro/devkitarm/bin/../lib/gcc/arm-eabi/4.1.1/../../../../arm-eabi/lib/thumb\libg.a(lib_a-makebuf.o)
                0x0200a6c0                __smakebuf
 .text          0x0200a7a4       0x30 c:/devkitpro/devkitarm/bin/../lib/gcc/arm-eabi/4.1.1/../../../../arm-eabi/lib/thumb\libg.a(lib_a-malloc.o)
                0x0200a7bc                malloc
                0x0200a7a4                free
 .text          0x0200a7d4      0x54c c:/devkitpro/devkitarm/bin/../lib/gcc/arm-eabi/4.1.1/../../../../arm-eabi/lib/thumb\libg.a(lib_a-mallocr.o)
                0x0200a7d4                _malloc_r
 .text          0x0200ad20       0x64 c:/devkitpro/devkitarm/bin/../lib/gcc/arm-eabi/4.1.1/../../../../arm-eabi/lib/thumb\libg.a(lib_a-mbrtowc.o)
                0x0200ad5c                mbrtowc
                0x0200ad20                _mbrtowc_r
 .text          0x0200ad84       0x3c c:/devkitpro/devkitarm/bin/../lib/gcc/arm-eabi/4.1.1/../../../../arm-eabi/lib/thumb\libg.a(lib_a-mbtowc_r.o)
                0x0200ad84                _mbtowc_r
 .text          0x0200adc0       0xb4 c:/devkitpro/devkitarm/bin/../lib/gcc/arm-eabi/4.1.1/../../../../arm-eabi/lib/thumb\libg.a(lib_a-memchr.o)
                0x0200adc0                memchr
 .text          0x0200ae74       0x60 c:/devkitpro/devkitarm/bin/../lib/gcc/arm-eabi/4.1.1/../../../../arm-eabi/lib/thumb\libg.a(lib_a-memset.o)
                0x0200ae74                memset
 .text          0x0200aed4        0x8 c:/devkitpro/devkitarm/bin/../lib/gcc/arm-eabi/4.1.1/../../../../arm-eabi/lib/thumb\libg.a(lib_a-mlock.o)
                0x0200aed8                __malloc_unlock
                0x0200aed4                __malloc_lock
 .text          0x0200aedc      0x3d4 c:/devkitpro/devkitarm/bin/../lib/gcc/arm-eabi/4.1.1/../../../../arm-eabi/lib/thumb\libg.a(lib_a-reallocr.o)
                0x0200aedc                _realloc_r
 .text          0x0200b2b0      0x124 c:/devkitpro/devkitarm/bin/../lib/gcc/arm-eabi/4.1.1/../../../../arm-eabi/lib/thumb\libg.a(lib_a-refill.o)
                0x0200b2cc                __srefill_r
 .text          0x0200b3d4       0x2c c:/devkitpro/devkitarm/bin/../lib/gcc/arm-eabi/4.1.1/../../../../arm-eabi/lib/thumb\libg.a(lib_a-sbrkr.o)
                0x0200b3d4                _sbrk_r
 .text          0x0200b400       0x7c c:/devkitpro/devkitarm/bin/../lib/gcc/arm-eabi/4.1.1/../../../../arm-eabi/lib/thumb\libg.a(lib_a-sccl.o)
                0x0200b400                __sccl
 .text          0x0200b47c       0xe0 c:/devkitpro/devkitarm/bin/../lib/gcc/arm-eabi/4.1.1/../../../../arm-eabi/lib/thumb\libg.a(lib_a-stdio.o)
                0x0200b498                __sseek
                0x0200b520                __sread
                0x0200b47c                __sclose
                0x0200b4d8                __swrite
 .text          0x0200b55c       0x68 c:/devkitpro/devkitarm/bin/../lib/gcc/arm-eabi/4.1.1/../../../../arm-eabi/lib/thumb\libg.a(lib_a-strcmp.o)
                0x0200b55c                strcmp
 .text          0x0200b5c4      0x16c c:/devkitpro/devkitarm/bin/../lib/gcc/arm-eabi/4.1.1/../../../../arm-eabi/lib/thumb\libg.a(lib_a-strtol.o)
                0x0200b70c                strtol
                0x0200b5c4                _strtol_r
 .text          0x0200b730      0x170 c:/devkitpro/devkitarm/bin/../lib/gcc/arm-eabi/4.1.1/../../../../arm-eabi/lib/thumb\libg.a(lib_a-strtoul.o)
                0x0200b87c                strtoul
                0x0200b730                _strtoul_r
 .text          0x0200b8a0      0x170 c:/devkitpro/devkitarm/bin/../lib/gcc/arm-eabi/4.1.1/../../../../arm-eabi/lib/thumb\libg.a(lib_a-ungetc.o)
                0x0200b9f4                ungetc
                0x0200b8a0                __submore
                0x0200b91c                _ungetc_r
 .text          0x0200ba10       0x30 c:/devkitpro/devkitarm/bin/../lib/gcc/arm-eabi/4.1.1/../../../../arm-eabi/lib/thumb\libg.a(lib_a-writer.o)
                0x0200ba10                _write_r
 .text          0x0200ba40       0x2c c:/devkitpro/devkitarm/bin/../lib/gcc/arm-eabi/4.1.1/../../../../arm-eabi/lib/thumb\libg.a(lib_a-closer.o)
                0x0200ba40                _close_r
 .text          0x0200ba6c       0xc4 c:/devkitpro/devkitarm/bin/../lib/gcc/arm-eabi/4.1.1/../../../../arm-eabi/lib/thumb\libg.a(lib_a-fclose.o)
                0x0200ba6c                _fclose_r
                0x0200bb14                fclose
 .text          0x0200bb30       0x30 c:/devkitpro/devkitarm/bin/../lib/gcc/arm-eabi/4.1.1/../../../../arm-eabi/lib/thumb\libg.a(lib_a-fstatr.o)
                0x0200bb30                _fstat_r
 .text          0x0200bb60       0x30 c:/devkitpro/devkitarm/bin/../lib/gcc/arm-eabi/4.1.1/../../../../arm-eabi/lib/thumb\libg.a(lib_a-lseekr.o)
                0x0200bb60                _lseek_r
 .text          0x0200bb90       0x30 c:/devkitpro/devkitarm/bin/../lib/gcc/arm-eabi/4.1.1/../../../../arm-eabi/lib/thumb\libg.a(lib_a-readr.o)
                0x0200bb90                _read_r
 .text          0x0200bbc0      0x118 c:/devkitpro/devkitarm/bin/../lib/gcc/arm-eabi/4.1.1/../../../../arm-eabi/lib/thumb\libg.a(lib_a-reent.o)
                0x0200bc10                cleanup_glue
                0x0200bc34                _reclaim_reent
                0x0200bbc0                _wrapup_reent
 .text          0x0200bcd8      0x120 c:/devkitpro/devkitarm/bin/../lib/gcc/arm-eabi/4.1.1/../../../../arm-eabi/lib/thumb\libsysbase.a(iosupport.o)
                0x0200bdcc                RemoveDevice
                0x0200bcd8                setDefaultDevice
                0x0200bcec                AddDevice
                0x0200bd64                FindDevice
 .text          0x0200bdf8       0x4c c:/devkitpro/devkitarm/bin/../lib/gcc/arm-eabi/4.1.1/../../../../arm-eabi/lib/thumb\libsysbase.a(close.o)
                0x0200bdf8                _close
 .text          0x0200be44       0x50 c:/devkitpro/devkitarm/bin/../lib/gcc/arm-eabi/4.1.1/../../../../arm-eabi/lib/thumb\libsysbase.a(fstat.o)
                0x0200be44                _fstat
 .text          0x0200be94        0x4 c:/devkitpro/devkitarm/bin/../lib/gcc/arm-eabi/4.1.1/../../../../arm-eabi/lib/thumb\libsysbase.a(isatty.o)
                0x0200be94                isatty
 .text          0x0200be98       0x38 c:/devkitpro/devkitarm/bin/../lib/gcc/arm-eabi/4.1.1/../../../../arm-eabi/lib/thumb\libsysbase.a(lseek.o)
                0x0200be98                _lseek
 .text          0x0200bed0       0x54 c:/devkitpro/devkitarm/bin/../lib/gcc/arm-eabi/4.1.1/../../../../arm-eabi/lib/thumb\libsysbase.a(read.o)
                0x0200bed0                _read
 .text          0x0200bf24       0x64 c:/devkitpro/devkitarm/bin/../lib/gcc/arm-eabi/4.1.1/../../../../arm-eabi/lib/thumb\libsysbase.a(sbrk.o)
                0x0200bf24                _sbrk
 .text          0x0200bf88       0x54 c:/devkitpro/devkitarm/bin/../lib/gcc/arm-eabi/4.1.1/../../../../arm-eabi/lib/thumb\libsysbase.a(write.o)
                0x0200bf88                _write
 .text          0x0200bfdc        0x0 c:/devkitpro/devkitarm/bin/../lib/gcc/arm-eabi/4.1.1/../../../../arm-eabi/lib/thumb\libsysbase.a(malloc_vars.o)
 .text          0x0200bfdc       0x94 c:/devkitpro/devkitarm/bin/../lib/gcc/arm-eabi/4.1.1/../../../../arm-eabi/lib/thumb\libc.a(lib_a-strncmp.o)
                0x0200bfdc                strncmp
 .text          0x0200c070        0x0 c:/devkitpro/devkitarm/bin/../lib/gcc/arm-eabi/4.1.1/thumb/crtend.o
 .text          0x0200c070        0x0 c:/devkitpro/devkitarm/bin/../lib/gcc/arm-eabi/4.1.1/thumb/crtn.o
 *(.text.*)
 *(.stub)
 *(.gnu.warning)
 *(.gnu.linkonce.t*)
 *(.glue_7)
 .glue_7        0x0200c070        0x0 c:/devkitpro/devkitarm/bin/../lib/gcc/arm-eabi/4.1.1/../../../../arm-eabi/lib/thumb/ds_arm9_crt0.o
 .glue_7        0x0200c070        0x0 c:/devkitpro/devkitarm/bin/../lib/gcc/arm-eabi/4.1.1/thumb/crti.o
 .glue_7        0x0200c070        0x0 c:/devkitpro/devkitarm/bin/../lib/gcc/arm-eabi/4.1.1/thumb/crtbegin.o
 .glue_7        0x0200c070        0x0 powtbl.o
 .glue_7        0x0200c070        0x0 sintbl.o
 .glue_7        0x0200c070        0x0 _console.o
 .glue_7        0x0200c070        0x0 _consoleWriteLog.o
 .glue_7        0x0200c070        0x0 disc_io.o
 .glue_7        0x0200c070        0x0 gba_nds_fat.o
 .glue_7        0x0200c070        0x0 inifile.o
 .glue_7        0x0200c070        0x0 main.o
 .glue_7        0x0200c070        0x0 plugin_dll.o
 .glue_7        0x0200c070        0x0 rcplib.o
 .glue_7        0x0200c070        0x0 rcplib_rcp.o
 .glue_7        0x0200c070        0x0 shell.o
 .glue_7        0x0200c070        0x0 smidlib.o
 .glue_7        0x0200c070        0x0 smidlib_mtrk.o
 .glue_7        0x0200c070        0x0 smidlib_pch.o
 .glue_7        0x0200c070        0x0 smidlib_sm.o
 .glue_7        0x0200c070        0x0 test.o
 .glue_7        0x0200c070        0x0 ttacdec.o
 .glue_7        0x0200c070        0x0 TTAC_Decode_12bit_asm.o
 .glue_7        0x0200c070        0x0 TTAC_Decode_16bit_asm.o
 .glue_7        0x0200c070        0x0 TTAC_Decode_6bit_asm.o
 .glue_7        0x0200c070        0x0 TTAC_Decode_8bit_asm.o
 .glue_7        0x0200c070        0x0 c:/devkitPro/libnds/lib\libnds9.a(console.o)
 .glue_7        0x0200c070        0x0 c:/devkitPro/libnds/lib\libnds9.a(touch.o)
 .glue_7        0x0200c070        0x0 c:/devkitPro/libnds/lib\libnds9.a(video.o)
 .glue_7        0x0200c070        0x0 c:/devkitPro/libnds/lib\libnds9.a(interrupts.o)
 .glue_7        0x0200c070        0x0 c:/devkitPro/libnds/lib\libnds9.a(biosCalls.o)
 .glue_7        0x0200c070        0x0 c:/devkitPro/libnds/lib\libnds9.a(interruptDispatcher.o)
 .glue_7        0x0200c070        0x0 c:/devkitPro/libnds/lib\libnds9.a(default_font.o)
 .glue_7        0x0200c070        0x0 c:/devkitpro/devkitarm/bin/../lib/gcc/arm-eabi/4.1.1/thumb\libgcc.a(_udivsi3.o)
 .glue_7        0x0200c070        0x0 c:/devkitpro/devkitarm/bin/../lib/gcc/arm-eabi/4.1.1/thumb\libgcc.a(_dvmd_tls.o)
 .glue_7        0x0200c070        0x0 c:/devkitpro/devkitarm/bin/../lib/gcc/arm-eabi/4.1.1/thumb\libgcc.a(_call_via_rX.o)
 .glue_7        0x0200c070        0x0 c:/devkitpro/devkitarm/bin/../lib/gcc/arm-eabi/4.1.1/thumb\libgcc.a(_addsubdf3.o)
 .glue_7        0x0200c070        0x0 c:/devkitpro/devkitarm/bin/../lib/gcc/arm-eabi/4.1.1/thumb\libgcc.a(_cmpdf2.o)
 .glue_7        0x0200c070        0x0 c:/devkitpro/devkitarm/bin/../lib/gcc/arm-eabi/4.1.1/thumb\libgcc.a(_addsubsf3.o)
 .glue_7        0x0200c070        0x0 c:/devkitpro/devkitarm/bin/../lib/gcc/arm-eabi/4.1.1/thumb\libgcc.a(_muldivsf3.o)
 .glue_7        0x0200c070        0x0 c:/devkitpro/devkitarm/bin/../lib/gcc/arm-eabi/4.1.1/thumb\libgcc.a(_fixunssfsi.o)
 .glue_7        0x0200c070        0x0 c:/devkitpro/devkitarm/bin/../lib/gcc/arm-eabi/4.1.1/../../../../arm-eabi/lib/thumb\libg.a(lib_a-impure.o)
 .glue_7        0x0200c070        0x0 c:/devkitpro/devkitarm/bin/../lib/gcc/arm-eabi/4.1.1/../../../../arm-eabi/lib/thumb\libg.a(lib_a-init.o)
 .glue_7        0x0200c070        0x0 c:/devkitpro/devkitarm/bin/../lib/gcc/arm-eabi/4.1.1/../../../../arm-eabi/lib/thumb\libg.a(lib_a-iprintf.o)
 .glue_7        0x0200c070        0x0 c:/devkitpro/devkitarm/bin/../lib/gcc/arm-eabi/4.1.1/../../../../arm-eabi/lib/thumb\libg.a(lib_a-memcpy.o)
 .glue_7        0x0200c070        0x0 c:/devkitpro/devkitarm/bin/../lib/gcc/arm-eabi/4.1.1/../../../../arm-eabi/lib/thumb\libg.a(lib_a-memmove.o)
 .glue_7        0x0200c070        0x0 c:/devkitpro/devkitarm/bin/../lib/gcc/arm-eabi/4.1.1/../../../../arm-eabi/lib/thumb\libg.a(lib_a-setvbuf.o)
 .glue_7        0x0200c070        0x0 c:/devkitpro/devkitarm/bin/../lib/gcc/arm-eabi/4.1.1/../../../../arm-eabi/lib/thumb\libg.a(lib_a-siscanf.o)
 .glue_7        0x0200c070        0x0 c:/devkitpro/devkitarm/bin/../lib/gcc/arm-eabi/4.1.1/../../../../arm-eabi/lib/thumb\libg.a(lib_a-strlen.o)
 .glue_7        0x0200c070        0x0 c:/devkitpro/devkitarm/bin/../lib/gcc/arm-eabi/4.1.1/../../../../arm-eabi/lib/thumb\libg.a(lib_a-strpbrk.o)
 .glue_7        0x0200c070        0x0 c:/devkitpro/devkitarm/bin/../lib/gcc/arm-eabi/4.1.1/../../../../arm-eabi/lib/thumb\libg.a(lib_a-vfiprintf.o)
 .glue_7        0x0200c070        0x0 c:/devkitpro/devkitarm/bin/../lib/gcc/arm-eabi/4.1.1/../../../../arm-eabi/lib/thumb\libg.a(lib_a-vfiscanf.o)
 .glue_7        0x0200c070        0x0 c:/devkitpro/devkitarm/bin/../lib/gcc/arm-eabi/4.1.1/../../../../arm-eabi/lib/thumb\libg.a(lib_a-wcrtomb.o)
 .glue_7        0x0200c070        0x0 c:/devkitpro/devkitarm/bin/../lib/gcc/arm-eabi/4.1.1/../../../../arm-eabi/lib/thumb\libg.a(lib_a-wcsrtombs.o)
 .glue_7        0x0200c070        0x0 c:/devkitpro/devkitarm/bin/../lib/gcc/arm-eabi/4.1.1/../../../../arm-eabi/lib/thumb\libg.a(lib_a-wctomb_r.o)
 .glue_7        0x0200c070        0x0 c:/devkitpro/devkitarm/bin/../lib/gcc/arm-eabi/4.1.1/../../../../arm-eabi/lib/thumb\libg.a(lib_a-wsetup.o)
 .glue_7        0x0200c070        0x0 c:/devkitpro/devkitarm/bin/../lib/gcc/arm-eabi/4.1.1/../../../../arm-eabi/lib/thumb\libg.a(lib_a-ctype_.o)
 .glue_7        0x0200c070        0x0 c:/devkitpro/devkitarm/bin/../lib/gcc/arm-eabi/4.1.1/../../../../arm-eabi/lib/thumb\libg.a(lib_a-fflush.o)
 .glue_7        0x0200c070        0x0 c:/devkitpro/devkitarm/bin/../lib/gcc/arm-eabi/4.1.1/../../../../arm-eabi/lib/thumb\libg.a(lib_a-findfp.o)
 .glue_7        0x0200c070        0x0 c:/devkitpro/devkitarm/bin/../lib/gcc/arm-eabi/4.1.1/../../../../arm-eabi/lib/thumb\libg.a(lib_a-fread.o)
 .glue_7        0x0200c070        0x0 c:/devkitpro/devkitarm/bin/../lib/gcc/arm-eabi/4.1.1/../../../../arm-eabi/lib/thumb\libg.a(lib_a-freer.o)
 .glue_7        0x0200c070        0x0 c:/devkitpro/devkitarm/bin/../lib/gcc/arm-eabi/4.1.1/../../../../arm-eabi/lib/thumb\libg.a(lib_a-fvwrite.o)
 .glue_7        0x0200c070        0x0 c:/devkitpro/devkitarm/bin/../lib/gcc/arm-eabi/4.1.1/../../../../arm-eabi/lib/thumb\libg.a(lib_a-fwalk.o)
 .glue_7        0x0200c070        0x0 c:/devkitpro/devkitarm/bin/../lib/gcc/arm-eabi/4.1.1/../../../../arm-eabi/lib/thumb\libg.a(lib_a-iswspace.o)
 .glue_7        0x0200c070        0x0 c:/devkitpro/devkitarm/bin/../lib/gcc/arm-eabi/4.1.1/../../../../arm-eabi/lib/thumb\libg.a(lib_a-locale.o)
 .glue_7        0x0200c070        0x0 c:/devkitpro/devkitarm/bin/../lib/gcc/arm-eabi/4.1.1/../../../../arm-eabi/lib/thumb\libg.a(lib_a-makebuf.o)
 .glue_7        0x0200c070        0x0 c:/devkitpro/devkitarm/bin/../lib/gcc/arm-eabi/4.1.1/../../../../arm-eabi/lib/thumb\libg.a(lib_a-malloc.o)
 .glue_7        0x0200c070        0x0 c:/devkitpro/devkitarm/bin/../lib/gcc/arm-eabi/4.1.1/../../../../arm-eabi/lib/thumb\libg.a(lib_a-mallocr.o)
 .glue_7        0x0200c070        0x0 c:/devkitpro/devkitarm/bin/../lib/gcc/arm-eabi/4.1.1/../../../../arm-eabi/lib/thumb\libg.a(lib_a-mbrtowc.o)
 .glue_7        0x0200c070        0x0 c:/devkitpro/devkitarm/bin/../lib/gcc/arm-eabi/4.1.1/../../../../arm-eabi/lib/thumb\libg.a(lib_a-mbtowc_r.o)
 .glue_7        0x0200c070        0x0 c:/devkitpro/devkitarm/bin/../lib/gcc/arm-eabi/4.1.1/../../../../arm-eabi/lib/thumb\libg.a(lib_a-memchr.o)
 .glue_7        0x0200c070        0x0 c:/devkitpro/devkitarm/bin/../lib/gcc/arm-eabi/4.1.1/../../../../arm-eabi/lib/thumb\libg.a(lib_a-memset.o)
 .glue_7        0x0200c070        0x0 c:/devkitpro/devkitarm/bin/../lib/gcc/arm-eabi/4.1.1/../../../../arm-eabi/lib/thumb\libg.a(lib_a-mlock.o)
 .glue_7        0x0200c070        0x0 c:/devkitpro/devkitarm/bin/../lib/gcc/arm-eabi/4.1.1/../../../../arm-eabi/lib/thumb\libg.a(lib_a-reallocr.o)
 .glue_7        0x0200c070        0x0 c:/devkitpro/devkitarm/bin/../lib/gcc/arm-eabi/4.1.1/../../../../arm-eabi/lib/thumb\libg.a(lib_a-refill.o)
 .glue_7        0x0200c070        0x0 c:/devkitpro/devkitarm/bin/../lib/gcc/arm-eabi/4.1.1/../../../../arm-eabi/lib/thumb\libg.a(lib_a-sbrkr.o)
 .glue_7        0x0200c070        0x0 c:/devkitpro/devkitarm/bin/../lib/gcc/arm-eabi/4.1.1/../../../../arm-eabi/lib/thumb\libg.a(lib_a-sccl.o)
 .glue_7        0x0200c070        0x0 c:/devkitpro/devkitarm/bin/../lib/gcc/arm-eabi/4.1.1/../../../../arm-eabi/lib/thumb\libg.a(lib_a-stdio.o)
 .glue_7        0x0200c070        0x0 c:/devkitpro/devkitarm/bin/../lib/gcc/arm-eabi/4.1.1/../../../../arm-eabi/lib/thumb\libg.a(lib_a-strcmp.o)
 .glue_7        0x0200c070        0x0 c:/devkitpro/devkitarm/bin/../lib/gcc/arm-eabi/4.1.1/../../../../arm-eabi/lib/thumb\libg.a(lib_a-strtol.o)
 .glue_7        0x0200c070        0x0 c:/devkitpro/devkitarm/bin/../lib/gcc/arm-eabi/4.1.1/../../../../arm-eabi/lib/thumb\libg.a(lib_a-strtoul.o)
 .glue_7        0x0200c070        0x0 c:/devkitpro/devkitarm/bin/../lib/gcc/arm-eabi/4.1.1/../../../../arm-eabi/lib/thumb\libg.a(lib_a-ungetc.o)
 .glue_7        0x0200c070        0x0 c:/devkitpro/devkitarm/bin/../lib/gcc/arm-eabi/4.1.1/../../../../arm-eabi/lib/thumb\libg.a(lib_a-writer.o)
 .glue_7        0x0200c070        0x0 c:/devkitpro/devkitarm/bin/../lib/gcc/arm-eabi/4.1.1/../../../../arm-eabi/lib/thumb\libg.a(lib_a-closer.o)
 .glue_7        0x0200c070        0x0 c:/devkitpro/devkitarm/bin/../lib/gcc/arm-eabi/4.1.1/../../../../arm-eabi/lib/thumb\libg.a(lib_a-fclose.o)
 .glue_7        0x0200c070        0x0 c:/devkitpro/devkitarm/bin/../lib/gcc/arm-eabi/4.1.1/../../../../arm-eabi/lib/thumb\libg.a(lib_a-fstatr.o)
 .glue_7        0x0200c070        0x0 c:/devkitpro/devkitarm/bin/../lib/gcc/arm-eabi/4.1.1/../../../../arm-eabi/lib/thumb\libg.a(lib_a-lseekr.o)
 .glue_7        0x0200c070        0x0 c:/devkitpro/devkitarm/bin/../lib/gcc/arm-eabi/4.1.1/../../../../arm-eabi/lib/thumb\libg.a(lib_a-readr.o)
 .glue_7        0x0200c070        0x0 c:/devkitpro/devkitarm/bin/../lib/gcc/arm-eabi/4.1.1/../../../../arm-eabi/lib/thumb\libg.a(lib_a-reent.o)
 .glue_7        0x0200c070        0x0 c:/devkitpro/devkitarm/bin/../lib/gcc/arm-eabi/4.1.1/../../../../arm-eabi/lib/thumb\libsysbase.a(iosupport.o)
 .glue_7        0x0200c070        0x0 c:/devkitpro/devkitarm/bin/../lib/gcc/arm-eabi/4.1.1/../../../../arm-eabi/lib/thumb\libsysbase.a(close.o)
 .glue_7        0x0200c070        0x0 c:/devkitpro/devkitarm/bin/../lib/gcc/arm-eabi/4.1.1/../../../../arm-eabi/lib/thumb\libsysbase.a(fstat.o)
 .glue_7        0x0200c070        0x0 c:/devkitpro/devkitarm/bin/../lib/gcc/arm-eabi/4.1.1/../../../../arm-eabi/lib/thumb\libsysbase.a(isatty.o)
 .glue_7        0x0200c070        0x0 c:/devkitpro/devkitarm/bin/../lib/gcc/arm-eabi/4.1.1/../../../../arm-eabi/lib/thumb\libsysbase.a(lseek.o)
 .glue_7        0x0200c070        0x0 c:/devkitpro/devkitarm/bin/../lib/gcc/arm-eabi/4.1.1/../../../../arm-eabi/lib/thumb\libsysbase.a(read.o)
 .glue_7        0x0200c070        0x0 c:/devkitpro/devkitarm/bin/../lib/gcc/arm-eabi/4.1.1/../../../../arm-eabi/lib/thumb\libsysbase.a(sbrk.o)
 .glue_7        0x0200c070        0x0 c:/devkitpro/devkitarm/bin/../lib/gcc/arm-eabi/4.1.1/../../../../arm-eabi/lib/thumb\libsysbase.a(write.o)
 .glue_7        0x0200c070        0x0 c:/devkitpro/devkitarm/bin/../lib/gcc/arm-eabi/4.1.1/../../../../arm-eabi/lib/thumb\libsysbase.a(malloc_vars.o)
 .glue_7        0x0200c070        0x0 c:/devkitpro/devkitarm/bin/../lib/gcc/arm-eabi/4.1.1/../../../../arm-eabi/lib/thumb\libc.a(lib_a-strncmp.o)
 .glue_7        0x0200c070        0xc c:/devkitpro/devkitarm/bin/../lib/gcc/arm-eabi/4.1.1/thumb/crtend.o
                0x0200c070                ___call_via_r3_from_arm
 .glue_7        0x0200c07c        0x0 c:/devkitpro/devkitarm/bin/../lib/gcc/arm-eabi/4.1.1/thumb/crtn.o
 *(.glue_7t)
 .glue_7t       0x0200c07c        0x0 c:/devkitpro/devkitarm/bin/../lib/gcc/arm-eabi/4.1.1/../../../../arm-eabi/lib/thumb/ds_arm9_crt0.o
 .glue_7t       0x0200c07c        0x0 c:/devkitpro/devkitarm/bin/../lib/gcc/arm-eabi/4.1.1/thumb/crti.o
 .glue_7t       0x0200c07c        0x0 c:/devkitpro/devkitarm/bin/../lib/gcc/arm-eabi/4.1.1/thumb/crtbegin.o
 .glue_7t       0x0200c07c        0x0 powtbl.o
 .glue_7t       0x0200c07c        0x0 sintbl.o
 .glue_7t       0x0200c07c        0x0 _console.o
 .glue_7t       0x0200c07c        0x0 _consoleWriteLog.o
 .glue_7t       0x0200c07c        0x0 disc_io.o
 .glue_7t       0x0200c07c        0x0 gba_nds_fat.o
 .glue_7t       0x0200c07c        0x0 inifile.o
 .glue_7t       0x0200c07c        0x0 main.o
 .glue_7t       0x0200c07c        0x0 plugin_dll.o
 .glue_7t       0x0200c07c        0x0 rcplib.o
 .glue_7t       0x0200c07c        0x0 rcplib_rcp.o
 .glue_7t       0x0200c07c        0x0 shell.o
 .glue_7t       0x0200c07c        0x0 smidlib.o
 .glue_7t       0x0200c07c        0x0 smidlib_mtrk.o
 .glue_7t       0x0200c07c        0x0 smidlib_pch.o
 .glue_7t       0x0200c07c        0x0 smidlib_sm.o
 .glue_7t       0x0200c07c        0x0 test.o
 .glue_7t       0x0200c07c        0x0 ttacdec.o
 .glue_7t       0x0200c07c        0x0 TTAC_Decode_12bit_asm.o
 .glue_7t       0x0200c07c        0x0 TTAC_Decode_16bit_asm.o
 .glue_7t       0x0200c07c        0x0 TTAC_Decode_6bit_asm.o
 .glue_7t       0x0200c07c        0x0 TTAC_Decode_8bit_asm.o
 .glue_7t       0x0200c07c        0x0 c:/devkitPro/libnds/lib\libnds9.a(console.o)
 .glue_7t       0x0200c07c        0x0 c:/devkitPro/libnds/lib\libnds9.a(touch.o)
 .glue_7t       0x0200c07c        0x0 c:/devkitPro/libnds/lib\libnds9.a(video.o)
 .glue_7t       0x0200c07c        0x0 c:/devkitPro/libnds/lib\libnds9.a(interrupts.o)
 .glue_7t       0x0200c07c        0x0 c:/devkitPro/libnds/lib\libnds9.a(biosCalls.o)
 .glue_7t       0x0200c07c        0x0 c:/devkitPro/libnds/lib\libnds9.a(interruptDispatcher.o)
 .glue_7t       0x0200c07c        0x0 c:/devkitPro/libnds/lib\libnds9.a(default_font.o)
 .glue_7t       0x0200c07c        0x0 c:/devkitpro/devkitarm/bin/../lib/gcc/arm-eabi/4.1.1/thumb\libgcc.a(_udivsi3.o)
 .glue_7t       0x0200c07c        0x0 c:/devkitpro/devkitarm/bin/../lib/gcc/arm-eabi/4.1.1/thumb\libgcc.a(_dvmd_tls.o)
 .glue_7t       0x0200c07c        0x0 c:/devkitpro/devkitarm/bin/../lib/gcc/arm-eabi/4.1.1/thumb\libgcc.a(_call_via_rX.o)
 .glue_7t       0x0200c07c        0x0 c:/devkitpro/devkitarm/bin/../lib/gcc/arm-eabi/4.1.1/thumb\libgcc.a(_addsubdf3.o)
 .glue_7t       0x0200c07c        0x0 c:/devkitpro/devkitarm/bin/../lib/gcc/arm-eabi/4.1.1/thumb\libgcc.a(_cmpdf2.o)
 .glue_7t       0x0200c07c        0x0 c:/devkitpro/devkitarm/bin/../lib/gcc/arm-eabi/4.1.1/thumb\libgcc.a(_addsubsf3.o)
 .glue_7t       0x0200c07c        0x0 c:/devkitpro/devkitarm/bin/../lib/gcc/arm-eabi/4.1.1/thumb\libgcc.a(_muldivsf3.o)
 .glue_7t       0x0200c07c        0x0 c:/devkitpro/devkitarm/bin/../lib/gcc/arm-eabi/4.1.1/thumb\libgcc.a(_fixunssfsi.o)
 .glue_7t       0x0200c07c        0x0 c:/devkitpro/devkitarm/bin/../lib/gcc/arm-eabi/4.1.1/../../../../arm-eabi/lib/thumb\libg.a(lib_a-impure.o)
 .glue_7t       0x0200c07c        0x0 c:/devkitpro/devkitarm/bin/../lib/gcc/arm-eabi/4.1.1/../../../../arm-eabi/lib/thumb\libg.a(lib_a-init.o)
 .glue_7t       0x0200c07c        0x0 c:/devkitpro/devkitarm/bin/../lib/gcc/arm-eabi/4.1.1/../../../../arm-eabi/lib/thumb\libg.a(lib_a-iprintf.o)
 .glue_7t       0x0200c07c        0x0 c:/devkitpro/devkitarm/bin/../lib/gcc/arm-eabi/4.1.1/../../../../arm-eabi/lib/thumb\libg.a(lib_a-memcpy.o)
 .glue_7t       0x0200c07c        0x0 c:/devkitpro/devkitarm/bin/../lib/gcc/arm-eabi/4.1.1/../../../../arm-eabi/lib/thumb\libg.a(lib_a-memmove.o)
 .glue_7t       0x0200c07c        0x0 c:/devkitpro/devkitarm/bin/../lib/gcc/arm-eabi/4.1.1/../../../../arm-eabi/lib/thumb\libg.a(lib_a-setvbuf.o)
 .glue_7t       0x0200c07c        0x0 c:/devkitpro/devkitarm/bin/../lib/gcc/arm-eabi/4.1.1/../../../../arm-eabi/lib/thumb\libg.a(lib_a-siscanf.o)
 .glue_7t       0x0200c07c        0x0 c:/devkitpro/devkitarm/bin/../lib/gcc/arm-eabi/4.1.1/../../../../arm-eabi/lib/thumb\libg.a(lib_a-strlen.o)
 .glue_7t       0x0200c07c        0x0 c:/devkitpro/devkitarm/bin/../lib/gcc/arm-eabi/4.1.1/../../../../arm-eabi/lib/thumb\libg.a(lib_a-strpbrk.o)
 .glue_7t       0x0200c07c        0x0 c:/devkitpro/devkitarm/bin/../lib/gcc/arm-eabi/4.1.1/../../../../arm-eabi/lib/thumb\libg.a(lib_a-vfiprintf.o)
 .glue_7t       0x0200c07c        0x0 c:/devkitpro/devkitarm/bin/../lib/gcc/arm-eabi/4.1.1/../../../../arm-eabi/lib/thumb\libg.a(lib_a-vfiscanf.o)
 .glue_7t       0x0200c07c        0x0 c:/devkitpro/devkitarm/bin/../lib/gcc/arm-eabi/4.1.1/../../../../arm-eabi/lib/thumb\libg.a(lib_a-wcrtomb.o)
 .glue_7t       0x0200c07c        0x0 c:/devkitpro/devkitarm/bin/../lib/gcc/arm-eabi/4.1.1/../../../../arm-eabi/lib/thumb\libg.a(lib_a-wcsrtombs.o)
 .glue_7t       0x0200c07c        0x0 c:/devkitpro/devkitarm/bin/../lib/gcc/arm-eabi/4.1.1/../../../../arm-eabi/lib/thumb\libg.a(lib_a-wctomb_r.o)
 .glue_7t       0x0200c07c        0x0 c:/devkitpro/devkitarm/bin/../lib/gcc/arm-eabi/4.1.1/../../../../arm-eabi/lib/thumb\libg.a(lib_a-wsetup.o)
 .glue_7t       0x0200c07c        0x0 c:/devkitpro/devkitarm/bin/../lib/gcc/arm-eabi/4.1.1/../../../../arm-eabi/lib/thumb\libg.a(lib_a-ctype_.o)
 .glue_7t       0x0200c07c        0x0 c:/devkitpro/devkitarm/bin/../lib/gcc/arm-eabi/4.1.1/../../../../arm-eabi/lib/thumb\libg.a(lib_a-fflush.o)
 .glue_7t       0x0200c07c        0x0 c:/devkitpro/devkitarm/bin/../lib/gcc/arm-eabi/4.1.1/../../../../arm-eabi/lib/thumb\libg.a(lib_a-findfp.o)
 .glue_7t       0x0200c07c        0x0 c:/devkitpro/devkitarm/bin/../lib/gcc/arm-eabi/4.1.1/../../../../arm-eabi/lib/thumb\libg.a(lib_a-fread.o)
 .glue_7t       0x0200c07c        0x0 c:/devkitpro/devkitarm/bin/../lib/gcc/arm-eabi/4.1.1/../../../../arm-eabi/lib/thumb\libg.a(lib_a-freer.o)
 .glue_7t       0x0200c07c        0x0 c:/devkitpro/devkitarm/bin/../lib/gcc/arm-eabi/4.1.1/../../../../arm-eabi/lib/thumb\libg.a(lib_a-fvwrite.o)
 .glue_7t       0x0200c07c        0x0 c:/devkitpro/devkitarm/bin/../lib/gcc/arm-eabi/4.1.1/../../../../arm-eabi/lib/thumb\libg.a(lib_a-fwalk.o)
 .glue_7t       0x0200c07c        0x0 c:/devkitpro/devkitarm/bin/../lib/gcc/arm-eabi/4.1.1/../../../../arm-eabi/lib/thumb\libg.a(lib_a-iswspace.o)
 .glue_7t       0x0200c07c        0x0 c:/devkitpro/devkitarm/bin/../lib/gcc/arm-eabi/4.1.1/../../../../arm-eabi/lib/thumb\libg.a(lib_a-locale.o)
 .glue_7t       0x0200c07c        0x0 c:/devkitpro/devkitarm/bin/../lib/gcc/arm-eabi/4.1.1/../../../../arm-eabi/lib/thumb\libg.a(lib_a-makebuf.o)
 .glue_7t       0x0200c07c        0x0 c:/devkitpro/devkitarm/bin/../lib/gcc/arm-eabi/4.1.1/../../../../arm-eabi/lib/thumb\libg.a(lib_a-malloc.o)
 .glue_7t       0x0200c07c        0x0 c:/devkitpro/devkitarm/bin/../lib/gcc/arm-eabi/4.1.1/../../../../arm-eabi/lib/thumb\libg.a(lib_a-mallocr.o)
 .glue_7t       0x0200c07c        0x0 c:/devkitpro/devkitarm/bin/../lib/gcc/arm-eabi/4.1.1/../../../../arm-eabi/lib/thumb\libg.a(lib_a-mbrtowc.o)
 .glue_7t       0x0200c07c        0x0 c:/devkitpro/devkitarm/bin/../lib/gcc/arm-eabi/4.1.1/../../../../arm-eabi/lib/thumb\libg.a(lib_a-mbtowc_r.o)
 .glue_7t       0x0200c07c        0x0 c:/devkitpro/devkitarm/bin/../lib/gcc/arm-eabi/4.1.1/../../../../arm-eabi/lib/thumb\libg.a(lib_a-memchr.o)
 .glue_7t       0x0200c07c        0x0 c:/devkitpro/devkitarm/bin/../lib/gcc/arm-eabi/4.1.1/../../../../arm-eabi/lib/thumb\libg.a(lib_a-memset.o)
 .glue_7t       0x0200c07c        0x0 c:/devkitpro/devkitarm/bin/../lib/gcc/arm-eabi/4.1.1/../../../../arm-eabi/lib/thumb\libg.a(lib_a-mlock.o)
 .glue_7t       0x0200c07c        0x0 c:/devkitpro/devkitarm/bin/../lib/gcc/arm-eabi/4.1.1/../../../../arm-eabi/lib/thumb\libg.a(lib_a-reallocr.o)
 .glue_7t       0x0200c07c        0x0 c:/devkitpro/devkitarm/bin/../lib/gcc/arm-eabi/4.1.1/../../../../arm-eabi/lib/thumb\libg.a(lib_a-refill.o)
 .glue_7t       0x0200c07c        0x0 c:/devkitpro/devkitarm/bin/../lib/gcc/arm-eabi/4.1.1/../../../../arm-eabi/lib/thumb\libg.a(lib_a-sbrkr.o)
 .glue_7t       0x0200c07c        0x0 c:/devkitpro/devkitarm/bin/../lib/gcc/arm-eabi/4.1.1/../../../../arm-eabi/lib/thumb\libg.a(lib_a-sccl.o)
 .glue_7t       0x0200c07c        0x0 c:/devkitpro/devkitarm/bin/../lib/gcc/arm-eabi/4.1.1/../../../../arm-eabi/lib/thumb\libg.a(lib_a-stdio.o)
 .glue_7t       0x0200c07c        0x0 c:/devkitpro/devkitarm/bin/../lib/gcc/arm-eabi/4.1.1/../../../../arm-eabi/lib/thumb\libg.a(lib_a-strcmp.o)
 .glue_7t       0x0200c07c        0x0 c:/devkitpro/devkitarm/bin/../lib/gcc/arm-eabi/4.1.1/../../../../arm-eabi/lib/thumb\libg.a(lib_a-strtol.o)
 .glue_7t       0x0200c07c        0x0 c:/devkitpro/devkitarm/bin/../lib/gcc/arm-eabi/4.1.1/../../../../arm-eabi/lib/thumb\libg.a(lib_a-strtoul.o)
 .glue_7t       0x0200c07c        0x0 c:/devkitpro/devkitarm/bin/../lib/gcc/arm-eabi/4.1.1/../../../../arm-eabi/lib/thumb\libg.a(lib_a-ungetc.o)
 .glue_7t       0x0200c07c        0x0 c:/devkitpro/devkitarm/bin/../lib/gcc/arm-eabi/4.1.1/../../../../arm-eabi/lib/thumb\libg.a(lib_a-writer.o)
 .glue_7t       0x0200c07c        0x0 c:/devkitpro/devkitarm/bin/../lib/gcc/arm-eabi/4.1.1/../../../../arm-eabi/lib/thumb\libg.a(lib_a-closer.o)
 .glue_7t       0x0200c07c        0x0 c:/devkitpro/devkitarm/bin/../lib/gcc/arm-eabi/4.1.1/../../../../arm-eabi/lib/thumb\libg.a(lib_a-fclose.o)
 .glue_7t       0x0200c07c        0x0 c:/devkitpro/devkitarm/bin/../lib/gcc/arm-eabi/4.1.1/../../../../arm-eabi/lib/thumb\libg.a(lib_a-fstatr.o)
 .glue_7t       0x0200c07c        0x0 c:/devkitpro/devkitarm/bin/../lib/gcc/arm-eabi/4.1.1/../../../../arm-eabi/lib/thumb\libg.a(lib_a-lseekr.o)
 .glue_7t       0x0200c07c        0x0 c:/devkitpro/devkitarm/bin/../lib/gcc/arm-eabi/4.1.1/../../../../arm-eabi/lib/thumb\libg.a(lib_a-readr.o)
 .glue_7t       0x0200c07c        0x0 c:/devkitpro/devkitarm/bin/../lib/gcc/arm-eabi/4.1.1/../../../../arm-eabi/lib/thumb\libg.a(lib_a-reent.o)
 .glue_7t       0x0200c07c        0x0 c:/devkitpro/devkitarm/bin/../lib/gcc/arm-eabi/4.1.1/../../../../arm-eabi/lib/thumb\libsysbase.a(iosupport.o)
 .glue_7t       0x0200c07c        0x0 c:/devkitpro/devkitarm/bin/../lib/gcc/arm-eabi/4.1.1/../../../../arm-eabi/lib/thumb\libsysbase.a(close.o)
 .glue_7t       0x0200c07c        0x0 c:/devkitpro/devkitarm/bin/../lib/gcc/arm-eabi/4.1.1/../../../../arm-eabi/lib/thumb\libsysbase.a(fstat.o)
 .glue_7t       0x0200c07c        0x0 c:/devkitpro/devkitarm/bin/../lib/gcc/arm-eabi/4.1.1/../../../../arm-eabi/lib/thumb\libsysbase.a(isatty.o)
 .glue_7t       0x0200c07c        0x0 c:/devkitpro/devkitarm/bin/../lib/gcc/arm-eabi/4.1.1/../../../../arm-eabi/lib/thumb\libsysbase.a(lseek.o)
 .glue_7t       0x0200c07c        0x0 c:/devkitpro/devkitarm/bin/../lib/gcc/arm-eabi/4.1.1/../../../../arm-eabi/lib/thumb\libsysbase.a(read.o)
 .glue_7t       0x0200c07c        0x0 c:/devkitpro/devkitarm/bin/../lib/gcc/arm-eabi/4.1.1/../../../../arm-eabi/lib/thumb\libsysbase.a(sbrk.o)
 .glue_7t       0x0200c07c        0x0 c:/devkitpro/devkitarm/bin/../lib/gcc/arm-eabi/4.1.1/../../../../arm-eabi/lib/thumb\libsysbase.a(write.o)
 .glue_7t       0x0200c07c        0x0 c:/devkitpro/devkitarm/bin/../lib/gcc/arm-eabi/4.1.1/../../../../arm-eabi/lib/thumb\libsysbase.a(malloc_vars.o)
 .glue_7t       0x0200c07c        0x0 c:/devkitpro/devkitarm/bin/../lib/gcc/arm-eabi/4.1.1/../../../../arm-eabi/lib/thumb\libc.a(lib_a-strncmp.o)
 .glue_7t       0x0200c07c       0x50 c:/devkitpro/devkitarm/bin/../lib/gcc/arm-eabi/4.1.1/thumb/crtend.o
                0x0200c0c0                __TTAC_Decode_8bit_asm_change_to_arm
                0x0200c09c                ____aeabi_fdiv_from_thumb
                0x0200c088                ____aeabi_dcmpeq_change_to_arm
                0x0200c090                ____aeabi_dadd_change_to_arm
                0x0200c098                ____aeabi_i2f_change_to_arm
                0x0200c0a8                ____aeabi_fmul_change_to_arm
                0x0200c0ac                ____aeabi_f2uiz_from_thumb
                0x0200c0b8                ____aeabi_fadd_change_to_arm
                0x0200c07c                ____aeabi_i2d_from_thumb
                0x0200c084                ____aeabi_dcmpeq_from_thumb
                0x0200c0a0                ____aeabi_fdiv_change_to_arm
                0x0200c0bc                __TTAC_Decode_8bit_asm_from_thumb
                0x0200c0c8                __TTAC_Decode_16bit_asm_change_to_arm
                0x0200c0a4                ____aeabi_fmul_from_thumb
                0x0200c080                ____aeabi_i2d_change_to_arm
                0x0200c08c                ____aeabi_dadd_from_thumb
                0x0200c0b4                ____aeabi_fadd_from_thumb
                0x0200c0b0                ____aeabi_f2uiz_change_to_arm
                0x0200c094                ____aeabi_i2f_from_thumb
                0x0200c0c4                __TTAC_Decode_16bit_asm_from_thumb
 .glue_7t       0x0200c0cc        0x0 c:/devkitpro/devkitarm/bin/../lib/gcc/arm-eabi/4.1.1/thumb/crtn.o
                0x0200c0cc                . = ALIGN (0x4)

.fini           0x0200c0cc        0xc
 *(.fini)
 .fini          0x0200c0cc        0x4 c:/devkitpro/devkitarm/bin/../lib/gcc/arm-eabi/4.1.1/thumb/crti.o
                0x0200c0cc                _fini
 .fini          0x0200c0d0        0x8 c:/devkitpro/devkitarm/bin/../lib/gcc/arm-eabi/4.1.1/thumb/crtn.o
                0x0200c0d8                __text_end = .

.rodata         0x0200c0d8     0x9bd8
 *(.rodata)
 .rodata        0x0200c0d8     0x6004 powtbl.o
                0x020120dc                powtbl_bin_end
                0x0200c0d8                powtbl_bin_size
                0x0200c0dc                powtbl_bin
 .rodata        0x020120dc      0x1e4 sintbl.o
                0x020120dc                sintbl_bin_size
                0x020120e0                sintbl_bin
                0x020122c0                sintbl_bin_end
 .rodata        0x020122c0       0x78 main.o
 .rodata        0x02012338       0xc8 rcplib_rcp.o
 .rodata        0x02012400      0x1f0 smidlib_mtrk.o
 .rodata        0x020125f0       0x1c smidlib_pch.o
 .rodata        0x0201260c      0x25c smidlib_sm.o
 .rodata        0x02012868      0x120 c:/devkitPro/libnds/lib\libnds9.a(console.o)
                0x0201293c                dotab_stdout
 .rodata        0x02012988     0x2004 c:/devkitPro/libnds/lib\libnds9.a(default_font.o)
                0x0201498c                default_font_bin_end
                0x02012988                default_font_bin_size
                0x0201298c                default_font_bin
 .rodata        0x0201498c        0x4 c:/devkitpro/devkitarm/bin/../lib/gcc/arm-eabi/4.1.1/../../../../arm-eabi/lib/thumb\libg.a(lib_a-impure.o)
                0x0201498c                _global_impure_ptr
 .rodata        0x02014990      0x18c c:/devkitpro/devkitarm/bin/../lib/gcc/arm-eabi/4.1.1/../../../../arm-eabi/lib/thumb\libg.a(lib_a-vfiprintf.o)
 .rodata        0x02014b1c      0x340 c:/devkitpro/devkitarm/bin/../lib/gcc/arm-eabi/4.1.1/../../../../arm-eabi/lib/thumb\libg.a(lib_a-vfiscanf.o)
 .rodata        0x02014e5c      0x101 c:/devkitpro/devkitarm/bin/../lib/gcc/arm-eabi/4.1.1/../../../../arm-eabi/lib/thumb\libg.a(lib_a-ctype_.o)
                0x02014e5c                _ctype_
 *fill*         0x02014f5d        0x3 ff
 .rodata        0x02014f60       0x34 c:/devkitpro/devkitarm/bin/../lib/gcc/arm-eabi/4.1.1/../../../../arm-eabi/lib/thumb\libg.a(lib_a-locale.o)
 .rodata        0x02014f94       0x4c c:/devkitpro/devkitarm/bin/../lib/gcc/arm-eabi/4.1.1/../../../../arm-eabi/lib/thumb\libsysbase.a(iosupport.o)
                0x02014f94                dotab_stdnull
 *all.rodata*(*)
 *(.roda)
 *(.rodata.*)
 .rodata.str1.4
                0x02014fe0       0x13 _consoleWriteLog.o
                                 0x14 (size before relaxing)
 *fill*         0x02014ff3        0x1 ff
 .rodata.str1.4
                0x02014ff4       0x13 gba_nds_fat.o
                                 0x14 (size before relaxing)
 *fill*         0x02015007        0x1 ff
 .rodata.str1.4
                0x02015008      0x1bb inifile.o
                                0x1bc (size before relaxing)
 *fill*         0x020151c3        0x1 ff
 .rodata.str1.4
                0x020151c4      0x3ba main.o
                                0x3c0 (size before relaxing)
 *fill*         0x0201557e        0x2 ff
 .rodata.str1.4
                0x02015580      0x254 rcplib_rcp.o
                                0x258 (size before relaxing)
 .rodata.str1.4
                0x020157d4        0x2 shell.o
                                  0x4 (size before relaxing)
 *fill*         0x020157d6        0x2 ff
 .rodata.str1.4
                0x020157d8       0x25 smidlib.o
                                 0x28 (size before relaxing)
 *fill*         0x020157fd        0x3 ff
 .rodata.str1.4
                0x02015800       0x47 smidlib_mtrk.o
                                 0x48 (size before relaxing)
 *fill*         0x02015847        0x1 ff
 .rodata.str1.4
                0x02015848      0x13b smidlib_pch.o
                                0x13c (size before relaxing)
 *fill*         0x02015983        0x1 ff
 .rodata.str1.4
                0x02015984      0x278 smidlib_sm.o
                                0x31c (size before relaxing)
 .rodata.str1.4
                0x02015bfc       0x2c c:/devkitPro/libnds/lib\libnds9.a(console.o)
 .rodata.str1.4
                0x02015c28        0x2 c:/devkitpro/devkitarm/bin/../lib/gcc/arm-eabi/4.1.1/../../../../arm-eabi/lib/thumb\libg.a(lib_a-impure.o)
                                  0x4 (size before relaxing)
 *fill*         0x02015c2a        0x2 ff
 .rodata.str1.4
                0x02015c2c       0x4b c:/devkitpro/devkitarm/bin/../lib/gcc/arm-eabi/4.1.1/../../../../arm-eabi/lib/thumb\libg.a(lib_a-vfiprintf.o)
                                 0x4c (size before relaxing)
 *fill*         0x02015c77        0x1 ff
 .rodata.str1.4
                0x02015c78       0x1e c:/devkitpro/devkitarm/bin/../lib/gcc/arm-eabi/4.1.1/../../../../arm-eabi/lib/thumb\libg.a(lib_a-wctomb_r.o)
                                 0x20 (size before relaxing)
 *fill*         0x02015c96        0x2 ff
 .rodata.str1.4
                0x02015c98        0xf c:/devkitpro/devkitarm/bin/../lib/gcc/arm-eabi/4.1.1/../../../../arm-eabi/lib/thumb\libg.a(lib_a-locale.o)
                                 0x18 (size before relaxing)
 .rodata.str1.4
                0x00000000        0x4 c:/devkitpro/devkitarm/bin/../lib/gcc/arm-eabi/4.1.1/../../../../arm-eabi/lib/thumb\libg.a(lib_a-mbrtowc.o)
 *fill*         0x02015ca7        0x1 ff
 .rodata.str1.4
                0x02015ca8        0x8 c:/devkitpro/devkitarm/bin/../lib/gcc/arm-eabi/4.1.1/../../../../arm-eabi/lib/thumb\libsysbase.a(iosupport.o)
 *(.gnu.linkonce.r*)
                0x02015cb0                . = ALIGN (0x4)

.ARM.extab
 *(.ARM.extab* .gnu.linkonce.armextab.*)
                0x02015cb0                __exidx_start = .

.ARM.exidx
 *(.ARM.exidx* .gnu.linkonce.armexidx.*)
                0x02015cb0                __exidx_end = .
                0x02015cb0                . = ALIGN (0x4)
                0x02015cb0                PROVIDE (__preinit_array_start, .)

.preinit_array
 *(.preinit_array)
                0x02015cb0                PROVIDE (__preinit_array_end, .)
                0x02015cb0                PROVIDE (__init_array_start, .)

.init_array     0x02015cb0        0x4
 *(.init_array)
 .init_array    0x02015cb0        0x4 c:/devkitpro/devkitarm/bin/../lib/gcc/arm-eabi/4.1.1/thumb/crtbegin.o
                0x02015cb4                PROVIDE (__init_array_end, .)
                0x02015cb4                PROVIDE (__fini_array_start, .)

.fini_array     0x02015cb4        0x4
 *(.fini_array)
 .fini_array    0x02015cb4        0x4 c:/devkitpro/devkitarm/bin/../lib/gcc/arm-eabi/4.1.1/thumb/crtbegin.o
                0x02015cb8                PROVIDE (__fini_array_end, .)

.ctors          0x02015cb8        0x0
 *crtbegin.o(.ctors)
 *(EXCLUDE_FILE(*crtend.o) .ctors)
 *(SORT(.ctors.*))
 *(.ctors)
                0x02015cb8                . = ALIGN (0x4)

.dtors          0x02015cb8        0x0
 *crtbegin.o(.dtors)
 *(EXCLUDE_FILE(*crtend.o) .dtors)
 *(SORT(.dtors.*))
 *(.dtors)
                0x02015cb8                . = ALIGN (0x4)

.eh_frame       0x02015cb8        0x4
 *(.eh_frame)
 .eh_frame      0x02015cb8        0x0 c:/devkitpro/devkitarm/bin/../lib/gcc/arm-eabi/4.1.1/thumb/crtbegin.o
 .eh_frame      0x02015cb8        0x4 c:/devkitpro/devkitarm/bin/../lib/gcc/arm-eabi/4.1.1/thumb/crtend.o
                0x02015cbc                . = ALIGN (0x4)

.gcc_except_table
                0x02015cbc        0x0
 *(.gcc_except_table)
                0x02015cbc                . = ALIGN (0x4)

.jcr            0x02015cbc        0x4
 *(.jcr)
 .jcr           0x02015cbc        0x0 c:/devkitpro/devkitarm/bin/../lib/gcc/arm-eabi/4.1.1/thumb/crtbegin.o
 .jcr           0x02015cbc        0x4 c:/devkitpro/devkitarm/bin/../lib/gcc/arm-eabi/4.1.1/thumb/crtend.o

.got
 *(.got.plt)
 *(.got)
 *(.rel.got)

.ewram          0x02015cc0        0x0
                0x02015cc0                __ewram_start = <code 342> (.)
 *(.ewram)
 *ewram.*(.text)
                0x02015cc0                . = ALIGN (0x4)

.data           0x02015cc0      0x888
                0x02015cc0                __data_start = <code 342> (.)
 *(.data)
 .data          0x02015cc0        0x0 c:/devkitpro/devkitarm/bin/../lib/gcc/arm-eabi/4.1.1/../../../../arm-eabi/lib/thumb/ds_arm9_crt0.o
 .data          0x02015cc0        0x0 c:/devkitpro/devkitarm/bin/../lib/gcc/arm-eabi/4.1.1/thumb/crti.o
 .data          0x02015cc0        0x4 c:/devkitpro/devkitarm/bin/../lib/gcc/arm-eabi/4.1.1/thumb/crtbegin.o
                0x02015cc0                __dso_handle
 .data          0x02015cc4        0x0 powtbl.o
 .data          0x02015cc4        0x0 sintbl.o
 .data          0x02015cc4        0x0 _console.o
 .data          0x02015cc4        0x0 _consoleWriteLog.o
 .data          0x02015cc4        0x0 disc_io.o
 .data          0x02015cc4        0x0 gba_nds_fat.o
 .data          0x02015cc4        0x0 inifile.o
 .data          0x02015cc4        0x0 main.o
 .data          0x02015cc4        0x0 plugin_dll.o
 .data          0x02015cc4        0x0 rcplib.o
 .data          0x02015cc4        0x0 rcplib_rcp.o
 .data          0x02015cc4        0x0 shell.o
 .data          0x02015cc4        0x0 smidlib.o
 .data          0x02015cc4        0x0 smidlib_mtrk.o
 .data          0x02015cc4        0x0 smidlib_pch.o
 .data          0x02015cc4        0x0 smidlib_sm.o
 .data          0x02015cc4        0x0 test.o
 .data          0x02015cc4        0x0 ttacdec.o
 .data          0x02015cc4        0x0 TTAC_Decode_12bit_asm.o
 .data          0x02015cc4        0x0 TTAC_Decode_16bit_asm.o
 .data          0x02015cc4        0x0 TTAC_Decode_6bit_asm.o
 .data          0x02015cc4        0x0 TTAC_Decode_8bit_asm.o
 .data          0x02015cc4        0x0 c:/devkitPro/libnds/lib\libnds9.a(console.o)
 .data          0x02015cc4        0x0 c:/devkitPro/libnds/lib\libnds9.a(touch.o)
 .data          0x02015cc4        0x0 c:/devkitPro/libnds/lib\libnds9.a(video.o)
 .data          0x02015cc4        0x0 c:/devkitPro/libnds/lib\libnds9.a(interrupts.o)
 .data          0x02015cc4        0x0 c:/devkitPro/libnds/lib\libnds9.a(biosCalls.o)
 .data          0x02015cc4        0x0 c:/devkitPro/libnds/lib\libnds9.a(interruptDispatcher.o)
 .data          0x02015cc4        0x0 c:/devkitPro/libnds/lib\libnds9.a(default_font.o)
 .data          0x02015cc4        0x0 c:/devkitpro/devkitarm/bin/../lib/gcc/arm-eabi/4.1.1/thumb\libgcc.a(_udivsi3.o)
 .data          0x02015cc4        0x0 c:/devkitpro/devkitarm/bin/../lib/gcc/arm-eabi/4.1.1/thumb\libgcc.a(_dvmd_tls.o)
 .data          0x02015cc4        0x0 c:/devkitpro/devkitarm/bin/../lib/gcc/arm-eabi/4.1.1/thumb\libgcc.a(_call_via_rX.o)
 .data          0x02015cc4        0x0 c:/devkitpro/devkitarm/bin/../lib/gcc/arm-eabi/4.1.1/thumb\libgcc.a(_addsubdf3.o)
 .data          0x02015cc4        0x0 c:/devkitpro/devkitarm/bin/../lib/gcc/arm-eabi/4.1.1/thumb\libgcc.a(_cmpdf2.o)
 .data          0x02015cc4        0x0 c:/devkitpro/devkitarm/bin/../lib/gcc/arm-eabi/4.1.1/thumb\libgcc.a(_addsubsf3.o)
 .data          0x02015cc4        0x0 c:/devkitpro/devkitarm/bin/../lib/gcc/arm-eabi/4.1.1/thumb\libgcc.a(_muldivsf3.o)
 .data          0x02015cc4        0x0 c:/devkitpro/devkitarm/bin/../lib/gcc/arm-eabi/4.1.1/thumb\libgcc.a(_fixunssfsi.o)
 *fill*         0x02015cc4        0x4 ff
 .data          0x02015cc8      0x418 c:/devkitpro/devkitarm/bin/../lib/gcc/arm-eabi/4.1.1/../../../../arm-eabi/lib/thumb\libg.a(lib_a-impure.o)
                0x02015cc8                _impure_ptr
 .data          0x020160e0        0x0 c:/devkitpro/devkitarm/bin/../lib/gcc/arm-eabi/4.1.1/../../../../arm-eabi/lib/thumb\libg.a(lib_a-init.o)
 .data          0x020160e0        0x0 c:/devkitpro/devkitarm/bin/../lib/gcc/arm-eabi/4.1.1/../../../../arm-eabi/lib/thumb\libg.a(lib_a-iprintf.o)
 .data          0x020160e0        0x0 c:/devkitpro/devkitarm/bin/../lib/gcc/arm-eabi/4.1.1/../../../../arm-eabi/lib/thumb\libg.a(lib_a-memcpy.o)
 .data          0x020160e0        0x0 c:/devkitpro/devkitarm/bin/../lib/gcc/arm-eabi/4.1.1/../../../../arm-eabi/lib/thumb\libg.a(lib_a-memmove.o)
 .data          0x020160e0        0x0 c:/devkitpro/devkitarm/bin/../lib/gcc/arm-eabi/4.1.1/../../../../arm-eabi/lib/thumb\libg.a(lib_a-setvbuf.o)
 .data          0x020160e0        0x0 c:/devkitpro/devkitarm/bin/../lib/gcc/arm-eabi/4.1.1/../../../../arm-eabi/lib/thumb\libg.a(lib_a-siscanf.o)
 .data          0x020160e0        0x0 c:/devkitpro/devkitarm/bin/../lib/gcc/arm-eabi/4.1.1/../../../../arm-eabi/lib/thumb\libg.a(lib_a-strlen.o)
 .data          0x020160e0        0x0 c:/devkitpro/devkitarm/bin/../lib/gcc/arm-eabi/4.1.1/../../../../arm-eabi/lib/thumb\libg.a(lib_a-strpbrk.o)
 .data          0x020160e0        0x0 c:/devkitpro/devkitarm/bin/../lib/gcc/arm-eabi/4.1.1/../../../../arm-eabi/lib/thumb\libg.a(lib_a-vfiprintf.o)
 .data          0x020160e0        0x0 c:/devkitpro/devkitarm/bin/../lib/gcc/arm-eabi/4.1.1/../../../../arm-eabi/lib/thumb\libg.a(lib_a-vfiscanf.o)
 .data          0x020160e0        0x0 c:/devkitpro/devkitarm/bin/../lib/gcc/arm-eabi/4.1.1/../../../../arm-eabi/lib/thumb\libg.a(lib_a-wcrtomb.o)
 .data          0x020160e0        0x0 c:/devkitpro/devkitarm/bin/../lib/gcc/arm-eabi/4.1.1/../../../../arm-eabi/lib/thumb\libg.a(lib_a-wcsrtombs.o)
 .data          0x020160e0        0x0 c:/devkitpro/devkitarm/bin/../lib/gcc/arm-eabi/4.1.1/../../../../arm-eabi/lib/thumb\libg.a(lib_a-wctomb_r.o)
 .data          0x020160e0        0x0 c:/devkitpro/devkitarm/bin/../lib/gcc/arm-eabi/4.1.1/../../../../arm-eabi/lib/thumb\libg.a(lib_a-wsetup.o)
 .data          0x020160e0        0x4 c:/devkitpro/devkitarm/bin/../lib/gcc/arm-eabi/4.1.1/../../../../arm-eabi/lib/thumb\libg.a(lib_a-ctype_.o)
                0x020160e0                __ctype_ptr
 .data          0x020160e4        0x0 c:/devkitpro/devkitarm/bin/../lib/gcc/arm-eabi/4.1.1/../../../../arm-eabi/lib/thumb\libg.a(lib_a-fflush.o)
 .data          0x020160e4        0x0 c:/devkitpro/devkitarm/bin/../lib/gcc/arm-eabi/4.1.1/../../../../arm-eabi/lib/thumb\libg.a(lib_a-findfp.o)
 .data          0x020160e4        0x0 c:/devkitpro/devkitarm/bin/../lib/gcc/arm-eabi/4.1.1/../../../../arm-eabi/lib/thumb\libg.a(lib_a-fread.o)
 .data          0x020160e4        0x0 c:/devkitpro/devkitarm/bin/../lib/gcc/arm-eabi/4.1.1/../../../../arm-eabi/lib/thumb\libg.a(lib_a-freer.o)
 .data          0x020160e4        0x0 c:/devkitpro/devkitarm/bin/../lib/gcc/arm-eabi/4.1.1/../../../../arm-eabi/lib/thumb\libg.a(lib_a-fvwrite.o)
 .data          0x020160e4        0x0 c:/devkitpro/devkitarm/bin/../lib/gcc/arm-eabi/4.1.1/../../../../arm-eabi/lib/thumb\libg.a(lib_a-fwalk.o)
 .data          0x020160e4        0x0 c:/devkitpro/devkitarm/bin/../lib/gcc/arm-eabi/4.1.1/../../../../arm-eabi/lib/thumb\libg.a(lib_a-iswspace.o)
 .data          0x020160e4       0x10 c:/devkitpro/devkitarm/bin/../lib/gcc/arm-eabi/4.1.1/../../../../arm-eabi/lib/thumb\libg.a(lib_a-locale.o)
                0x020160e4                __mb_cur_max
                0x020160e8                __lc_ctype
 .data          0x020160f4        0x0 c:/devkitpro/devkitarm/bin/../lib/gcc/arm-eabi/4.1.1/../../../../arm-eabi/lib/thumb\libg.a(lib_a-makebuf.o)
 .data          0x020160f4        0x0 c:/devkitpro/devkitarm/bin/../lib/gcc/arm-eabi/4.1.1/../../../../arm-eabi/lib/thumb\libg.a(lib_a-malloc.o)
 .data          0x020160f4      0x410 c:/devkitpro/devkitarm/bin/../lib/gcc/arm-eabi/4.1.1/../../../../arm-eabi/lib/thumb\libg.a(lib_a-mallocr.o)
                0x02016500                __malloc_sbrk_base
                0x020160f4                __malloc_av_
                0x020164fc                __malloc_trim_threshold
 .data          0x02016504        0x0 c:/devkitpro/devkitarm/bin/../lib/gcc/arm-eabi/4.1.1/../../../../arm-eabi/lib/thumb\libg.a(lib_a-mbrtowc.o)
 .data          0x02016504        0x0 c:/devkitpro/devkitarm/bin/../lib/gcc/arm-eabi/4.1.1/../../../../arm-eabi/lib/thumb\libg.a(lib_a-mbtowc_r.o)
 .data          0x02016504        0x0 c:/devkitpro/devkitarm/bin/../lib/gcc/arm-eabi/4.1.1/../../../../arm-eabi/lib/thumb\libg.a(lib_a-memchr.o)
 .data          0x02016504        0x0 c:/devkitpro/devkitarm/bin/../lib/gcc/arm-eabi/4.1.1/../../../../arm-eabi/lib/thumb\libg.a(lib_a-memset.o)
 .data          0x02016504        0x0 c:/devkitpro/devkitarm/bin/../lib/gcc/arm-eabi/4.1.1/../../../../arm-eabi/lib/thumb\libg.a(lib_a-mlock.o)
 .data          0x02016504        0x0 c:/devkitpro/devkitarm/bin/../lib/gcc/arm-eabi/4.1.1/../../../../arm-eabi/lib/thumb\libg.a(lib_a-reallocr.o)
 .data          0x02016504        0x0 c:/devkitpro/devkitarm/bin/../lib/gcc/arm-eabi/4.1.1/../../../../arm-eabi/lib/thumb\libg.a(lib_a-refill.o)
 .data          0x02016504        0x0 c:/devkitpro/devkitarm/bin/../lib/gcc/arm-eabi/4.1.1/../../../../arm-eabi/lib/thumb\libg.a(lib_a-sbrkr.o)
 .data          0x02016504        0x0 c:/devkitpro/devkitarm/bin/../lib/gcc/arm-eabi/4.1.1/../../../../arm-eabi/lib/thumb\libg.a(lib_a-sccl.o)
 .data          0x02016504        0x0 c:/devkitpro/devkitarm/bin/../lib/gcc/arm-eabi/4.1.1/../../../../arm-eabi/lib/thumb\libg.a(lib_a-stdio.o)
 .data          0x02016504        0x0 c:/devkitpro/devkitarm/bin/../lib/gcc/arm-eabi/4.1.1/../../../../arm-eabi/lib/thumb\libg.a(lib_a-strcmp.o)
 .data          0x02016504        0x0 c:/devkitpro/devkitarm/bin/../lib/gcc/arm-eabi/4.1.1/../../../../arm-eabi/lib/thumb\libg.a(lib_a-strtol.o)
 .data          0x02016504        0x0 c:/devkitpro/devkitarm/bin/../lib/gcc/arm-eabi/4.1.1/../../../../arm-eabi/lib/thumb\libg.a(lib_a-strtoul.o)
 .data          0x02016504        0x0 c:/devkitpro/devkitarm/bin/../lib/gcc/arm-eabi/4.1.1/../../../../arm-eabi/lib/thumb\libg.a(lib_a-ungetc.o)
 .data          0x02016504        0x0 c:/devkitpro/devkitarm/bin/../lib/gcc/arm-eabi/4.1.1/../../../../arm-eabi/lib/thumb\libg.a(lib_a-writer.o)
 .data          0x02016504        0x0 c:/devkitpro/devkitarm/bin/../lib/gcc/arm-eabi/4.1.1/../../../../arm-eabi/lib/thumb\libg.a(lib_a-closer.o)
 .data          0x02016504        0x0 c:/devkitpro/devkitarm/bin/../lib/gcc/arm-eabi/4.1.1/../../../../arm-eabi/lib/thumb\libg.a(lib_a-fclose.o)
 .data          0x02016504        0x0 c:/devkitpro/devkitarm/bin/../lib/gcc/arm-eabi/4.1.1/../../../../arm-eabi/lib/thumb\libg.a(lib_a-fstatr.o)
 .data          0x02016504        0x0 c:/devkitpro/devkitarm/bin/../lib/gcc/arm-eabi/4.1.1/../../../../arm-eabi/lib/thumb\libg.a(lib_a-lseekr.o)
 .data          0x02016504        0x0 c:/devkitpro/devkitarm/bin/../lib/gcc/arm-eabi/4.1.1/../../../../arm-eabi/lib/thumb\libg.a(lib_a-readr.o)
 .data          0x02016504        0x0 c:/devkitpro/devkitarm/bin/../lib/gcc/arm-eabi/4.1.1/../../../../arm-eabi/lib/thumb\libg.a(lib_a-reent.o)
 .data          0x02016504       0x44 c:/devkitpro/devkitarm/bin/../lib/gcc/arm-eabi/4.1.1/../../../../arm-eabi/lib/thumb\libsysbase.a(iosupport.o)
                0x02016504                devoptab_list
 .data          0x02016548        0x0 c:/devkitpro/devkitarm/bin/../lib/gcc/arm-eabi/4.1.1/../../../../arm-eabi/lib/thumb\libsysbase.a(close.o)
 .data          0x02016548        0x0 c:/devkitpro/devkitarm/bin/../lib/gcc/arm-eabi/4.1.1/../../../../arm-eabi/lib/thumb\libsysbase.a(fstat.o)
 .data          0x02016548        0x0 c:/devkitpro/devkitarm/bin/../lib/gcc/arm-eabi/4.1.1/../../../../arm-eabi/lib/thumb\libsysbase.a(isatty.o)
 .data          0x02016548        0x0 c:/devkitpro/devkitarm/bin/../lib/gcc/arm-eabi/4.1.1/../../../../arm-eabi/lib/thumb\libsysbase.a(lseek.o)
 .data          0x02016548        0x0 c:/devkitpro/devkitarm/bin/../lib/gcc/arm-eabi/4.1.1/../../../../arm-eabi/lib/thumb\libsysbase.a(read.o)
 .data          0x02016548        0x0 c:/devkitpro/devkitarm/bin/../lib/gcc/arm-eabi/4.1.1/../../../../arm-eabi/lib/thumb\libsysbase.a(sbrk.o)
 .data          0x02016548        0x0 c:/devkitpro/devkitarm/bin/../lib/gcc/arm-eabi/4.1.1/../../../../arm-eabi/lib/thumb\libsysbase.a(write.o)
 .data          0x02016548        0x0 c:/devkitpro/devkitarm/bin/../lib/gcc/arm-eabi/4.1.1/../../../../arm-eabi/lib/thumb\libsysbase.a(malloc_vars.o)
 .data          0x02016548        0x0 c:/devkitpro/devkitarm/bin/../lib/gcc/arm-eabi/4.1.1/../../../../arm-eabi/lib/thumb\libc.a(lib_a-strncmp.o)
 .data          0x02016548        0x0 c:/devkitpro/devkitarm/bin/../lib/gcc/arm-eabi/4.1.1/thumb/crtend.o
 .data          0x02016548        0x0 c:/devkitpro/devkitarm/bin/../lib/gcc/arm-eabi/4.1.1/thumb/crtn.o
 *(.data.*)
 *(.gnu.linkonce.d*)
                0x02016548                . = ALIGN (0x4)
                0x02016548                __data_end = <code 342> (.)
                0x02016548                __dtcm_lma = .

.dtcm           0x0b000000     0x1764 load address 0x02016548
 *(.dtcm)
 .dtcm          0x0b000000      0x498 rcplib_rcp.o
                0x0b000000                RCP
 .dtcm          0x0b000498      0x288 smidlib_mtrk.o
 .dtcm          0x0b000720      0xd20 smidlib_pch.o
 .dtcm          0x0b001440      0x324 smidlib_sm.o
                0x0b001440                StdMIDI
 *(.dtcm.*)
                0x0b001764                . = ALIGN (0x4)
                0x0b001764                __dtcm_end = <code 342> (.)
                0x02017cac                __itcm_lma = (__dtcm_lma + SIZEOF (.dtcm))

.itcm           0x01000000      0x190 load address 0x02017cac
 *(.itcm)
 .itcm          0x01000000       0xc8 c:/devkitPro/libnds/lib\libnds9.a(interrupts.o)
                0x01000000                irqTable
 .itcm          0x010000c8       0xc8 c:/devkitPro/libnds/lib\libnds9.a(interruptDispatcher.o)
                0x010000c8                IntrMain
 *itcm.*(.text)
                0x01000190                . = ALIGN (0x4)
                0x01000190                __itcm_end = <code 342> (.)

.sbss           0x0b001764     0x1880
                0x0b001764                __sbss_start = <code 342> (.)
                0x0b001764                __sbss_start__ = <code 342> (.)
 *(.sbss)
 .sbss          0x0b001764     0x1880 gba_nds_fat.o
                0x0b0028e4                lfnName
                0x0b001764                openFiles
                0x0b0029e4                fatBuffer
                0x0b002be4                globalBuffer
                0x0b002fe4                . = ALIGN (0x4)
                0x0b002fe4                __sbss_end = <code 342> (.)
                0x02017e3c                __bss_lma = (__itcm_lma + SIZEOF (.itcm))
                0x02017e3c                __appended_data = (__itcm_lma + SIZEOF (.itcm))

.bss            0x02017e3c    0x22be8 load address 0x02017e3c
                0x02017e3c                __bss_start = <code 342> (.)
                0x02017e3c                __bss_start__ = <code 342> (.)
 *(.dynbss)
 *(.gnu.linkonce.b*)
 *(.bss*)
 .bss           0x02017e3c        0x0 c:/devkitpro/devkitarm/bin/../lib/gcc/arm-eabi/4.1.1/../../../../arm-eabi/lib/thumb/ds_arm9_crt0.o
 .bss           0x02017e3c        0x0 c:/devkitpro/devkitarm/bin/../lib/gcc/arm-eabi/4.1.1/thumb/crti.o
 .bss           0x02017e3c       0x1c c:/devkitpro/devkitarm/bin/../lib/gcc/arm-eabi/4.1.1/thumb/crtbegin.o
 .bss           0x02017e58        0x0 powtbl.o
 .bss           0x02017e58        0x0 sintbl.o
 .bss           0x02017e58        0xc _console.o
 .bss           0x02017e64        0x0 _consoleWriteLog.o
 .bss           0x02017e64    0x20c04 disc_io.o
                0x02017e64                active_interface
 .bss           0x02038a68       0x48 gba_nds_fat.o
                0x02038aac                wrkDirOffset
                0x02038a7c                filesysNumSec
                0x02038aa0                curWorkDirCluster
                0x02038a98                fatFirstFree
                0x02038a6c                filesysRootDir
                0x02038a70                filesysRootDirClus
                0x02038aa8                wrkDirSector
                0x02038a74                filesysFAT
                0x02038a78                filesysSecPerFAT
                0x02038aa4                wrkDirCluster
                0x02038a9c                fatBufferCurSector
                0x02038a94                fatLastCluster
                0x02038a90                filesysType
                0x02038a8c                filesysBytePerClus
                0x02038a84                filesysBytePerSec
                0x02038a88                filesysSecPerClus
                0x02038a80                filesysData
                0x02038a68                lfnExists
 .bss           0x02038ab0       0xa8 inifile.o
                0x02038ab0                GlobalINI
 .bss           0x02038b58      0x37c main.o
                0x02038b58                frame
 .bss           0x02038ed4        0x4 plugin_dll.o
                0x02038ed4                pStdLib
 .bss           0x02038ed8       0x14 rcplib.o
 .bss           0x02038eec      0x32c rcplib_rcp.o
                0x02038eec                RCP_Chank
 .bss           0x02039218        0x0 shell.o
 .bss           0x02039218       0x14 smidlib.o
 .bss           0x0203922c        0x0 smidlib_mtrk.o
 .bss           0x0203922c     0x1778 smidlib_pch.o
                0x0203922c                MemoryOverflowFlag
 .bss           0x0203a9a4        0xc smidlib_sm.o
                0x0203a9a8                gME_Copyright
                0x0203a9ac                gME_Title
                0x0203a9a4                gME_Text
 .bss           0x0203a9b0        0x0 test.o
 .bss           0x0203a9b0        0x0 ttacdec.o
 .bss           0x0203a9b0        0x0 TTAC_Decode_12bit_asm.o
 .bss           0x0203a9b0        0x0 TTAC_Decode_16bit_asm.o
 .bss           0x0203a9b0        0x0 TTAC_Decode_6bit_asm.o
 .bss           0x0203a9b0        0x0 TTAC_Decode_8bit_asm.o
 .bss           0x0203a9b0       0x24 c:/devkitPro/libnds/lib\libnds9.a(console.o)
                0x0203a9b0                fontBold
 .bss           0x0203a9d4        0x0 c:/devkitPro/libnds/lib\libnds9.a(touch.o)
 .bss           0x0203a9d4        0x0 c:/devkitPro/libnds/lib\libnds9.a(video.o)
 .bss           0x0203a9d4        0x0 c:/devkitPro/libnds/lib\libnds9.a(interrupts.o)
 .bss           0x0203a9d4        0x0 c:/devkitPro/libnds/lib\libnds9.a(biosCalls.o)
 .bss           0x0203a9d4        0x0 c:/devkitPro/libnds/lib\libnds9.a(interruptDispatcher.o)
 .bss           0x0203a9d4        0x0 c:/devkitPro/libnds/lib\libnds9.a(default_font.o)
 .bss           0x0203a9d4        0x0 c:/devkitpro/devkitarm/bin/../lib/gcc/arm-eabi/4.1.1/thumb\libgcc.a(_udivsi3.o)
 .bss           0x0203a9d4        0x0 c:/devkitpro/devkitarm/bin/../lib/gcc/arm-eabi/4.1.1/thumb\libgcc.a(_dvmd_tls.o)
 .bss           0x0203a9d4        0x0 c:/devkitpro/devkitarm/bin/../lib/gcc/arm-eabi/4.1.1/thumb\libgcc.a(_call_via_rX.o)
 .bss           0x0203a9d4        0x0 c:/devkitpro/devkitarm/bin/../lib/gcc/arm-eabi/4.1.1/thumb\libgcc.a(_addsubdf3.o)
 .bss           0x0203a9d4        0x0 c:/devkitpro/devkitarm/bin/../lib/gcc/arm-eabi/4.1.1/thumb\libgcc.a(_cmpdf2.o)
 .bss           0x0203a9d4        0x0 c:/devkitpro/devkitarm/bin/../lib/gcc/arm-eabi/4.1.1/thumb\libgcc.a(_addsubsf3.o)
 .bss           0x0203a9d4        0x0 c:/devkitpro/devkitarm/bin/../lib/gcc/arm-eabi/4.1.1/thumb\libgcc.a(_muldivsf3.o)
 .bss           0x0203a9d4        0x0 c:/devkitpro/devkitarm/bin/../lib/gcc/arm-eabi/4.1.1/thumb\libgcc.a(_fixunssfsi.o)
 .bss           0x0203a9d4        0x0 c:/devkitpro/devkitarm/bin/../lib/gcc/arm-eabi/4.1.1/../../../../arm-eabi/lib/thumb\libg.a(lib_a-impure.o)
 .bss           0x0203a9d4        0x0 c:/devkitpro/devkitarm/bin/../lib/gcc/arm-eabi/4.1.1/../../../../arm-eabi/lib/thumb\libg.a(lib_a-init.o)
 .bss           0x0203a9d4        0x0 c:/devkitpro/devkitarm/bin/../lib/gcc/arm-eabi/4.1.1/../../../../arm-eabi/lib/thumb\libg.a(lib_a-iprintf.o)
 .bss           0x0203a9d4        0x0 c:/devkitpro/devkitarm/bin/../lib/gcc/arm-eabi/4.1.1/../../../../arm-eabi/lib/thumb\libg.a(lib_a-memcpy.o)
 .bss           0x0203a9d4        0x0 c:/devkitpro/devkitarm/bin/../lib/gcc/arm-eabi/4.1.1/../../../../arm-eabi/lib/thumb\libg.a(lib_a-memmove.o)
 .bss           0x0203a9d4        0x0 c:/devkitpro/devkitarm/bin/../lib/gcc/arm-eabi/4.1.1/../../../../arm-eabi/lib/thumb\libg.a(lib_a-setvbuf.o)
 .bss           0x0203a9d4        0x0 c:/devkitpro/devkitarm/bin/../lib/gcc/arm-eabi/4.1.1/../../../../arm-eabi/lib/thumb\libg.a(lib_a-siscanf.o)
 .bss           0x0203a9d4        0x0 c:/devkitpro/devkitarm/bin/../lib/gcc/arm-eabi/4.1.1/../../../../arm-eabi/lib/thumb\libg.a(lib_a-strlen.o)
 .bss           0x0203a9d4        0x0 c:/devkitpro/devkitarm/bin/../lib/gcc/arm-eabi/4.1.1/../../../../arm-eabi/lib/thumb\libg.a(lib_a-strpbrk.o)
 .bss           0x0203a9d4        0x0 c:/devkitpro/devkitarm/bin/../lib/gcc/arm-eabi/4.1.1/../../../../arm-eabi/lib/thumb\libg.a(lib_a-vfiprintf.o)
 .bss           0x0203a9d4        0x0 c:/devkitpro/devkitarm/bin/../lib/gcc/arm-eabi/4.1.1/../../../../arm-eabi/lib/thumb\libg.a(lib_a-vfiscanf.o)
 .bss           0x0203a9d4        0x0 c:/devkitpro/devkitarm/bin/../lib/gcc/arm-eabi/4.1.1/../../../../arm-eabi/lib/thumb\libg.a(lib_a-wcrtomb.o)
 .bss           0x0203a9d4        0x0 c:/devkitpro/devkitarm/bin/../lib/gcc/arm-eabi/4.1.1/../../../../arm-eabi/lib/thumb\libg.a(lib_a-wcsrtombs.o)
 .bss           0x0203a9d4        0x0 c:/devkitpro/devkitarm/bin/../lib/gcc/arm-eabi/4.1.1/../../../../arm-eabi/lib/thumb\libg.a(lib_a-wctomb_r.o)
 .bss           0x0203a9d4        0x0 c:/devkitpro/devkitarm/bin/../lib/gcc/arm-eabi/4.1.1/../../../../arm-eabi/lib/thumb\libg.a(lib_a-wsetup.o)
 .bss           0x0203a9d4        0x0 c:/devkitpro/devkitarm/bin/../lib/gcc/arm-eabi/4.1.1/../../../../arm-eabi/lib/thumb\libg.a(lib_a-ctype_.o)
 .bss           0x0203a9d4        0x0 c:/devkitpro/devkitarm/bin/../lib/gcc/arm-eabi/4.1.1/../../../../arm-eabi/lib/thumb\libg.a(lib_a-fflush.o)
 .bss           0x0203a9d4        0x0 c:/devkitpro/devkitarm/bin/../lib/gcc/arm-eabi/4.1.1/../../../../arm-eabi/lib/thumb\libg.a(lib_a-findfp.o)
 .bss           0x0203a9d4        0x0 c:/devkitpro/devkitarm/bin/../lib/gcc/arm-eabi/4.1.1/../../../../arm-eabi/lib/thumb\libg.a(lib_a-fread.o)
 .bss           0x0203a9d4        0x0 c:/devkitpro/devkitarm/bin/../lib/gcc/arm-eabi/4.1.1/../../../../arm-eabi/lib/thumb\libg.a(lib_a-freer.o)
 .bss           0x0203a9d4        0x0 c:/devkitpro/devkitarm/bin/../lib/gcc/arm-eabi/4.1.1/../../../../arm-eabi/lib/thumb\libg.a(lib_a-fvwrite.o)
 .bss           0x0203a9d4        0x0 c:/devkitpro/devkitarm/bin/../lib/gcc/arm-eabi/4.1.1/../../../../arm-eabi/lib/thumb\libg.a(lib_a-fwalk.o)
 .bss           0x0203a9d4        0x0 c:/devkitpro/devkitarm/bin/../lib/gcc/arm-eabi/4.1.1/../../../../arm-eabi/lib/thumb\libg.a(lib_a-iswspace.o)
 .bss           0x0203a9d4        0xc c:/devkitpro/devkitarm/bin/../lib/gcc/arm-eabi/4.1.1/../../../../arm-eabi/lib/thumb\libg.a(lib_a-locale.o)
                0x0203a9d4                __nlocale_changed
                0x0203a9d8                __mlocale_changed
                0x0203a9dc                _PathLocale
 .bss           0x0203a9e0        0x0 c:/devkitpro/devkitarm/bin/../lib/gcc/arm-eabi/4.1.1/../../../../arm-eabi/lib/thumb\libg.a(lib_a-makebuf.o)
 .bss           0x0203a9e0        0x0 c:/devkitpro/devkitarm/bin/../lib/gcc/arm-eabi/4.1.1/../../../../arm-eabi/lib/thumb\libg.a(lib_a-malloc.o)
 .bss           0x0203a9e0       0x34 c:/devkitpro/devkitarm/bin/../lib/gcc/arm-eabi/4.1.1/../../../../arm-eabi/lib/thumb\libg.a(lib_a-mallocr.o)
                0x0203a9e0                __malloc_top_pad
                0x0203a9e4                __malloc_max_sbrked_mem
                0x0203a9ec                __malloc_current_mallinfo
                0x0203a9e8                __malloc_max_total_mem
 .bss           0x0203aa14        0x0 c:/devkitpro/devkitarm/bin/../lib/gcc/arm-eabi/4.1.1/../../../../arm-eabi/lib/thumb\libg.a(lib_a-mbrtowc.o)
 .bss           0x0203aa14        0x0 c:/devkitpro/devkitarm/bin/../lib/gcc/arm-eabi/4.1.1/../../../../arm-eabi/lib/thumb\libg.a(lib_a-mbtowc_r.o)
 .bss           0x0203aa14        0x0 c:/devkitpro/devkitarm/bin/../lib/gcc/arm-eabi/4.1.1/../../../../arm-eabi/lib/thumb\libg.a(lib_a-memchr.o)
 .bss           0x0203aa14        0x0 c:/devkitpro/devkitarm/bin/../lib/gcc/arm-eabi/4.1.1/../../../../arm-eabi/lib/thumb\libg.a(lib_a-memset.o)
 .bss           0x0203aa14        0x0 c:/devkitpro/devkitarm/bin/../lib/gcc/arm-eabi/4.1.1/../../../../arm-eabi/lib/thumb\libg.a(lib_a-mlock.o)
 .bss           0x0203aa14        0x0 c:/devkitpro/devkitarm/bin/../lib/gcc/arm-eabi/4.1.1/../../../../arm-eabi/lib/thumb\libg.a(lib_a-reallocr.o)
 .bss           0x0203aa14        0x0 c:/devkitpro/devkitarm/bin/../lib/gcc/arm-eabi/4.1.1/../../../../arm-eabi/lib/thumb\libg.a(lib_a-refill.o)
 .bss           0x0203aa14        0x0 c:/devkitpro/devkitarm/bin/../lib/gcc/arm-eabi/4.1.1/../../../../arm-eabi/lib/thumb\libg.a(lib_a-sbrkr.o)
 .bss           0x0203aa14        0x0 c:/devkitpro/devkitarm/bin/../lib/gcc/arm-eabi/4.1.1/../../../../arm-eabi/lib/thumb\libg.a(lib_a-sccl.o)
 .bss           0x0203aa14        0x0 c:/devkitpro/devkitarm/bin/../lib/gcc/arm-eabi/4.1.1/../../../../arm-eabi/lib/thumb\libg.a(lib_a-stdio.o)
 .bss           0x0203aa14        0x0 c:/devkitpro/devkitarm/bin/../lib/gcc/arm-eabi/4.1.1/../../../../arm-eabi/lib/thumb\libg.a(lib_a-strcmp.o)
 .bss           0x0203aa14        0x0 c:/devkitpro/devkitarm/bin/../lib/gcc/arm-eabi/4.1.1/../../../../arm-eabi/lib/thumb\libg.a(lib_a-strtol.o)
 .bss           0x0203aa14        0x0 c:/devkitpro/devkitarm/bin/../lib/gcc/arm-eabi/4.1.1/../../../../arm-eabi/lib/thumb\libg.a(lib_a-strtoul.o)
 .bss           0x0203aa14        0x0 c:/devkitpro/devkitarm/bin/../lib/gcc/arm-eabi/4.1.1/../../../../arm-eabi/lib/thumb\libg.a(lib_a-ungetc.o)
 .bss           0x0203aa14        0x0 c:/devkitpro/devkitarm/bin/../lib/gcc/arm-eabi/4.1.1/../../../../arm-eabi/lib/thumb\libg.a(lib_a-writer.o)
 .bss           0x0203aa14        0x0 c:/devkitpro/devkitarm/bin/../lib/gcc/arm-eabi/4.1.1/../../../../arm-eabi/lib/thumb\libg.a(lib_a-closer.o)
 .bss           0x0203aa14        0x0 c:/devkitpro/devkitarm/bin/../lib/gcc/arm-eabi/4.1.1/../../../../arm-eabi/lib/thumb\libg.a(lib_a-fclose.o)
 .bss           0x0203aa14        0x0 c:/devkitpro/devkitarm/bin/../lib/gcc/arm-eabi/4.1.1/../../../../arm-eabi/lib/thumb\libg.a(lib_a-fstatr.o)
 .bss           0x0203aa14        0x0 c:/devkitpro/devkitarm/bin/../lib/gcc/arm-eabi/4.1.1/../../../../arm-eabi/lib/thumb\libg.a(lib_a-lseekr.o)
 .bss           0x0203aa14        0x0 c:/devkitpro/devkitarm/bin/../lib/gcc/arm-eabi/4.1.1/../../../../arm-eabi/lib/thumb\libg.a(lib_a-readr.o)
 .bss           0x0203aa14        0x0 c:/devkitpro/devkitarm/bin/../lib/gcc/arm-eabi/4.1.1/../../../../arm-eabi/lib/thumb\libg.a(lib_a-reent.o)
 .bss           0x0203aa14        0x0 c:/devkitpro/devkitarm/bin/../lib/gcc/arm-eabi/4.1.1/../../../../arm-eabi/lib/thumb\libsysbase.a(iosupport.o)
 .bss           0x0203aa14        0x0 c:/devkitpro/devkitarm/bin/../lib/gcc/arm-eabi/4.1.1/../../../../arm-eabi/lib/thumb\libsysbase.a(close.o)
 .bss           0x0203aa14        0x0 c:/devkitpro/devkitarm/bin/../lib/gcc/arm-eabi/4.1.1/../../../../arm-eabi/lib/thumb\libsysbase.a(fstat.o)
 .bss           0x0203aa14        0x0 c:/devkitpro/devkitarm/bin/../lib/gcc/arm-eabi/4.1.1/../../../../arm-eabi/lib/thumb\libsysbase.a(isatty.o)
 .bss           0x0203aa14        0x0 c:/devkitpro/devkitarm/bin/../lib/gcc/arm-eabi/4.1.1/../../../../arm-eabi/lib/thumb\libsysbase.a(lseek.o)
 .bss           0x0203aa14        0x0 c:/devkitpro/devkitarm/bin/../lib/gcc/arm-eabi/4.1.1/../../../../arm-eabi/lib/thumb\libsysbase.a(read.o)